Archive member included to satisfy reference by file (symbol)

/home/alarm/Downloads/RISC-V/MRS240/MRS-linux-x64/resources/app/resources/linux/components/WCH/Toolchain/RISC-V Embedded GCC12/bin/../lib/gcc/riscv-wch-elf/12.2.0/../../../../riscv-wch-elf/lib/libm_nano.a(lib_a-sf_lround.o)
                              ./User/main.o (lroundf)
/home/alarm/Downloads/RISC-V/MRS240/MRS-linux-x64/resources/app/resources/linux/components/WCH/Toolchain/RISC-V Embedded GCC12/bin/../lib/gcc/riscv-wch-elf/12.2.0/libgcc.a(_bswapsi2.o)
                              ./User/fmram.o (__bswapsi2)
/home/alarm/Downloads/RISC-V/MRS240/MRS-linux-x64/resources/app/resources/linux/components/WCH/Toolchain/RISC-V Embedded GCC12/bin/../lib/gcc/riscv-wch-elf/12.2.0/libgcc.a(adddf3.o)
                              ./User/i2c.o (__adddf3)
/home/alarm/Downloads/RISC-V/MRS240/MRS-linux-x64/resources/app/resources/linux/components/WCH/Toolchain/RISC-V Embedded GCC12/bin/../lib/gcc/riscv-wch-elf/12.2.0/libgcc.a(divdf3.o)
                              ./User/i2c.o (__divdf3)
/home/alarm/Downloads/RISC-V/MRS240/MRS-linux-x64/resources/app/resources/linux/components/WCH/Toolchain/RISC-V Embedded GCC12/bin/../lib/gcc/riscv-wch-elf/12.2.0/libgcc.a(eqdf2.o)
                              ./User/i2c.o (__eqdf2)
/home/alarm/Downloads/RISC-V/MRS240/MRS-linux-x64/resources/app/resources/linux/components/WCH/Toolchain/RISC-V Embedded GCC12/bin/../lib/gcc/riscv-wch-elf/12.2.0/libgcc.a(gedf2.o)
                              ./User/i2c.o (__gtdf2)
/home/alarm/Downloads/RISC-V/MRS240/MRS-linux-x64/resources/app/resources/linux/components/WCH/Toolchain/RISC-V Embedded GCC12/bin/../lib/gcc/riscv-wch-elf/12.2.0/libgcc.a(ledf2.o)
                              ./User/i2c.o (__ltdf2)
/home/alarm/Downloads/RISC-V/MRS240/MRS-linux-x64/resources/app/resources/linux/components/WCH/Toolchain/RISC-V Embedded GCC12/bin/../lib/gcc/riscv-wch-elf/12.2.0/libgcc.a(muldf3.o)
                              ./User/i2c.o (__muldf3)
/home/alarm/Downloads/RISC-V/MRS240/MRS-linux-x64/resources/app/resources/linux/components/WCH/Toolchain/RISC-V Embedded GCC12/bin/../lib/gcc/riscv-wch-elf/12.2.0/libgcc.a(subdf3.o)
                              ./User/i2c.o (__subdf3)
/home/alarm/Downloads/RISC-V/MRS240/MRS-linux-x64/resources/app/resources/linux/components/WCH/Toolchain/RISC-V Embedded GCC12/bin/../lib/gcc/riscv-wch-elf/12.2.0/libgcc.a(fixdfsi.o)
                              ./User/i2c.o (__fixdfsi)
/home/alarm/Downloads/RISC-V/MRS240/MRS-linux-x64/resources/app/resources/linux/components/WCH/Toolchain/RISC-V Embedded GCC12/bin/../lib/gcc/riscv-wch-elf/12.2.0/libgcc.a(floatsidf.o)
                              ./User/i2c.o (__floatsidf)
/home/alarm/Downloads/RISC-V/MRS240/MRS-linux-x64/resources/app/resources/linux/components/WCH/Toolchain/RISC-V Embedded GCC12/bin/../lib/gcc/riscv-wch-elf/12.2.0/libgcc.a(floatunsidf.o)
                              ./User/i2c.o (__floatunsidf)
/home/alarm/Downloads/RISC-V/MRS240/MRS-linux-x64/resources/app/resources/linux/components/WCH/Toolchain/RISC-V Embedded GCC12/bin/../lib/gcc/riscv-wch-elf/12.2.0/libgcc.a(fixsfsi.o)
                              /home/alarm/Downloads/RISC-V/MRS240/MRS-linux-x64/resources/app/resources/linux/components/WCH/Toolchain/RISC-V Embedded GCC12/bin/../lib/gcc/riscv-wch-elf/12.2.0/../../../../riscv-wch-elf/lib/libm_nano.a(lib_a-sf_lround.o) (__fixsfsi)
/home/alarm/Downloads/RISC-V/MRS240/MRS-linux-x64/resources/app/resources/linux/components/WCH/Toolchain/RISC-V Embedded GCC12/bin/../lib/gcc/riscv-wch-elf/12.2.0/libgcc.a(truncdfsf2.o)
                              ./User/i2c.o (__truncdfsf2)
/home/alarm/Downloads/RISC-V/MRS240/MRS-linux-x64/resources/app/resources/linux/components/WCH/Toolchain/RISC-V Embedded GCC12/bin/../lib/gcc/riscv-wch-elf/12.2.0/libgcc.a(save-restore.o)
                              ./User/i2c.o (__riscv_save_12)
/home/alarm/Downloads/RISC-V/MRS240/MRS-linux-x64/resources/app/resources/linux/components/WCH/Toolchain/RISC-V Embedded GCC12/bin/../lib/gcc/riscv-wch-elf/12.2.0/libgcc.a(_clzsi2.o)
                              /home/alarm/Downloads/RISC-V/MRS240/MRS-linux-x64/resources/app/resources/linux/components/WCH/Toolchain/RISC-V Embedded GCC12/bin/../lib/gcc/riscv-wch-elf/12.2.0/libgcc.a(adddf3.o) (__clzsi2)
/home/alarm/Downloads/RISC-V/MRS240/MRS-linux-x64/resources/app/resources/linux/components/WCH/Toolchain/RISC-V Embedded GCC12/bin/../lib/gcc/riscv-wch-elf/12.2.0/libgcc.a(_clz.o)
                              /home/alarm/Downloads/RISC-V/MRS240/MRS-linux-x64/resources/app/resources/linux/components/WCH/Toolchain/RISC-V Embedded GCC12/bin/../lib/gcc/riscv-wch-elf/12.2.0/libgcc.a(_clzsi2.o) (__clz_tab)
/home/alarm/Downloads/RISC-V/MRS240/MRS-linux-x64/resources/app/resources/linux/components/WCH/Toolchain/RISC-V Embedded GCC12/bin/../lib/gcc/riscv-wch-elf/12.2.0/../../../../riscv-wch-elf/lib/libg_nano.a(lib_a-atol.o)
                              ./User/main.o (atol)
[...]
Memory Configuration

Name             Origin             Length             Attributes
FLASH            0x0000000000000000 0x0000000000020000 xr
RAM              0x0000000020000000 0x0000000000008000 xrw
*default*        0x0000000000000000 0xffffffffffffffff

Linker script and memory map

LOAD ./User/ch32v30x_it.o
LOAD ./User/fmram.o
LOAD ./User/fonts.o
LOAD ./User/func.o
LOAD ./User/i2c.o
LOAD ./User/lcd.o
LOAD ./User/main.o
LOAD ./User/rtc.o
LOAD ./User/system_ch32v30x.o
LOAD ./Startup/startup_ch32v30x_D8C.o
LOAD ./Peripheral/src/ch32v30x_adc.o
LOAD ./Peripheral/src/ch32v30x_bkp.o
LOAD ./Peripheral/src/ch32v30x_can.o
LOAD ./Peripheral/src/ch32v30x_crc.o
LOAD ./Peripheral/src/ch32v30x_dac.o
LOAD ./Peripheral/src/ch32v30x_dbgmcu.o
LOAD ./Peripheral/src/ch32v30x_dma.o
LOAD ./Peripheral/src/ch32v30x_dvp.o
LOAD ./Peripheral/src/ch32v30x_eth.o
LOAD ./Peripheral/src/ch32v30x_exti.o
LOAD ./Peripheral/src/ch32v30x_flash.o
LOAD ./Peripheral/src/ch32v30x_fsmc.o
LOAD ./Peripheral/src/ch32v30x_gpio.o
LOAD ./Peripheral/src/ch32v30x_i2c.o
LOAD ./Peripheral/src/ch32v30x_iwdg.o
LOAD ./Peripheral/src/ch32v30x_misc.o
LOAD ./Peripheral/src/ch32v30x_opa.o
LOAD ./Peripheral/src/ch32v30x_pwr.o
LOAD ./Peripheral/src/ch32v30x_rcc.o
LOAD ./Peripheral/src/ch32v30x_rng.o
LOAD ./Peripheral/src/ch32v30x_rtc.o
LOAD ./Peripheral/src/ch32v30x_sdio.o
LOAD ./Peripheral/src/ch32v30x_spi.o
LOAD ./Peripheral/src/ch32v30x_tim.o
LOAD ./Peripheral/src/ch32v30x_usart.o
LOAD ./Peripheral/src/ch32v30x_wwdg.o
LOAD ./Debug/debug.o
LOAD ./Core/core_riscv.o
LOAD /home/alarm/Downloads/RISC-V/MRS240/MRS-linux-x64/resources/app/resources/linux/components/WCH/Toolchain/RISC-V Embedded GCC12/bin/../lib/gcc/riscv-wch-elf/12.2.0/../../../../riscv-wch-elf/lib/libm_nano.a
LOAD /home/alarm/Downloads/RISC-V/MRS240/MRS-linux-x64/resources/app/resources/linux/components/WCH/Toolchain/RISC-V Embedded GCC12/bin/../lib/gcc/riscv-wch-elf/12.2.0/libgcc.a
LOAD /home/alarm/Downloads/RISC-V/MRS240/MRS-linux-x64/resources/app/resources/linux/components/WCH/Toolchain/RISC-V Embedded GCC12/bin/../lib/gcc/riscv-wch-elf/12.2.0/../../../../riscv-wch-elf/lib/libg_nano.a
LOAD /home/alarm/Downloads/RISC-V/MRS240/MRS-linux-x64/resources/app/resources/linux/components/WCH/Toolchain/RISC-V Embedded GCC12/bin/../lib/gcc/riscv-wch-elf/12.2.0/../../../../riscv-wch-elf/lib/libc_nano.a
LOAD /home/alarm/Downloads/RISC-V/MRS240/MRS-linux-x64/resources/app/resources/linux/components/WCH/Toolchain/RISC-V Embedded GCC12/bin/../lib/gcc/riscv-wch-elf/12.2.0/libgcc.a
START GROUP
LOAD /home/alarm/Downloads/RISC-V/MRS240/MRS-linux-x64/resources/app/resources/linux/components/WCH/Toolchain/RISC-V Embedded GCC12/bin/../lib/gcc/riscv-wch-elf/12.2.0/libgcc.a
LOAD /home/alarm/Downloads/RISC-V/MRS240/MRS-linux-x64/resources/app/resources/linux/components/WCH/Toolchain/RISC-V Embedded GCC12/bin/../lib/gcc/riscv-wch-elf/12.2.0/../../../../riscv-wch-elf/lib/libc_nano.a
LOAD /home/alarm/Downloads/RISC-V/MRS240/MRS-linux-x64/resources/app/resources/linux/components/WCH/Toolchain/RISC-V Embedded GCC12/bin/../lib/gcc/riscv-wch-elf/12.2.0/../../../../riscv-wch-elf/lib/libnosys.a
END GROUP
START GROUP
LOAD /home/alarm/Downloads/RISC-V/MRS240/MRS-linux-x64/resources/app/resources/linux/components/WCH/Toolchain/RISC-V Embedded GCC12/bin/../lib/gcc/riscv-wch-elf/12.2.0/libgcc.a
LOAD /home/alarm/Downloads/RISC-V/MRS240/MRS-linux-x64/resources/app/resources/linux/components/WCH/Toolchain/RISC-V Embedded GCC12/bin/../lib/gcc/riscv-wch-elf/12.2.0/../../../../riscv-wch-elf/lib/libc_nano.a
LOAD /home/alarm/Downloads/RISC-V/MRS240/MRS-linux-x64/resources/app/resources/linux/components/WCH/Toolchain/RISC-V Embedded GCC12/bin/../lib/gcc/riscv-wch-elf/12.2.0/../../../../riscv-wch-elf/lib/libnosys.a
END GROUP
                0x0000000000000800                __stack_size = 0x800
                [!provide]                        PROVIDE (_stack_size = __stack_size)

.init           0x0000000000000000        0x4
                0x0000000000000000                _sinit = .
                0x0000000000000000                . = ALIGN (0x4)
 *(SORT_NONE(.init))
 .init          0x0000000000000000        0x4 ./Startup/startup_ch32v30x_D8C.o
                0x0000000000000000                _start
                0x0000000000000004                . = ALIGN (0x4)
                0x0000000000000004                _einit = .

.vector         0x0000000000000004      0x1bc
 *(.vector)
 .vector        0x0000000000000004      0x1a0 ./Startup/startup_ch32v30x_D8C.o
                0x00000000000001c0                . = ALIGN (0x40)
 *fill*         0x00000000000001a4       0x1c 

.text           0x00000000000001c0     0xa0e0
                0x00000000000001c0                . = ALIGN (0x4)
 *(.text)
 .text          0x00000000000001c0       0x60 /home/alarm/Downloads/RISC-V/MRS240/MRS-linux-x64/resources/app/resources/linux/components/WCH/Toolchain/RISC-V Embedded GCC12/bin/../lib/gcc/riscv-wch-elf/12.2.0/libgcc.a(save-restore.o)
                0x00000000000001c0                __riscv_save_12
                0x00000000000001c8                __riscv_save_8
                0x00000000000001c8                __riscv_save_11
                0x00000000000001c8                __riscv_save_9
                0x00000000000001c8                __riscv_save_10
                0x00000000000001d6                __riscv_save_7
                0x00000000000001d6                __riscv_save_4
                0x00000000000001d6                __riscv_save_6
                0x00000000000001d6                __riscv_save_5
                0x00000000000001f0                __riscv_save_1
                0x00000000000001f0                __riscv_save_3
                0x00000000000001f0                __riscv_save_2
                0x00000000000001f0                __riscv_save_0
                0x00000000000001fc                __riscv_restore_12
                0x0000000000000200                __riscv_restore_10
                0x0000000000000200                __riscv_restore_11
                0x0000000000000200                __riscv_restore_8
                0x0000000000000200                __riscv_restore_9
                0x000000000000020a                __riscv_restore_5
                0x000000000000020a                __riscv_restore_6
                0x000000000000020a                __riscv_restore_4
                0x000000000000020a                __riscv_restore_7
                0x0000000000000214                __riscv_restore_3
                0x0000000000000214                __riscv_restore_2
                0x0000000000000214                __riscv_restore_0
                0x0000000000000214                __riscv_restore_1
 .text          0x0000000000000220       0x16 /home/alarm/Downloads/RISC-V/MRS240/MRS-linux-x64/resources/app/resources/linux/components/WCH/Toolchain/RISC-V Embedded GCC12/bin/../lib/gcc/riscv-wch-elf/12.2.0/../../../../riscv-wch-elf/lib/libg_nano.a(lib_a-memcpy-asm.o)
                0x0000000000000220                memcpy
 .text          0x0000000000000236       0x26 /home/alarm/Downloads/RISC-V/MRS240/MRS-linux-x64/resources/app/resources/linux/components/WCH/Toolchain/RISC-V Embedded GCC12/bin/../lib/gcc/riscv-wch-elf/12.2.0/../../../../riscv-wch-elf/lib/libg_nano.a(lib_a-memmove.o)
                0x0000000000000236                memmove
 .text          0x000000000000025c       0x10 /home/alarm/Downloads/RISC-V/MRS240/MRS-linux-x64/resources/app/resources/linux/components/WCH/Toolchain/RISC-V Embedded GCC12/bin/../lib/gcc/riscv-wch-elf/12.2.0/../../../../riscv-wch-elf/lib/libg_nano.a(lib_a-memset.o)
                0x000000000000025c                memset
 *(.text.*)
 .text.NMI_Handler
                0x000000000000026c        0x2 ./User/ch32v30x_it.o
                0x000000000000026c                NMI_Handler
 .text.HardFault_Handler
                0x000000000000026e       0x7a ./User/ch32v30x_it.o
                0x000000000000026e                HardFault_Handler
 .text.SPI_Flash_Init
                0x00000000000002e8       0xc2 ./User/fmram.o
                0x00000000000002e8                SPI_Flash_Init
 .text.SPI_WriteRead
                0x00000000000003aa       0x36 ./User/fmram.o
                0x00000000000003aa                SPI_WriteRead
 .text.SPI_Flash_ReadSR
                0x00000000000003e0       0x30 ./User/fmram.o
                0x00000000000003e0                SPI_Flash_ReadSR
 .text.SPI_Flash_Wait_Busy
                0x0000000000000410        0xc ./User/fmram.o
                0x0000000000000410                SPI_Flash_Wait_Busy
 .text.SPI_Flash_WriteEn
                0x000000000000041c       0x26 ./User/fmram.o
                0x000000000000041c                SPI_Flash_WriteEn
 .text.SPI_Flash_ReadID
                0x0000000000000442       0x62 ./User/fmram.o
                0x0000000000000442                SPI_Flash_ReadID
 .text.SPI_Flash_Read
                0x00000000000004a4       0x64 ./User/fmram.o
                0x00000000000004a4                SPI_Flash_Read
 .text.SPI_Flash_Write
                0x0000000000000508       0x66 ./User/fmram.o
                0x0000000000000508                SPI_Flash_Write
 .text.get_crcFMRAM
                0x000000000000056e       0x96 ./User/fmram.o
                0x000000000000056e                get_crcFMRAM
 .text.checkPicInFMRAM
                0x0000000000000604       0x36 ./User/fmram.o
                0x0000000000000604                checkPicInFMRAM
 .text.ks32     0x000000000000063a       0x30 ./User/func.o
                0x000000000000063a                ks32
 .text.initEvt  0x000000000000066a       0x32 ./User/func.o
                0x000000000000066a                initEvt
 .text.putEvt   0x000000000000069c       0x54 ./User/func.o
                0x000000000000069c                putEvt
 .text.getEvt   0x00000000000006f0       0x4e ./User/func.o
                0x00000000000006f0                getEvt
 .text.putPrnEvt
                0x000000000000073e       0x58 ./User/func.o
                0x000000000000073e                putPrnEvt
 .text.floatPart
                0x0000000000000796       0x22 ./User/func.o
                0x0000000000000796                floatPart
 .text.get_sec  0x00000000000007b8        0x8 ./User/func.o
                0x00000000000007b8                get_sec
 .text.calcTime
                0x00000000000007c0       0x38 ./User/func.o
                0x00000000000007c0                calcTime
 .text.getMS    0x00000000000007f8        0x8 ./User/func.o
                0x00000000000007f8                getMS
 .text.checkMS  0x0000000000000800        0xe ./User/func.o
                0x0000000000000800                checkMS
 .text.Delay_MS
                0x000000000000080e       0x10 ./User/func.o
                0x000000000000080e                Delay_MS
 .text.GPIOx_init
                0x000000000000081e       0x34 ./User/func.o
                0x000000000000081e                GPIOx_init
 .text.TIM1_UP_IRQHandler
                0x0000000000000852      0x122 ./User/func.o
                0x0000000000000852                TIM1_UP_IRQHandler
 .text.TIM1_Init
                0x0000000000000974       0x86 ./User/func.o
                0x0000000000000974                TIM1_Init
 .text.ChipName
                0x00000000000009fa      0x15c ./User/func.o
                0x00000000000009fa                ChipName
 .text.help     0x0000000000000b56        0xa ./User/func.o
                0x0000000000000b56                help
 .text.ADC_Function_Init
                0x0000000000000b60       0xdc ./User/func.o
                0x0000000000000b60                ADC_Function_Init
 .text.Get_ADC_Val
                0x0000000000000c3c       0x3a ./User/func.o
                0x0000000000000c3c                Get_ADC_Val
 .text.Get_ADC_Average
                0x0000000000000c76       0x72 ./User/func.o
                0x0000000000000c76                Get_ADC_Average
 .text.Get_ConversionVal
                0x0000000000000ce8       0x2c ./User/func.o
                0x0000000000000ce8                Get_ConversionVal
 .text.fmramName
                0x0000000000000d14       0x52 ./User/func.o
                0x0000000000000d14                fmramName
 .text.prn_msg  0x0000000000000d66      0x1e8 ./User/func.o
                0x0000000000000d66                prn_msg
 .text.prnBuffer
                0x0000000000000f4e       0xac ./User/func.o
                0x0000000000000f4e                prnBuffer
 .text.IIC_Init
                0x0000000000000ffa       0x9a ./User/i2c.o
                0x0000000000000ffa                IIC_Init
 .text.i2c_ReadBytes
                0x0000000000001094       0xf4 ./User/i2c.o
                0x0000000000001094                i2c_ReadBytes
 .text.i2c_WriteBytes
                0x0000000000001188       0xca ./User/i2c.o
                0x0000000000001188                i2c_WriteBytes
 .text.i2c_master_reset_sensor
                0x0000000000001252       0x3a ./User/i2c.o
                0x0000000000001252                i2c_master_reset_sensor
 .text.i2c_master_read_sensor
                0x000000000000128c       0x26 ./User/i2c.o
                0x000000000000128c                i2c_master_read_sensor
 .text.i2c_master_test_sensor
                0x00000000000012b2       0x52 ./User/i2c.o
                0x00000000000012b2                i2c_master_test_sensor
 .text.bmx280_readCalibrationData
                0x0000000000001304       0xa4 ./User/i2c.o
                0x0000000000001304                bmx280_readCalibrationData
 .text.bmx280_CalcAll
                0x00000000000013a8      0x4f2 ./User/i2c.o
                0x00000000000013a8                bmx280_CalcAll
 .text.LCD_Write_Bus
                0x000000000000189a       0x42 ./User/lcd.o
                0x000000000000189a                LCD_Write_Bus
 .text.LCD_WR_DATAS
                0x00000000000018dc       0x30 ./User/lcd.o
                0x00000000000018dc                LCD_WR_DATAS
 .text.LCD_WR_DATA
                0x000000000000190c       0x14 ./User/lcd.o
                0x000000000000190c                LCD_WR_DATA
 .text.LCD_WR_REG
                0x0000000000001920       0x2a ./User/lcd.o
                0x0000000000001920                LCD_WR_REG
 .text.LCD_Address_Set
                0x000000000000194a       0x32 ./User/lcd.o
                0x000000000000194a                LCD_Address_Set
 .text.lcd_gpio_init
                0x000000000000197c       0xb4 ./User/lcd.o
                0x000000000000197c                lcd_gpio_init
 .text.LCD_Fill_Fast
                0x0000000000001a30       0x88 ./User/lcd.o
                0x0000000000001a30                LCD_Fill_Fast
 .text.mkLineCenter
                0x0000000000001ab8       0x6c ./User/lcd.o
                0x0000000000001ab8                mkLineCenter
 .text.LCD_WriteChar
                0x0000000000001b24       0xae ./User/lcd.o
                0x0000000000001b24                LCD_WriteChar
 .text.LCD_WriteString
                0x0000000000001bd2       0x82 ./User/lcd.o
                0x0000000000001bd2                LCD_WriteString
 .text.LCD_ShowPicture_FMRAM
                0x0000000000001c54       0xb8 ./User/lcd.o
                0x0000000000001c54                LCD_ShowPicture_FMRAM
 .text.lcd_init
                0x0000000000001d0c      0x184 ./User/lcd.o
                0x0000000000001d0c                lcd_init
 .text.LCD_OFF  0x0000000000001e90        0x8 ./User/lcd.o
                0x0000000000001e90                LCD_OFF
 .text.startup.main
                0x0000000000001e98      0x860 ./User/main.o
                0x0000000000001e98                main
 .text.Is_Leap_Year
                0x00000000000026f8       0x26 ./User/rtc.o
                0x00000000000026f8                Is_Leap_Year
 .text.RTC_Get_Week
                0x000000000000271e       0x52 ./User/rtc.o
                0x000000000000271e                RTC_Get_Week
 .text.RTC_Get  0x0000000000002770       0xf8 ./User/rtc.o
                0x0000000000002770                RTC_Get
 .text.RTC_Init
                0x0000000000002868       0xba ./User/rtc.o
                0x0000000000002868                RTC_Init
 .text.RTC_IRQHandler
                0x0000000000002922       0x9e ./User/rtc.o
                0x0000000000002922                RTC_IRQHandler
 .text.SystemInit
                0x00000000000029c0       0xf8 ./User/system_ch32v30x.o
                0x00000000000029c0                SystemInit
 .text.SystemCoreClockUpdate
                0x0000000000002ab8      0x114 ./User/system_ch32v30x.o
                0x0000000000002ab8                SystemCoreClockUpdate
 .text.vector_handler
                0x0000000000002bcc        0x2 ./Startup/startup_ch32v30x_D8C.o
                0x0000000000002bcc                EXTI2_IRQHandler
                0x0000000000002bcc                TIM8_TRG_COM_IRQHandler
                0x0000000000002bcc                TIM8_CC_IRQHandler
                0x0000000000002bcc                UART8_IRQHandler
                0x0000000000002bcc                TIM1_CC_IRQHandler
                0x0000000000002bcc                TIM6_IRQHandler
                0x0000000000002bcc                SysTick_Handler
                0x0000000000002bcc                PVD_IRQHandler
                0x0000000000002bcc                SDIO_IRQHandler
                0x0000000000002bcc                TIM9_BRK_IRQHandler
                0x0000000000002bcc                DMA2_Channel8_IRQHandler
                0x0000000000002bcc                CAN2_RX1_IRQHandler
                0x0000000000002bcc                EXTI3_IRQHandler
                0x0000000000002bcc                USBHS_IRQHandler
                0x0000000000002bcc                DMA2_Channel9_IRQHandler
                0x0000000000002bcc                TIM10_CC_IRQHandler
                0x0000000000002bcc                USBFS_IRQHandler
                0x0000000000002bcc                EXTI0_IRQHandler
                0x0000000000002bcc                I2C2_EV_IRQHandler
                0x0000000000002bcc                TIM10_TRG_COM_IRQHandler
                0x0000000000002bcc                CAN2_SCE_IRQHandler
                0x0000000000002bcc                ADC1_2_IRQHandler
                0x0000000000002bcc                Break_Point_Handler
                0x0000000000002bcc                SPI1_IRQHandler
                0x0000000000002bcc                TAMPER_IRQHandler
                0x0000000000002bcc                CAN2_RX0_IRQHandler
                0x0000000000002bcc                TIM8_UP_IRQHandler
                0x0000000000002bcc                Ecall_M_Mode_Handler
                0x0000000000002bcc                DMA2_Channel2_IRQHandler
                0x0000000000002bcc                DMA1_Channel4_IRQHandler
                0x0000000000002bcc                TIM9_UP_IRQHandler
                0x0000000000002bcc                USART3_IRQHandler
                0x0000000000002bcc                DMA1_Channel7_IRQHandler
                0x0000000000002bcc                CAN1_RX1_IRQHandler
                0x0000000000002bcc                DVP_IRQHandler
                0x0000000000002bcc                UART5_IRQHandler
                0x0000000000002bcc                TIM4_IRQHandler
                0x0000000000002bcc                DMA2_Channel1_IRQHandler
                0x0000000000002bcc                I2C1_EV_IRQHandler
                0x0000000000002bcc                DMA1_Channel6_IRQHandler
                0x0000000000002bcc                UART4_IRQHandler
                0x0000000000002bcc                DMA2_Channel4_IRQHandler
                0x0000000000002bcc                TIM3_IRQHandler
                0x0000000000002bcc                RCC_IRQHandler
                0x0000000000002bcc                TIM1_TRG_COM_IRQHandler
                0x0000000000002bcc                DMA1_Channel1_IRQHandler
                0x0000000000002bcc                DMA2_Channel7_IRQHandler
                0x0000000000002bcc                EXTI15_10_IRQHandler
                0x0000000000002bcc                TIM7_IRQHandler
                0x0000000000002bcc                CAN2_TX_IRQHandler
                0x0000000000002bcc                TIM5_IRQHandler
                0x0000000000002bcc                EXTI9_5_IRQHandler
                0x0000000000002bcc                ETH_WKUP_IRQHandler
                0x0000000000002bcc                SPI2_IRQHandler
                0x0000000000002bcc                TIM10_BRK_IRQHandler
                0x0000000000002bcc                TIM9_CC_IRQHandler
                0x0000000000002bcc                DMA2_Channel5_IRQHandler
                0x0000000000002bcc                DMA1_Channel5_IRQHandler
                0x0000000000002bcc                EXTI4_IRQHandler
                0x0000000000002bcc                USB_LP_CAN1_RX0_IRQHandler
                0x0000000000002bcc                RNG_IRQHandler
                0x0000000000002bcc                USB_HP_CAN1_TX_IRQHandler
                0x0000000000002bcc                DMA1_Channel3_IRQHandler
                0x0000000000002bcc                ETH_IRQHandler
                0x0000000000002bcc                WWDG_IRQHandler
                0x0000000000002bcc                USBHSWakeup_IRQHandler
                0x0000000000002bcc                DMA2_Channel11_IRQHandler
                0x0000000000002bcc                Ecall_U_Mode_Handler
                0x0000000000002bcc                DMA2_Channel6_IRQHandler
                0x0000000000002bcc                TIM2_IRQHandler
                0x0000000000002bcc                SW_Handler
                0x0000000000002bcc                TIM1_BRK_IRQHandler
                0x0000000000002bcc                DMA2_Channel10_IRQHandler
                0x0000000000002bcc                EXTI1_IRQHandler
                0x0000000000002bcc                RTCAlarm_IRQHandler
                0x0000000000002bcc                TIM10_UP_IRQHandler
                0x0000000000002bcc                TIM9_TRG_COM_IRQHandler
                0x0000000000002bcc                UART7_IRQHandler
                0x0000000000002bcc                USART2_IRQHandler
                0x0000000000002bcc                UART6_IRQHandler
                0x0000000000002bcc                I2C2_ER_IRQHandler
                0x0000000000002bcc                DMA1_Channel2_IRQHandler
                0x0000000000002bcc                TIM8_BRK_IRQHandler
                0x0000000000002bcc                CAN1_SCE_IRQHandler
                0x0000000000002bcc                FLASH_IRQHandler
                0x0000000000002bcc                SPI3_IRQHandler
                0x0000000000002bcc                I2C1_ER_IRQHandler
                0x0000000000002bcc                USBWakeUp_IRQHandler
                0x0000000000002bcc                DMA2_Channel3_IRQHandler
 .text.handle_reset
                0x0000000000002bce       0x88 ./Startup/startup_ch32v30x_D8C.o
                0x0000000000002bce                handle_reset
 .text.ADC_DeInit
                0x0000000000002c56       0x46 ./Peripheral/src/ch32v30x_adc.o
                0x0000000000002c56                ADC_DeInit
 .text.ADC_Init
                0x0000000000002c9c       0x56 ./Peripheral/src/ch32v30x_adc.o
                0x0000000000002c9c                ADC_Init
 .text.ADC_Cmd  0x0000000000002cf2       0x10 ./Peripheral/src/ch32v30x_adc.o
                0x0000000000002cf2                ADC_Cmd
 .text.ADC_ResetCalibration
                0x0000000000002d02        0xa ./Peripheral/src/ch32v30x_adc.o
                0x0000000000002d02                ADC_ResetCalibration
 .text.ADC_GetResetCalibrationStatus
                0x0000000000002d0c        0x8 ./Peripheral/src/ch32v30x_adc.o
                0x0000000000002d0c                ADC_GetResetCalibrationStatus
 .text.ADC_StartCalibration
                0x0000000000002d14        0xa ./Peripheral/src/ch32v30x_adc.o
                0x0000000000002d14                ADC_StartCalibration
 .text.ADC_GetCalibrationStatus
                0x0000000000002d1e        0x8 ./Peripheral/src/ch32v30x_adc.o
                0x0000000000002d1e                ADC_GetCalibrationStatus
 .text.ADC_SoftwareStartConvCmd
                0x0000000000002d26       0x18 ./Peripheral/src/ch32v30x_adc.o
                0x0000000000002d26                ADC_SoftwareStartConvCmd
 .text.ADC_RegularChannelConfig
                0x0000000000002d3e       0xb8 ./Peripheral/src/ch32v30x_adc.o
                0x0000000000002d3e                ADC_RegularChannelConfig
 .text.ADC_GetConversionValue
                0x0000000000002df6        0x8 ./Peripheral/src/ch32v30x_adc.o
                0x0000000000002df6                ADC_GetConversionValue
 .text.ADC_TempSensorVrefintCmd
                0x0000000000002dfe       0x20 ./Peripheral/src/ch32v30x_adc.o
                0x0000000000002dfe                ADC_TempSensorVrefintCmd
 .text.ADC_GetFlagStatus
                0x0000000000002e1e        0xc ./Peripheral/src/ch32v30x_adc.o
                0x0000000000002e1e                ADC_GetFlagStatus
 .text.TempSensor_Volt_To_Temper
                0x0000000000002e2a       0x34 ./Peripheral/src/ch32v30x_adc.o
                0x0000000000002e2a                TempSensor_Volt_To_Temper
 .text.ADC_BufferCmd
                0x0000000000002e5e       0x18 ./Peripheral/src/ch32v30x_adc.o
                0x0000000000002e5e                ADC_BufferCmd
 .text.Get_CalibrationValue
                0x0000000000002e76      0x14a ./Peripheral/src/ch32v30x_adc.o
                0x0000000000002e76                Get_CalibrationValue
 .text.BKP_DeInit
                0x0000000000002fc0       0x10 ./Peripheral/src/ch32v30x_bkp.o
                0x0000000000002fc0                BKP_DeInit
 .text.BKP_WriteBackupRegister
                0x0000000000002fd0       0x1c ./Peripheral/src/ch32v30x_bkp.o
                0x0000000000002fd0                BKP_WriteBackupRegister
 .text.DBGMCU_GetCHIPID
                0x0000000000002fec        0xa ./Peripheral/src/ch32v30x_dbgmcu.o
                0x0000000000002fec                DBGMCU_GetCHIPID
 .text.GPIO_Init
                0x0000000000002ff6       0xbc ./Peripheral/src/ch32v30x_gpio.o
                0x0000000000002ff6                GPIO_Init
 .text.GPIO_SetBits
                0x00000000000030b2        0x4 ./Peripheral/src/ch32v30x_gpio.o
                0x00000000000030b2                GPIO_SetBits
 .text.GPIO_ResetBits
                0x00000000000030b6        0x4 ./Peripheral/src/ch32v30x_gpio.o
                0x00000000000030b6                GPIO_ResetBits
 .text.GPIO_WriteBit
                0x00000000000030ba        0xa ./Peripheral/src/ch32v30x_gpio.o
                0x00000000000030ba                GPIO_WriteBit
 .text.GPIO_PinRemapConfig
                0x00000000000030c4       0xee ./Peripheral/src/ch32v30x_gpio.o
                0x00000000000030c4                GPIO_PinRemapConfig
 .text.I2C_Init
                0x00000000000031b2      0x100 ./Peripheral/src/ch32v30x_i2c.o
                0x00000000000031b2                I2C_Init
 .text.I2C_Cmd  0x00000000000032b2       0x18 ./Peripheral/src/ch32v30x_i2c.o
                0x00000000000032b2                I2C_Cmd
 .text.I2C_GenerateSTART
                0x00000000000032ca       0x1a ./Peripheral/src/ch32v30x_i2c.o
                0x00000000000032ca                I2C_GenerateSTART
 .text.I2C_GenerateSTOP
                0x00000000000032e4       0x1a ./Peripheral/src/ch32v30x_i2c.o
                0x00000000000032e4                I2C_GenerateSTOP
 .text.I2C_AcknowledgeConfig
                0x00000000000032fe       0x1a ./Peripheral/src/ch32v30x_i2c.o
                0x00000000000032fe                I2C_AcknowledgeConfig
 .text.I2C_SendData
                0x0000000000003318        0x4 ./Peripheral/src/ch32v30x_i2c.o
                0x0000000000003318                I2C_SendData
 .text.I2C_ReceiveData
                0x000000000000331c        0x8 ./Peripheral/src/ch32v30x_i2c.o
                0x000000000000331c                I2C_ReceiveData
 .text.I2C_Send7bitAddress
                0x0000000000003324        0xe ./Peripheral/src/ch32v30x_i2c.o
                0x0000000000003324                I2C_Send7bitAddress
 .text.I2C_CheckEvent
                0x0000000000003332       0x16 ./Peripheral/src/ch32v30x_i2c.o
                0x0000000000003332                I2C_CheckEvent
 .text.I2C_GetFlagStatus
                0x0000000000003348       0x32 ./Peripheral/src/ch32v30x_i2c.o
                0x0000000000003348                I2C_GetFlagStatus
 .text.NVIC_PriorityGroupConfig
                0x000000000000337a        0x6 ./Peripheral/src/ch32v30x_misc.o
                0x000000000000337a                NVIC_PriorityGroupConfig
 .text.NVIC_Init
                0x0000000000003380       0x5c ./Peripheral/src/ch32v30x_misc.o
                0x0000000000003380                NVIC_Init
 .text.PWR_BackupAccessCmd
                0x00000000000033dc       0x16 ./Peripheral/src/ch32v30x_pwr.o
                0x00000000000033dc                PWR_BackupAccessCmd
 .text.PWR_EnterSTANDBYMode
                0x00000000000033f2       0x30 ./Peripheral/src/ch32v30x_pwr.o
                0x00000000000033f2                PWR_EnterSTANDBYMode
 .text.RCC_ADCCLKConfig
                0x0000000000003422       0x12 ./Peripheral/src/ch32v30x_rcc.o
                0x0000000000003422                RCC_ADCCLKConfig
 .text.RCC_LSEConfig
                0x0000000000003434       0x28 ./Peripheral/src/ch32v30x_rcc.o
                0x0000000000003434                RCC_LSEConfig
 .text.RCC_RTCCLKConfig
                0x000000000000345c        0xc ./Peripheral/src/ch32v30x_rcc.o
                0x000000000000345c                RCC_RTCCLKConfig
 .text.RCC_RTCCLKCmd
                0x0000000000003468       0x20 ./Peripheral/src/ch32v30x_rcc.o
                0x0000000000003468                RCC_RTCCLKCmd
 .text.RCC_GetClocksFreq
                0x0000000000003488      0x158 ./Peripheral/src/ch32v30x_rcc.o
                0x0000000000003488                RCC_GetClocksFreq
 .text.RCC_APB2PeriphClockCmd
                0x00000000000035e0       0x1e ./Peripheral/src/ch32v30x_rcc.o
                0x00000000000035e0                RCC_APB2PeriphClockCmd
 .text.RCC_APB1PeriphClockCmd
                0x00000000000035fe       0x1e ./Peripheral/src/ch32v30x_rcc.o
                0x00000000000035fe                RCC_APB1PeriphClockCmd
 .text.RCC_APB2PeriphResetCmd
                0x000000000000361c       0x1e ./Peripheral/src/ch32v30x_rcc.o
                0x000000000000361c                RCC_APB2PeriphResetCmd
 .text.RCC_BackupResetCmd
                0x000000000000363a       0x20 ./Peripheral/src/ch32v30x_rcc.o
                0x000000000000363a                RCC_BackupResetCmd
 .text.RCC_GetFlagStatus
                0x000000000000365a       0x2e ./Peripheral/src/ch32v30x_rcc.o
                0x000000000000365a                RCC_GetFlagStatus
 .text.RTC_ITConfig
                0x0000000000003688       0x1a ./Peripheral/src/ch32v30x_rtc.o
                0x0000000000003688                RTC_ITConfig
 .text.RTC_EnterConfigMode
                0x00000000000036a2       0x12 ./Peripheral/src/ch32v30x_rtc.o
                0x00000000000036a2                RTC_EnterConfigMode
 .text.RTC_ExitConfigMode
                0x00000000000036b4       0x18 ./Peripheral/src/ch32v30x_rtc.o
                0x00000000000036b4                RTC_ExitConfigMode
 .text.RTC_GetCounter
                0x00000000000036cc       0x62 ./Peripheral/src/ch32v30x_rtc.o
                0x00000000000036cc                RTC_GetCounter
 .text.RTC_SetCounter
                0x000000000000372e       0x26 ./Peripheral/src/ch32v30x_rtc.o
                0x000000000000372e                RTC_SetCounter
 .text.RTC_SetPrescaler
                0x0000000000003754       0x28 ./Peripheral/src/ch32v30x_rtc.o
                0x0000000000003754                RTC_SetPrescaler
 .text.RTC_WaitForLastTask
                0x000000000000377c       0x12 ./Peripheral/src/ch32v30x_rtc.o
                0x000000000000377c                RTC_WaitForLastTask
 .text.RTC_WaitForSynchro
                0x000000000000378e       0x20 ./Peripheral/src/ch32v30x_rtc.o
                0x000000000000378e                RTC_WaitForSynchro
 .text.RTC_ClearFlag
                0x00000000000037ae       0x14 ./Peripheral/src/ch32v30x_rtc.o
                0x00000000000037ae                RTC_ClearFlag
 .text.RTC_GetITStatus
                0x00000000000037c2       0x20 ./Peripheral/src/ch32v30x_rtc.o
                0x00000000000037c2                RTC_GetITStatus
 .text.RTC_ClearITPendingBit
                0x00000000000037e2        0x4 ./Peripheral/src/ch32v30x_rtc.o
                0x00000000000037e2                RTC_ClearITPendingBit
 .text.SPI_Init
                0x00000000000037e6       0x3e ./Peripheral/src/ch32v30x_spi.o
                0x00000000000037e6                SPI_Init
 .text.SPI_Cmd  0x0000000000003824       0x1a ./Peripheral/src/ch32v30x_spi.o
                0x0000000000003824                SPI_Cmd
 .text.SPI_I2S_SendData
                0x000000000000383e        0x4 ./Peripheral/src/ch32v30x_spi.o
                0x000000000000383e                SPI_I2S_SendData
 .text.SPI_I2S_ReceiveData
                0x0000000000003842        0x4 ./Peripheral/src/ch32v30x_spi.o
                0x0000000000003842                SPI_I2S_ReceiveData
 .text.SPI_I2S_GetFlagStatus
                0x0000000000003846        0xa ./Peripheral/src/ch32v30x_spi.o
                0x0000000000003846                SPI_I2S_GetFlagStatus
 .text.TIM_TimeBaseInit
                0x0000000000003850      0x104 ./Peripheral/src/ch32v30x_tim.o
                0x0000000000003850                TIM_TimeBaseInit
 .text.TIM_GetITStatus
                0x0000000000003954       0x18 ./Peripheral/src/ch32v30x_tim.o
                0x0000000000003954                TIM_GetITStatus
 .text.TIM_ClearITPendingBit
                0x000000000000396c        0xc ./Peripheral/src/ch32v30x_tim.o
                0x000000000000396c                TIM_ClearITPendingBit
 .text.USART_Init
                0x0000000000003978       0x8e ./Peripheral/src/ch32v30x_usart.o
                0x0000000000003978                USART_Init
 .text.USART_Cmd
                0x0000000000003a06       0x14 ./Peripheral/src/ch32v30x_usart.o
                0x0000000000003a06                USART_Cmd
 .text.USART_ITConfig
                0x0000000000003a1a       0x38 ./Peripheral/src/ch32v30x_usart.o
                0x0000000000003a1a                USART_ITConfig
 .text.USART_SendData
                0x0000000000003a52        0x8 ./Peripheral/src/ch32v30x_usart.o
                0x0000000000003a52                USART_SendData
 .text.USART_ReceiveData
                0x0000000000003a5a        0x8 ./Peripheral/src/ch32v30x_usart.o
                0x0000000000003a5a                USART_ReceiveData
 .text.USART_GetFlagStatus
                0x0000000000003a62        0xa ./Peripheral/src/ch32v30x_usart.o
                0x0000000000003a62                USART_GetFlagStatus
 .text.USART_GetITStatus
                0x0000000000003a6c       0x3e ./Peripheral/src/ch32v30x_usart.o
                0x0000000000003a6c                USART_GetITStatus
 .text.Delay_Init
                0x0000000000003aaa       0x26 ./Debug/debug.o
                0x0000000000003aaa                Delay_Init
 .text.Delay_Us
                0x0000000000003ad0       0x36 ./Debug/debug.o
                0x0000000000003ad0                Delay_Us
 .text.Delay_Ms
                0x0000000000003b06       0x36 ./Debug/debug.o
                0x0000000000003b06                Delay_Ms
 .text.USART1_IRQHandler
                0x0000000000003b3c      0x112 ./Debug/debug.o
                0x0000000000003b3c                USART1_IRQHandler
 .text.USART_Printf_Init
                0x0000000000003c4e       0x90 ./Debug/debug.o
                0x0000000000003c4e                USART_Printf_Init
 .text._write   0x0000000000003cde       0x3a ./Debug/debug.o
                0x0000000000003cde                _write
 .text._sbrk    0x0000000000003d18       0x26 ./Debug/debug.o
                0x0000000000003d18                _sbrk
 .text.lroundf  0x0000000000003d3e       0x6e /home/alarm/Downloads/RISC-V/MRS240/MRS-linux-x64/resources/app/resources/linux/components/WCH/Toolchain/RISC-V Embedded GCC12/bin/../lib/gcc/riscv-wch-elf/12.2.0/../../../../riscv-wch-elf/lib/libm_nano.a(lib_a-sf_lround.o)
                0x0000000000003d3e                lroundf
 .text.__bswapsi2
                0x0000000000003dac       0x24 /home/alarm/Downloads/RISC-V/MRS240/MRS-linux-x64/resources/app/resources/linux/components/WCH/Toolchain/RISC-V Embedded GCC12/bin/../lib/gcc/riscv-wch-elf/12.2.0/libgcc.a(_bswapsi2.o)
                0x0000000000003dac                __bswapsi2
 .text.__adddf3
                0x0000000000003dd0      0x6e8 /home/alarm/Downloads/RISC-V/MRS240/MRS-linux-x64/resources/app/resources/linux/components/WCH/Toolchain/RISC-V Embedded GCC12/bin/../lib/gcc/riscv-wch-elf/12.2.0/libgcc.a(adddf3.o)
                0x0000000000003dd0                __adddf3
 .text.__divdf3
                0x00000000000044b8      0x5ae /home/alarm/Downloads/RISC-V/MRS240/MRS-linux-x64/resources/app/resources/linux/components/WCH/Toolchain/RISC-V Embedded GCC12/bin/../lib/gcc/riscv-wch-elf/12.2.0/libgcc.a(divdf3.o)
                0x00000000000044b8                __divdf3
 .text.__eqdf2  0x0000000000004a66       0x6c /home/alarm/Downloads/RISC-V/MRS240/MRS-linux-x64/resources/app/resources/linux/components/WCH/Toolchain/RISC-V Embedded GCC12/bin/../lib/gcc/riscv-wch-elf/12.2.0/libgcc.a(eqdf2.o)
                0x0000000000004a66                __eqdf2
                0x0000000000004a66                __nedf2
 .text.__gedf2  0x0000000000004ad2       0xbe /home/alarm/Downloads/RISC-V/MRS240/MRS-linux-x64/resources/app/resources/linux/components/WCH/Toolchain/RISC-V Embedded GCC12/bin/../lib/gcc/riscv-wch-elf/12.2.0/libgcc.a(gedf2.o)
                0x0000000000004ad2                __gtdf2
                0x0000000000004ad2                __gedf2
 .text.__ledf2  0x0000000000004b90       0xbc /home/alarm/Downloads/RISC-V/MRS240/MRS-linux-x64/resources/app/resources/linux/components/WCH/Toolchain/RISC-V Embedded GCC12/bin/../lib/gcc/riscv-wch-elf/12.2.0/libgcc.a(ledf2.o)
                0x0000000000004b90                __ltdf2
                0x0000000000004b90                __ledf2
 .text.__muldf3
                0x0000000000004c4c      0x54a /home/alarm/Downloads/RISC-V/MRS240/MRS-linux-x64/resources/app/resources/linux/components/WCH/Toolchain/RISC-V Embedded GCC12/bin/../lib/gcc/riscv-wch-elf/12.2.0/libgcc.a(muldf3.o)
                0x0000000000004c4c                __muldf3
 .text.__subdf3
                0x0000000000005196      0x734 /home/alarm/Downloads/RISC-V/MRS240/MRS-linux-x64/resources/app/resources/linux/components/WCH/Toolchain/RISC-V Embedded GCC12/bin/../lib/gcc/riscv-wch-elf/12.2.0/libgcc.a(subdf3.o)
                0x0000000000005196                __subdf3
 .text.__fixdfsi
                0x00000000000058ca       0x66 /home/alarm/Downloads/RISC-V/MRS240/MRS-linux-x64/resources/app/resources/linux/components/WCH/Toolchain/RISC-V Embedded GCC12/bin/../lib/gcc/riscv-wch-elf/12.2.0/libgcc.a(fixdfsi.o)
                0x00000000000058ca                __fixdfsi
 .text.__floatsidf
                0x0000000000005930       0x6e /home/alarm/Downloads/RISC-V/MRS240/MRS-linux-x64/resources/app/resources/linux/components/WCH/Toolchain/RISC-V Embedded GCC12/bin/../lib/gcc/riscv-wch-elf/12.2.0/libgcc.a(floatsidf.o)
                0x0000000000005930                __floatsidf
 .text.__floatunsidf
                0x000000000000599e       0x6e /home/alarm/Downloads/RISC-V/MRS240/MRS-linux-x64/resources/app/resources/linux/components/WCH/Toolchain/RISC-V Embedded GCC12/bin/../lib/gcc/riscv-wch-elf/12.2.0/libgcc.a(floatunsidf.o)
                0x000000000000599e                __floatunsidf
 .text.__fixsfsi
                0x0000000000005a0c       0x60 /home/alarm/Downloads/RISC-V/MRS240/MRS-linux-x64/resources/app/resources/linux/components/WCH/Toolchain/RISC-V Embedded GCC12/bin/../lib/gcc/riscv-wch-elf/12.2.0/libgcc.a(fixsfsi.o)
                0x0000000000005a0c                __fixsfsi
 .text.__truncdfsf2
                0x0000000000005a6c      0x16c /home/alarm/Downloads/RISC-V/MRS240/MRS-linux-x64/resources/app/resources/linux/components/WCH/Toolchain/RISC-V Embedded GCC12/bin/../lib/gcc/riscv-wch-elf/12.2.0/libgcc.a(truncdfsf2.o)
                0x0000000000005a6c                __truncdfsf2
 .text.__clzsi2
                0x0000000000005bd8       0x6e /home/alarm/Downloads/RISC-V/MRS240/MRS-linux-x64/resources/app/resources/linux/components/WCH/Toolchain/RISC-V Embedded GCC12/bin/../lib/gcc/riscv-wch-elf/12.2.0/libgcc.a(_clzsi2.o)
                0x0000000000005bd8                __clzsi2
 .text.atol     0x0000000000005c46        0x6 /home/alarm/Downloads/RISC-V/MRS240/MRS-linux-x64/resources/app/resources/linux/components/WCH/Toolchain/RISC-V Embedded GCC12/bin/../lib/gcc/riscv-wch-elf/12.2.0/../../../../riscv-wch-elf/lib/libg_nano.a(lib_a-atol.o)
                0x0000000000005c46                atol
 .text.calloc   0x0000000000005c4c        0xa /home/alarm/Downloads/RISC-V/MRS240/MRS-linux-x64/resources/app/resources/linux/components/WCH/Toolchain/RISC-V Embedded GCC12/bin/../lib/gcc/riscv-wch-elf/12.2.0/../../../../riscv-wch-elf/lib/libg_nano.a(lib_a-calloc.o)
                0x0000000000005c4c                calloc
 .text.free     0x0000000000005c56        0x8 /home/alarm/Downloads/RISC-V/MRS240/MRS-linux-x64/resources/app/resources/linux/components/WCH/Toolchain/RISC-V Embedded GCC12/bin/../lib/gcc/riscv-wch-elf/12.2.0/../../../../riscv-wch-elf/lib/libg_nano.a(lib_a-malloc.o)
                0x0000000000005c56                free
 .text._calloc_r
                0x0000000000005c5e       0x34 /home/alarm/Downloads/RISC-V/MRS240/MRS-linux-x64/resources/app/resources/linux/components/WCH/Toolchain/RISC-V Embedded GCC12/bin/../lib/gcc/riscv-wch-elf/12.2.0/../../../../riscv-wch-elf/lib/libg_nano.a(lib_a-nano-callocr.o)
                0x0000000000005c5e                _calloc_r
 .text._free_r  0x0000000000005c92       0xa2 /home/alarm/Downloads/RISC-V/MRS240/MRS-linux-x64/resources/app/resources/linux/components/WCH/Toolchain/RISC-V Embedded GCC12/bin/../lib/gcc/riscv-wch-elf/12.2.0/../../../../riscv-wch-elf/lib/libg_nano.a(lib_a-nano-freer.o)
                0x0000000000005c92                _free_r
 .text.sbrk_aligned
                0x0000000000005d34       0x54 /home/alarm/Downloads/RISC-V/MRS240/MRS-linux-x64/resources/app/resources/linux/components/WCH/Toolchain/RISC-V Embedded GCC12/bin/../lib/gcc/riscv-wch-elf/12.2.0/../../../../riscv-wch-elf/lib/libg_nano.a(lib_a-nano-mallocr.o)
 .text._malloc_r
                0x0000000000005d88      0x112 /home/alarm/Downloads/RISC-V/MRS240/MRS-linux-x64/resources/app/resources/linux/components/WCH/Toolchain/RISC-V Embedded GCC12/bin/../lib/gcc/riscv-wch-elf/12.2.0/../../../../riscv-wch-elf/lib/libg_nano.a(lib_a-nano-mallocr.o)
                0x0000000000005d88                _malloc_r
 .text.printf   0x0000000000005e9a       0x3c /home/alarm/Downloads/RISC-V/MRS240/MRS-linux-x64/resources/app/resources/linux/components/WCH/Toolchain/RISC-V Embedded GCC12/bin/../lib/gcc/riscv-wch-elf/12.2.0/../../../../riscv-wch-elf/lib/libg_nano.a(lib_a-printf.o)
                0x0000000000005e9a                printf
                0x0000000000005e9a                iprintf
 .text._puts_r  0x0000000000005ed6      0x116 /home/alarm/Downloads/RISC-V/MRS240/MRS-linux-x64/resources/app/resources/linux/components/WCH/Toolchain/RISC-V Embedded GCC12/bin/../lib/gcc/riscv-wch-elf/12.2.0/../../../../riscv-wch-elf/lib/libg_nano.a(lib_a-puts.o)
                0x0000000000005ed6                _puts_r
 .text.puts     0x0000000000005fec        0xa /home/alarm/Downloads/RISC-V/MRS240/MRS-linux-x64/resources/app/resources/linux/components/WCH/Toolchain/RISC-V Embedded GCC12/bin/../lib/gcc/riscv-wch-elf/12.2.0/../../../../riscv-wch-elf/lib/libg_nano.a(lib_a-puts.o)
                0x0000000000005fec                puts
 .text._sbrk_r  0x0000000000005ff6       0x28 /home/alarm/Downloads/RISC-V/MRS240/MRS-linux-x64/resources/app/resources/linux/components/WCH/Toolchain/RISC-V Embedded GCC12/bin/../lib/gcc/riscv-wch-elf/12.2.0/../../../../riscv-wch-elf/lib/libg_nano.a(lib_a-sbrkr.o)
                0x0000000000005ff6                _sbrk_r
 .text.sprintf  0x000000000000601e       0x42 /home/alarm/Downloads/RISC-V/MRS240/MRS-linux-x64/resources/app/resources/linux/components/WCH/Toolchain/RISC-V Embedded GCC12/bin/../lib/gcc/riscv-wch-elf/12.2.0/../../../../riscv-wch-elf/lib/libg_nano.a(lib_a-sprintf.o)
                0x000000000000601e                sprintf
                0x000000000000601e                siprintf
 .text.strcat   0x0000000000006060       0x1c /home/alarm/Downloads/RISC-V/MRS240/MRS-linux-x64/resources/app/resources/linux/components/WCH/Toolchain/RISC-V Embedded GCC12/bin/../lib/gcc/riscv-wch-elf/12.2.0/../../../../riscv-wch-elf/lib/libg_nano.a(lib_a-strcat.o)
                0x0000000000006060                strcat
 .text.strchr   0x000000000000607c       0x1a /home/alarm/Downloads/RISC-V/MRS240/MRS-linux-x64/resources/app/resources/linux/components/WCH/Toolchain/RISC-V Embedded GCC12/bin/../lib/gcc/riscv-wch-elf/12.2.0/../../../../riscv-wch-elf/lib/libg_nano.a(lib_a-strchr.o)
                0x000000000000607c                strchr
 .text.strcpy   0x0000000000006096       0x12 /home/alarm/Downloads/RISC-V/MRS240/MRS-linux-x64/resources/app/resources/linux/components/WCH/Toolchain/RISC-V Embedded GCC12/bin/../lib/gcc/riscv-wch-elf/12.2.0/../../../../riscv-wch-elf/lib/libg_nano.a(lib_a-strcpy.o)
                0x0000000000006096                strcpy
 .text.strlen   0x00000000000060a8       0x12 /home/alarm/Downloads/RISC-V/MRS240/MRS-linux-x64/resources/app/resources/linux/components/WCH/Toolchain/RISC-V Embedded GCC12/bin/../lib/gcc/riscv-wch-elf/12.2.0/../../../../riscv-wch-elf/lib/libg_nano.a(lib_a-strlen.o)
                0x00000000000060a8                strlen
 .text.strstr   0x00000000000060ba       0x36 /home/alarm/Downloads/RISC-V/MRS240/MRS-linux-x64/resources/app/resources/linux/components/WCH/Toolchain/RISC-V Embedded GCC12/bin/../lib/gcc/riscv-wch-elf/12.2.0/../../../../riscv-wch-elf/lib/libg_nano.a(lib_a-strstr.o)
                0x00000000000060ba                strstr
 .text._strtol_l.constprop.0
                0x00000000000060f0      0x144 /home/alarm/Downloads/RISC-V/MRS240/MRS-linux-x64/resources/app/resources/linux/components/WCH/Toolchain/RISC-V Embedded GCC12/bin/../lib/gcc/riscv-wch-elf/12.2.0/../../../../riscv-wch-elf/lib/libg_nano.a(lib_a-strtol.o)
 .text.strtol   0x0000000000006234        0xe /home/alarm/Downloads/RISC-V/MRS240/MRS-linux-x64/resources/app/resources/linux/components/WCH/Toolchain/RISC-V Embedded GCC12/bin/../lib/gcc/riscv-wch-elf/12.2.0/../../../../riscv-wch-elf/lib/libg_nano.a(lib_a-strtol.o)
                0x0000000000006234                strtol
 .text.__swbuf_r
                0x0000000000006242       0xc0 /home/alarm/Downloads/RISC-V/MRS240/MRS-linux-x64/resources/app/resources/linux/components/WCH/Toolchain/RISC-V Embedded GCC12/bin/../lib/gcc/riscv-wch-elf/12.2.0/../../../../riscv-wch-elf/lib/libg_nano.a(lib_a-wbuf.o)
                0x0000000000006242                __swbuf_r
 .text.__swsetup_r
                0x0000000000006302       0xfc /home/alarm/Downloads/RISC-V/MRS240/MRS-linux-x64/resources/app/resources/linux/components/WCH/Toolchain/RISC-V Embedded GCC12/bin/../lib/gcc/riscv-wch-elf/12.2.0/../../../../riscv-wch-elf/lib/libg_nano.a(lib_a-wsetup.o)
                0x0000000000006302                __swsetup_r
 .text.__errno  0x00000000000063fe        0x6 /home/alarm/Downloads/RISC-V/MRS240/MRS-linux-x64/resources/app/resources/linux/components/WCH/Toolchain/RISC-V Embedded GCC12/bin/../lib/gcc/riscv-wch-elf/12.2.0/../../../../riscv-wch-elf/lib/libg_nano.a(lib_a-errno.o)
                0x00000000000063fe                __errno
 .text.__sflush_r
                0x0000000000006404      0x13a /home/alarm/Downloads/RISC-V/MRS240/MRS-linux-x64/resources/app/resources/linux/components/WCH/Toolchain/RISC-V Embedded GCC12/bin/../lib/gcc/riscv-wch-elf/12.2.0/../../../../riscv-wch-elf/lib/libg_nano.a(lib_a-fflush.o)
                0x0000000000006404                __sflush_r
 .text._fflush_r
                0x000000000000653e       0x8a /home/alarm/Downloads/RISC-V/MRS240/MRS-linux-x64/resources/app/resources/linux/components/WCH/Toolchain/RISC-V Embedded GCC12/bin/../lib/gcc/riscv-wch-elf/12.2.0/../../../../riscv-wch-elf/lib/libg_nano.a(lib_a-fflush.o)
                0x000000000000653e                _fflush_r
 .text.std      0x00000000000065c8       0x6a /home/alarm/Downloads/RISC-V/MRS240/MRS-linux-x64/resources/app/resources/linux/components/WCH/Toolchain/RISC-V Embedded GCC12/bin/../lib/gcc/riscv-wch-elf/12.2.0/../../../../riscv-wch-elf/lib/libg_nano.a(lib_a-findfp.o)
 .text._cleanup_r
                0x0000000000006632        0xa /home/alarm/Downloads/RISC-V/MRS240/MRS-linux-x64/resources/app/resources/linux/components/WCH/Toolchain/RISC-V Embedded GCC12/bin/../lib/gcc/riscv-wch-elf/12.2.0/../../../../riscv-wch-elf/lib/libg_nano.a(lib_a-findfp.o)
                0x0000000000006632                _cleanup_r
 .text.__sfmoreglue
                0x000000000000663c       0x48 /home/alarm/Downloads/RISC-V/MRS240/MRS-linux-x64/resources/app/resources/linux/components/WCH/Toolchain/RISC-V Embedded GCC12/bin/../lib/gcc/riscv-wch-elf/12.2.0/../../../../riscv-wch-elf/lib/libg_nano.a(lib_a-findfp.o)
                0x000000000000663c                __sfmoreglue
 .text.__sfp_lock_acquire
                0x0000000000006684        0x6 /home/alarm/Downloads/RISC-V/MRS240/MRS-linux-x64/resources/app/resources/linux/components/WCH/Toolchain/RISC-V Embedded GCC12/bin/../lib/gcc/riscv-wch-elf/12.2.0/../../../../riscv-wch-elf/lib/libg_nano.a(lib_a-findfp.o)
                0x0000000000006684                __sfp_lock_acquire
 .text.__sfp_lock_release
                0x000000000000668a        0x6 /home/alarm/Downloads/RISC-V/MRS240/MRS-linux-x64/resources/app/resources/linux/components/WCH/Toolchain/RISC-V Embedded GCC12/bin/../lib/gcc/riscv-wch-elf/12.2.0/../../../../riscv-wch-elf/lib/libg_nano.a(lib_a-findfp.o)
                0x000000000000668a                __sfp_lock_release
 .text.__sinit_lock_acquire
                0x0000000000006690        0x6 /home/alarm/Downloads/RISC-V/MRS240/MRS-linux-x64/resources/app/resources/linux/components/WCH/Toolchain/RISC-V Embedded GCC12/bin/../lib/gcc/riscv-wch-elf/12.2.0/../../../../riscv-wch-elf/lib/libg_nano.a(lib_a-findfp.o)
                0x0000000000006690                __sinit_lock_acquire
 .text.__sinit_lock_release
                0x0000000000006696        0x6 /home/alarm/Downloads/RISC-V/MRS240/MRS-linux-x64/resources/app/resources/linux/components/WCH/Toolchain/RISC-V Embedded GCC12/bin/../lib/gcc/riscv-wch-elf/12.2.0/../../../../riscv-wch-elf/lib/libg_nano.a(lib_a-findfp.o)
                0x0000000000006696                __sinit_lock_release
 .text.__sinit  0x000000000000669c       0x72 /home/alarm/Downloads/RISC-V/MRS240/MRS-linux-x64/resources/app/resources/linux/components/WCH/Toolchain/RISC-V Embedded GCC12/bin/../lib/gcc/riscv-wch-elf/12.2.0/../../../../riscv-wch-elf/lib/libg_nano.a(lib_a-findfp.o)
                0x000000000000669c                __sinit
 .text.__sfp    0x000000000000670e       0xb0 /home/alarm/Downloads/RISC-V/MRS240/MRS-linux-x64/resources/app/resources/linux/components/WCH/Toolchain/RISC-V Embedded GCC12/bin/../lib/gcc/riscv-wch-elf/12.2.0/../../../../riscv-wch-elf/lib/libg_nano.a(lib_a-findfp.o)
                0x000000000000670e                __sfp
 .text._fwalk_reent
                0x00000000000067be       0x6a /home/alarm/Downloads/RISC-V/MRS240/MRS-linux-x64/resources/app/resources/linux/components/WCH/Toolchain/RISC-V Embedded GCC12/bin/../lib/gcc/riscv-wch-elf/12.2.0/../../../../riscv-wch-elf/lib/libg_nano.a(lib_a-fwalk.o)
                0x00000000000067be                _fwalk_reent
 .text.__retarget_lock_init_recursive
                0x0000000000006828        0x2 /home/alarm/Downloads/RISC-V/MRS240/MRS-linux-x64/resources/app/resources/linux/components/WCH/Toolchain/RISC-V Embedded GCC12/bin/../lib/gcc/riscv-wch-elf/12.2.0/../../../../riscv-wch-elf/lib/libg_nano.a(lib_a-lock.o)
                0x0000000000006828                __retarget_lock_init_recursive
 .text.__retarget_lock_acquire_recursive
                0x000000000000682a        0x2 /home/alarm/Downloads/RISC-V/MRS240/MRS-linux-x64/resources/app/resources/linux/components/WCH/Toolchain/RISC-V Embedded GCC12/bin/../lib/gcc/riscv-wch-elf/12.2.0/../../../../riscv-wch-elf/lib/libg_nano.a(lib_a-lock.o)
                0x000000000000682a                __retarget_lock_acquire_recursive
 .text.__retarget_lock_release_recursive
                0x000000000000682c        0x2 /home/alarm/Downloads/RISC-V/MRS240/MRS-linux-x64/resources/app/resources/linux/components/WCH/Toolchain/RISC-V Embedded GCC12/bin/../lib/gcc/riscv-wch-elf/12.2.0/../../../../riscv-wch-elf/lib/libg_nano.a(lib_a-lock.o)
                0x000000000000682c                __retarget_lock_release_recursive
 .text.__swhatbuf_r
                0x000000000000682e       0x5c /home/alarm/Downloads/RISC-V/MRS240/MRS-linux-x64/resources/app/resources/linux/components/WCH/Toolchain/RISC-V Embedded GCC12/bin/../lib/gcc/riscv-wch-elf/12.2.0/../../../../riscv-wch-elf/lib/libg_nano.a(lib_a-makebuf.o)
                0x000000000000682e                __swhatbuf_r
 .text.__smakebuf_r
                0x000000000000688a       0xa8 /home/alarm/Downloads/RISC-V/MRS240/MRS-linux-x64/resources/app/resources/linux/components/WCH/Toolchain/RISC-V Embedded GCC12/bin/../lib/gcc/riscv-wch-elf/12.2.0/../../../../riscv-wch-elf/lib/libg_nano.a(lib_a-makebuf.o)
                0x000000000000688a                __smakebuf_r
 .text.__malloc_lock
                0x0000000000006932        0x8 /home/alarm/Downloads/RISC-V/MRS240/MRS-linux-x64/resources/app/resources/linux/components/WCH/Toolchain/RISC-V Embedded GCC12/bin/../lib/gcc/riscv-wch-elf/12.2.0/../../../../riscv-wch-elf/lib/libg_nano.a(lib_a-mlock.o)
                0x0000000000006932                __malloc_lock
 .text.__malloc_unlock
                0x000000000000693a        0x8 /home/alarm/Downloads/RISC-V/MRS240/MRS-linux-x64/resources/app/resources/linux/components/WCH/Toolchain/RISC-V Embedded GCC12/bin/../lib/gcc/riscv-wch-elf/12.2.0/../../../../riscv-wch-elf/lib/libg_nano.a(lib_a-mlock.o)
                0x000000000000693a                __malloc_unlock
 .text.__ssputs_r
                0x0000000000006942       0xec /home/alarm/Downloads/RISC-V/MRS240/MRS-linux-x64/resources/app/resources/linux/components/WCH/Toolchain/RISC-V Embedded GCC12/bin/../lib/gcc/riscv-wch-elf/12.2.0/../../../../riscv-wch-elf/lib/libg_nano.a(lib_a-nano-svfprintf.o)
                0x0000000000006942                __ssputs_r
 .text._svfprintf_r
                0x0000000000006a2e      0x276 /home/alarm/Downloads/RISC-V/MRS240/MRS-linux-x64/resources/app/resources/linux/components/WCH/Toolchain/RISC-V Embedded GCC12/bin/../lib/gcc/riscv-wch-elf/12.2.0/../../../../riscv-wch-elf/lib/libg_nano.a(lib_a-nano-svfprintf.o)
                0x0000000000006a2e                _svfprintf_r
                0x0000000000006a2e                _svfiprintf_r
 .text._printf_common
                0x0000000000006ca4      0x110 /home/alarm/Downloads/RISC-V/MRS240/MRS-linux-x64/resources/app/resources/linux/components/WCH/Toolchain/RISC-V Embedded GCC12/bin/../lib/gcc/riscv-wch-elf/12.2.0/../../../../riscv-wch-elf/lib/libg_nano.a(lib_a-nano-vfprintf_i.o)
                0x0000000000006ca4                _printf_common
 .text._printf_i
                0x0000000000006db4      0x284 /home/alarm/Downloads/RISC-V/MRS240/MRS-linux-x64/resources/app/resources/linux/components/WCH/Toolchain/RISC-V Embedded GCC12/bin/../lib/gcc/riscv-wch-elf/12.2.0/../../../../riscv-wch-elf/lib/libg_nano.a(lib_a-nano-vfprintf_i.o)
                0x0000000000006db4                _printf_i
 .text.__sfputc_r
                0x0000000000007038       0x2a /home/alarm/Downloads/RISC-V/MRS240/MRS-linux-x64/resources/app/resources/linux/components/WCH/Toolchain/RISC-V Embedded GCC12/bin/../lib/gcc/riscv-wch-elf/12.2.0/../../../../riscv-wch-elf/lib/libg_nano.a(lib_a-nano-vfprintf.o)
 .text.__sfputs_r
                0x0000000000007062       0x44 /home/alarm/Downloads/RISC-V/MRS240/MRS-linux-x64/resources/app/resources/linux/components/WCH/Toolchain/RISC-V Embedded GCC12/bin/../lib/gcc/riscv-wch-elf/12.2.0/../../../../riscv-wch-elf/lib/libg_nano.a(lib_a-nano-vfprintf.o)
                0x0000000000007062                __sfputs_r
 .text._vfprintf_r
                0x00000000000070a6      0x2dc /home/alarm/Downloads/RISC-V/MRS240/MRS-linux-x64/resources/app/resources/linux/components/WCH/Toolchain/RISC-V Embedded GCC12/bin/../lib/gcc/riscv-wch-elf/12.2.0/../../../../riscv-wch-elf/lib/libg_nano.a(lib_a-nano-vfprintf.o)
                0x00000000000070a6                _vfiprintf_r
                0x00000000000070a6                _vfprintf_r
 .text.__sread  0x0000000000007382       0x30 /home/alarm/Downloads/RISC-V/MRS240/MRS-linux-x64/resources/app/resources/linux/components/WCH/Toolchain/RISC-V Embedded GCC12/bin/../lib/gcc/riscv-wch-elf/12.2.0/../../../../riscv-wch-elf/lib/libg_nano.a(lib_a-stdio.o)
                0x0000000000007382                __sread
 .text.__swrite
                0x00000000000073b2       0x4e /home/alarm/Downloads/RISC-V/MRS240/MRS-linux-x64/resources/app/resources/linux/components/WCH/Toolchain/RISC-V Embedded GCC12/bin/../lib/gcc/riscv-wch-elf/12.2.0/../../../../riscv-wch-elf/lib/libg_nano.a(lib_a-stdio.o)
                0x00000000000073b2                __swrite
 .text.__sseek  0x0000000000007400       0x36 /home/alarm/Downloads/RISC-V/MRS240/MRS-linux-x64/resources/app/resources/linux/components/WCH/Toolchain/RISC-V Embedded GCC12/bin/../lib/gcc/riscv-wch-elf/12.2.0/../../../../riscv-wch-elf/lib/libg_nano.a(lib_a-stdio.o)
                0x0000000000007400                __sseek
 .text.__sclose
                0x0000000000007436        0x6 /home/alarm/Downloads/RISC-V/MRS240/MRS-linux-x64/resources/app/resources/linux/components/WCH/Toolchain/RISC-V Embedded GCC12/bin/../lib/gcc/riscv-wch-elf/12.2.0/../../../../riscv-wch-elf/lib/libg_nano.a(lib_a-stdio.o)
                0x0000000000007436                __sclose
 .text._write_r
                0x000000000000743c       0x2c /home/alarm/Downloads/RISC-V/MRS240/MRS-linux-x64/resources/app/resources/linux/components/WCH/Toolchain/RISC-V Embedded GCC12/bin/../lib/gcc/riscv-wch-elf/12.2.0/../../../../riscv-wch-elf/lib/libg_nano.a(lib_a-writer.o)
                0x000000000000743c                _write_r
 .text._close_r
                0x0000000000007468       0x26 /home/alarm/Downloads/RISC-V/MRS240/MRS-linux-x64/resources/app/resources/linux/components/WCH/Toolchain/RISC-V Embedded GCC12/bin/../lib/gcc/riscv-wch-elf/12.2.0/../../../../riscv-wch-elf/lib/libg_nano.a(lib_a-closer.o)
                0x0000000000007468                _close_r
 .text._fstat_r
                0x000000000000748e       0x28 /home/alarm/Downloads/RISC-V/MRS240/MRS-linux-x64/resources/app/resources/linux/components/WCH/Toolchain/RISC-V Embedded GCC12/bin/../lib/gcc/riscv-wch-elf/12.2.0/../../../../riscv-wch-elf/lib/libg_nano.a(lib_a-fstatr.o)
                0x000000000000748e                _fstat_r
 .text._isatty_r
                0x00000000000074b6       0x26 /home/alarm/Downloads/RISC-V/MRS240/MRS-linux-x64/resources/app/resources/linux/components/WCH/Toolchain/RISC-V Embedded GCC12/bin/../lib/gcc/riscv-wch-elf/12.2.0/../../../../riscv-wch-elf/lib/libg_nano.a(lib_a-isattyr.o)
                0x00000000000074b6                _isatty_r
 .text._lseek_r
                0x00000000000074dc       0x2a /home/alarm/Downloads/RISC-V/MRS240/MRS-linux-x64/resources/app/resources/linux/components/WCH/Toolchain/RISC-V Embedded GCC12/bin/../lib/gcc/riscv-wch-elf/12.2.0/../../../../riscv-wch-elf/lib/libg_nano.a(lib_a-lseekr.o)
                0x00000000000074dc                _lseek_r
 .text.memchr   0x0000000000007506       0x1a /home/alarm/Downloads/RISC-V/MRS240/MRS-linux-x64/resources/app/resources/linux/components/WCH/Toolchain/RISC-V Embedded GCC12/bin/../lib/gcc/riscv-wch-elf/12.2.0/../../../../riscv-wch-elf/lib/libg_nano.a(lib_a-memchr.o)
                0x0000000000007506                memchr
 .text._realloc_r
                0x0000000000007520       0x7c /home/alarm/Downloads/RISC-V/MRS240/MRS-linux-x64/resources/app/resources/linux/components/WCH/Toolchain/RISC-V Embedded GCC12/bin/../lib/gcc/riscv-wch-elf/12.2.0/../../../../riscv-wch-elf/lib/libg_nano.a(lib_a-nano-reallocr.o)
                0x0000000000007520                _realloc_r
 .text._read_r  0x000000000000759c       0x2a /home/alarm/Downloads/RISC-V/MRS240/MRS-linux-x64/resources/app/resources/linux/components/WCH/Toolchain/RISC-V Embedded GCC12/bin/../lib/gcc/riscv-wch-elf/12.2.0/../../../../riscv-wch-elf/lib/libg_nano.a(lib_a-readr.o)
                0x000000000000759c                _read_r
 .text._malloc_usable_size_r
                0x00000000000075c6       0x14 /home/alarm/Downloads/RISC-V/MRS240/MRS-linux-x64/resources/app/resources/linux/components/WCH/Toolchain/RISC-V Embedded GCC12/bin/../lib/gcc/riscv-wch-elf/12.2.0/../../../../riscv-wch-elf/lib/libg_nano.a(lib_a-nano-msizer.o)
                0x00000000000075c6                _malloc_usable_size_r
 .text._close   0x00000000000075da        0xc /home/alarm/Downloads/RISC-V/MRS240/MRS-linux-x64/resources/app/resources/linux/components/WCH/Toolchain/RISC-V Embedded GCC12/bin/../lib/gcc/riscv-wch-elf/12.2.0/../../../../riscv-wch-elf/lib/libnosys.a(close.o)
                0x00000000000075da                _close
 .text._fstat   0x00000000000075e6        0xc /home/alarm/Downloads/RISC-V/MRS240/MRS-linux-x64/resources/app/resources/linux/components/WCH/Toolchain/RISC-V Embedded GCC12/bin/../lib/gcc/riscv-wch-elf/12.2.0/../../../../riscv-wch-elf/lib/libnosys.a(fstat.o)
                0x00000000000075e6                _fstat
 .text._isatty  0x00000000000075f2        0xc /home/alarm/Downloads/RISC-V/MRS240/MRS-linux-x64/resources/app/resources/linux/components/WCH/Toolchain/RISC-V Embedded GCC12/bin/../lib/gcc/riscv-wch-elf/12.2.0/../../../../riscv-wch-elf/lib/libnosys.a(isatty.o)
                0x00000000000075f2                _isatty
 .text._lseek   0x00000000000075fe        0xc /home/alarm/Downloads/RISC-V/MRS240/MRS-linux-x64/resources/app/resources/linux/components/WCH/Toolchain/RISC-V Embedded GCC12/bin/../lib/gcc/riscv-wch-elf/12.2.0/../../../../riscv-wch-elf/lib/libnosys.a(lseek.o)
                0x00000000000075fe                _lseek
 .text._read    0x000000000000760a        0xc /home/alarm/Downloads/RISC-V/MRS240/MRS-linux-x64/resources/app/resources/linux/components/WCH/Toolchain/RISC-V Embedded GCC12/bin/../lib/gcc/riscv-wch-elf/12.2.0/../../../../riscv-wch-elf/lib/libnosys.a(read.o)
                0x000000000000760a                _read
 *(.rodata)
 *(.rodata*)
 *fill*         0x0000000000007616        0x2 
 .rodata.Font16x26
                0x0000000000007618     0x134c ./User/fonts.o
                0x0000000000007618                Font16x26
 .rodata.Font11x18
                0x0000000000008964      0xd5c ./User/fonts.o
                0x0000000000008964                Font11x18
 .rodata.calcTime.str1.4
                0x00000000000096c0       0x19 ./User/func.o
 *fill*         0x00000000000096d9        0x3 
 .rodata.ChipName.str1.4
                0x00000000000096dc       0xf5 ./User/func.o
 *fill*         0x00000000000097d1        0x3 
 .rodata.help.str1.4
                0x00000000000097d4       0xf3 ./User/func.o
 *fill*         0x00000000000098c7        0x1 
 .rodata.fmramName.str1.4
                0x00000000000098c8       0x41 ./User/func.o
 *fill*         0x0000000000009909        0x3 
 .rodata.prn_msg.str1.4
                0x000000000000990c       0xd0 ./User/func.o
                                         0xd4 (size before relaxing)
 .rodata.prnBuffer.str1.4
                0x00000000000099dc       0x13 ./User/func.o
 *fill*         0x00000000000099ef        0x1 
 .rodata.crc32_tab
                0x00000000000099f0      0x400 ./User/func.o
 .rodata.str1.4
                0x0000000000009df0       0x11 ./User/func.o
                                         0x15 (size before relaxing)
 *fill*         0x0000000000009e01        0x3 
 .rodata.lcd_init.str1.4
                0x0000000000009e04       0x1f ./User/lcd.o
 *fill*         0x0000000000009e23        0x1 
 .rodata.main.str1.4
                0x0000000000009e24       0xf2 ./User/main.o
                                         0xfa (size before relaxing)
 *fill*         0x0000000000009f16        0x2 
 .rodata.main   0x0000000000009f18       0x38 ./User/main.o
 .rodata.mon_table
                0x0000000000009f50        0xc ./User/rtc.o
                0x0000000000009f50                mon_table
 .rodata.table_week
                0x0000000000009f5c        0xc ./User/rtc.o
                0x0000000000009f5c                table_week
 .rodata.__divdf3
                0x0000000000009f68       0x40 /home/alarm/Downloads/RISC-V/MRS240/MRS-linux-x64/resources/app/resources/linux/components/WCH/Toolchain/RISC-V Embedded GCC12/bin/../lib/gcc/riscv-wch-elf/12.2.0/libgcc.a(divdf3.o)
 .rodata.__clz_tab
                0x0000000000009fa8      0x100 /home/alarm/Downloads/RISC-V/MRS240/MRS-linux-x64/resources/app/resources/linux/components/WCH/Toolchain/RISC-V Embedded GCC12/bin/../lib/gcc/riscv-wch-elf/12.2.0/libgcc.a(_clz.o)
                0x0000000000009fa8                __clz_tab
 .rodata._ctype_
                0x000000000000a0a8      0x101 /home/alarm/Downloads/RISC-V/MRS240/MRS-linux-x64/resources/app/resources/linux/components/WCH/Toolchain/RISC-V Embedded GCC12/bin/../lib/gcc/riscv-wch-elf/12.2.0/../../../../riscv-wch-elf/lib/libg_nano.a(lib_a-ctype_.o)
                0x000000000000a0a8                _ctype_
 *fill*         0x000000000000a1a9        0x3 
 .rodata.__sf_fake_stderr
                0x000000000000a1ac       0x20 /home/alarm/Downloads/RISC-V/MRS240/MRS-linux-x64/resources/app/resources/linux/components/WCH/Toolchain/RISC-V Embedded GCC12/bin/../lib/gcc/riscv-wch-elf/12.2.0/../../../../riscv-wch-elf/lib/libg_nano.a(lib_a-findfp.o)
                0x000000000000a1ac                __sf_fake_stderr
 .rodata.__sf_fake_stdout
                0x000000000000a1cc       0x20 /home/alarm/Downloads/RISC-V/MRS240/MRS-linux-x64/resources/app/resources/linux/components/WCH/Toolchain/RISC-V Embedded GCC12/bin/../lib/gcc/riscv-wch-elf/12.2.0/../../../../riscv-wch-elf/lib/libg_nano.a(lib_a-findfp.o)
                0x000000000000a1cc                __sf_fake_stdout
 .rodata.__sf_fake_stdin
                0x000000000000a1ec       0x20 /home/alarm/Downloads/RISC-V/MRS240/MRS-linux-x64/resources/app/resources/linux/components/WCH/Toolchain/RISC-V Embedded GCC12/bin/../lib/gcc/riscv-wch-elf/12.2.0/../../../../riscv-wch-elf/lib/libg_nano.a(lib_a-findfp.o)
                0x000000000000a1ec                __sf_fake_stdin
 .rodata._svfprintf_r.str1.4
                0x000000000000a20c       0x13 /home/alarm/Downloads/RISC-V/MRS240/MRS-linux-x64/resources/app/resources/linux/components/WCH/Toolchain/RISC-V Embedded GCC12/bin/../lib/gcc/riscv-wch-elf/12.2.0/../../../../riscv-wch-elf/lib/libg_nano.a(lib_a-nano-svfprintf.o)
 *fill*         0x000000000000a21f        0x1 
 .rodata._printf_i.str1.4
                0x000000000000a220       0x25 /home/alarm/Downloads/RISC-V/MRS240/MRS-linux-x64/resources/app/resources/linux/components/WCH/Toolchain/RISC-V Embedded GCC12/bin/../lib/gcc/riscv-wch-elf/12.2.0/../../../../riscv-wch-elf/lib/libg_nano.a(lib_a-nano-vfprintf_i.o)
 *fill*         0x000000000000a245        0x3 
 .rodata._printf_i
                0x000000000000a248       0x58 /home/alarm/Downloads/RISC-V/MRS240/MRS-linux-x64/resources/app/resources/linux/components/WCH/Toolchain/RISC-V Embedded GCC12/bin/../lib/gcc/riscv-wch-elf/12.2.0/../../../../riscv-wch-elf/lib/libg_nano.a(lib_a-nano-vfprintf_i.o)
 .rodata._vfprintf_r.str1.4
                0x000000000000a2a0       0x13 /home/alarm/Downloads/RISC-V/MRS240/MRS-linux-x64/resources/app/resources/linux/components/WCH/Toolchain/RISC-V Embedded GCC12/bin/../lib/gcc/riscv-wch-elf/12.2.0/../../../../riscv-wch-elf/lib/libg_nano.a(lib_a-nano-vfprintf.o)
 *(.gnu.linkonce.t.*)
                0x000000000000a2b4                . = ALIGN (0x4)

.rela.dyn       0x000000000000a2a0        0x0
 .rela.init     0x000000000000a2a0        0x0 ./User/ch32v30x_it.o
 .rela.vector   0x000000000000a2a0        0x0 ./User/ch32v30x_it.o
 .rela.text.handle_reset
                0x000000000000a2a0        0x0 ./User/ch32v30x_it.o
 .rela.text._sbrk
                0x000000000000a2a0        0x0 ./User/ch32v30x_it.o
 .rela.sdata.curbrk.0
                0x000000000000a2a0        0x0 ./User/ch32v30x_it.o
 .rela.text._svfprintf_r
                0x000000000000a2a0        0x0 ./User/ch32v30x_it.o
 .rela.text._vfprintf_r
                0x000000000000a2a0        0x0 ./User/ch32v30x_it.o

.fini           0x000000000000a2a0        0x0
 *(SORT_NONE(.fini))
                0x000000000000a2a0                . = ALIGN (0x4)
                [!provide]                        PROVIDE (_etext = .)
                [!provide]                        PROVIDE (_eitcm = .)

.preinit_array  0x000000000000a2a0        0x0
                [!provide]                        PROVIDE (__preinit_array_start = .)
 *(.preinit_array)
                [!provide]                        PROVIDE (__preinit_array_end = .)

.init_array     0x000000000000a2a0        0x0
                [!provide]                        PROVIDE (__init_array_start = .)
 *(SORT_BY_INIT_PRIORITY(.init_array.*) SORT_BY_INIT_PRIORITY(.ctors.*))
 *(.init_array EXCLUDE_FILE(*crtend?.o *crtend.o *crtbegin?.o *crtbegin.o) .ctors)
                [!provide]                        PROVIDE (__init_array_end = .)

.fini_array     0x000000000000a2a0        0x0
                [!provide]                        PROVIDE (__fini_array_start = .)
 *(SORT_BY_INIT_PRIORITY(.fini_array.*) SORT_BY_INIT_PRIORITY(.dtors.*))
 *(.fini_array EXCLUDE_FILE(*crtend?.o *crtend.o *crtbegin?.o *crtbegin.o) .dtors)
                [!provide]                        PROVIDE (__fini_array_end = .)

.ctors
 *crtbegin.o(.ctors)
 *crtbegin?.o(.ctors)
 *(EXCLUDE_FILE(*crtend?.o *crtend.o) .ctors)
 *(SORT_BY_NAME(.ctors.*))
 *(.ctors)

.dtors
 *crtbegin.o(.dtors)
 *crtbegin?.o(.dtors)
 *(EXCLUDE_FILE(*crtend?.o *crtend.o) .dtors)
 *(SORT_BY_NAME(.dtors.*))
 *(.dtors)

.dalign         0x0000000020000000        0x0 load address 0x000000000000a2a0
                0x0000000020000000                . = ALIGN (0x4)
                0x0000000020000000                PROVIDE (_data_vma = .)

.dlalign        0x000000000000a2a0        0x0
                0x000000000000a2a0                . = ALIGN (0x4)
                0x000000000000a2a0                PROVIDE (_data_lma = .)

.data           0x0000000020000000      0x1cc load address 0x000000000000a2a0
 *(.gnu.linkonce.r.*)
 *(.data .data.*)
 .data.all_color
                0x0000000020000000       0x10 ./User/lcd.o
                0x0000000020000000                all_color
 .data.AHBPrescTable
                0x0000000020000010       0x10 ./User/system_ch32v30x.o
                0x0000000020000010                AHBPrescTable
 .data.APBAHBPrescTable
                0x0000000020000020       0x10 ./Peripheral/src/ch32v30x_rcc.o
 .data.impure_data
                0x0000000020000030       0x60 /home/alarm/Downloads/RISC-V/MRS240/MRS-linux-x64/resources/app/resources/linux/components/WCH/Toolchain/RISC-V Embedded GCC12/bin/../lib/gcc/riscv-wch-elf/12.2.0/../../../../riscv-wch-elf/lib/libg_nano.a(lib_a-impure.o)
 *(.gnu.linkonce.d.*)
                0x0000000020000090                . = ALIGN (0x8)
                0x0000000020000890                PROVIDE (__global_pointer$ = (. + 0x800))
 *(.sdata .sdata.*)
 .sdata.pic_info
                0x0000000020000090        0x8 ./User/fmram.o
                0x0000000020000090                pic_info
 .sdata.blk_addr
                0x0000000020000098        0x4 ./User/func.o
                0x0000000020000098                blk_addr
 .sdata.portFMRAM
                0x000000002000009c        0x4 ./User/func.o
                0x000000002000009c                portFMRAM
 .sdata.adc_channel
                0x00000000200000a0        0x1 ./User/func.o
                0x00000000200000a0                adc_channel
 *fill*         0x00000000200000a1        0x3 
 .sdata.temp    0x00000000200000a4        0x4 ./User/func.o
                0x00000000200000a4                temp
 .sdata.vcc     0x00000000200000a8        0x4 ./User/func.o
                0x00000000200000a8                vcc
 .sdata.psc     0x00000000200000ac        0x2 ./User/func.o
                0x00000000200000ac                psc
 .sdata.arr     0x00000000200000ae        0x2 ./User/func.o
                0x00000000200000ae                arr
 .sdata.TZ      0x00000000200000b0        0x4 ./User/func.o
                0x00000000200000b0                TZ
 .sdata.epoch   0x00000000200000b4        0x4 ./User/func.o
                0x00000000200000b4                epoch
 .sdata.evt     0x00000000200000b8        0x4 ./User/func.o
                0x00000000200000b8                evt
 .sdata.eol     0x00000000200000bc        0x4 ./User/func.o
                0x00000000200000bc                eol
 .sdata.ver     0x00000000200000c0        0x4 ./User/func.o
                0x00000000200000c0                ver
 .sdata.i2cPort
                0x00000000200000c4        0x4 ./User/i2c.o
                0x00000000200000c4                i2cPort
 .sdata.midFont
                0x00000000200000c8        0x4 ./User/lcd.o
                0x00000000200000c8                midFont
 .sdata.bigFont
                0x00000000200000cc        0x4 ./User/lcd.o
                0x00000000200000cc                bigFont
 .sdata.portLCD
                0x00000000200000d0        0x4 ./User/lcd.o
                0x00000000200000d0                portLCD
 .sdata.SystemCoreClock
                0x00000000200000d4        0x4 ./User/system_ch32v30x.o
                0x00000000200000d4                SystemCoreClock
 .sdata.ADCPrescTable
                0x00000000200000d8        0x4 ./Peripheral/src/ch32v30x_rcc.o
 .sdata.curbrk.0
                0x00000000200000dc        0x4 ./Debug/debug.o
 .sdata.IRQ_DBG
                0x00000000200000e0        0x4 ./Debug/debug.o
                0x00000000200000e0                IRQ_DBG
 .sdata.portLog
                0x00000000200000e4        0x4 ./Debug/debug.o
                0x00000000200000e4                portLog
 .sdata._impure_ptr
                0x00000000200000e8        0x4 /home/alarm/Downloads/RISC-V/MRS240/MRS-linux-x64/resources/app/resources/linux/components/WCH/Toolchain/RISC-V Embedded GCC12/bin/../lib/gcc/riscv-wch-elf/12.2.0/../../../../riscv-wch-elf/lib/libg_nano.a(lib_a-impure.o)
                0x00000000200000e8                _impure_ptr
 *(.sdata2.*)
 *(.gnu.linkonce.s.*)
                0x00000000200000f0                . = ALIGN (0x8)
 *fill*         0x00000000200000ec        0x4 
 *(.srodata.cst16)
 *(.srodata.cst8)
 .srodata.cst8  0x00000000200000f0       0xc0 ./User/i2c.o
 *(.srodata.cst4)
 .srodata.cst4  0x00000000200001b0        0x4 ./User/func.o
 .srodata.cst4  0x00000000200001b4        0x4 ./Peripheral/src/ch32v30x_adc.o
 *(.srodata.cst2)
 *(.srodata .srodata.*)
 .srodata.Font_16x26
                0x00000000200001b8        0x8 ./User/fonts.o
                0x00000000200001b8                Font_16x26
 .srodata.Font_11x18
                0x00000000200001c0        0x8 ./User/fonts.o
                0x00000000200001c0                Font_11x18
 .srodata._global_impure_ptr
                0x00000000200001c8        0x4 /home/alarm/Downloads/RISC-V/MRS240/MRS-linux-x64/resources/app/resources/linux/components/WCH/Toolchain/RISC-V Embedded GCC12/bin/../lib/gcc/riscv-wch-elf/12.2.0/../../../../riscv-wch-elf/lib/libg_nano.a(lib_a-impure.o)
                0x00000000200001c8                _global_impure_ptr
                0x00000000200001cc                . = ALIGN (0x4)
                0x00000000200001cc                PROVIDE (_edata = .)

.bss            0x00000000200001cc      0x23c load address 0x000000000000a46c
                0x00000000200001cc                . = ALIGN (0x4)
                0x00000000200001cc                PROVIDE (_sbss = .)
 *(.sbss*)
 .sbss.fm_adr_time
                0x00000000200001cc        0x4 ./User/fmram.o
                0x00000000200001cc                fm_adr_time
 .sbss.blk_mem  0x00000000200001d0        0x4 ./User/func.o
                0x00000000200001d0                blk_mem
 .sbss.fm_deep  0x00000000200001d4        0x4 ./User/func.o
                0x00000000200001d4                fm_deep
 .sbss.fm_id    0x00000000200001d8        0x2 ./User/func.o
                0x00000000200001d8                fm_id
 .sbss.sensReady
                0x00000000200001da        0x1 ./User/func.o
                0x00000000200001da                sensReady
 .sbss.sid      0x00000000200001db        0x1 ./User/func.o
                0x00000000200001db                sid
 .sbss.bmp280_ok
                0x00000000200001dc        0x1 ./User/func.o
                0x00000000200001dc                bmp280_ok
 .sbss.item_adc
                0x00000000200001dd        0x1 ./User/func.o
                0x00000000200001dd                item_adc
 .sbss.adc_mode
                0x00000000200001de        0x1 ./User/func.o
                0x00000000200001de                adc_mode
 *fill*         0x00000000200001df        0x1 
 .sbss.Calibrattion_Val
                0x00000000200001e0        0x2 ./User/func.o
                0x00000000200001e0                Calibrattion_Val
 .sbss.rf_flag  0x00000000200001e2        0x1 ./User/func.o
                0x00000000200001e2                rf_flag
 *fill*         0x00000000200001e3        0x1 
 .sbss.crc_fm   0x00000000200001e4        0x4 ./User/func.o
                0x00000000200001e4                crc_fm
 .sbss.crc_pic  0x00000000200001e8        0x4 ./User/func.o
                0x00000000200001e8                crc_pic
 .sbss.led      0x00000000200001ec        0x4 ./User/func.o
                0x00000000200001ec                led
 .sbss.cid      0x00000000200001f0        0x4 ./User/func.o
                0x00000000200001f0                cid
 .sbss.seconda  0x00000000200001f4        0x4 ./User/func.o
                0x00000000200001f4                seconda
 .sbss._ms      0x00000000200001f8        0x4 ./User/func.o
                0x00000000200001f8                _ms
 .sbss.queFlag  0x00000000200001fc        0x1 ./User/func.o
                0x00000000200001fc                queFlag
 .sbss.again_flag
                0x00000000200001fd        0x1 ./User/func.o
                0x00000000200001fd                again_flag
 *fill*         0x00000000200001fe        0x2 
 .sbss.regs     0x0000000020000200        0x4 ./User/i2c.o
                0x0000000020000200                regs
 .sbss.gImage_test
                0x0000000020000204        0x4 ./User/lcd.o
                0x0000000020000204                gImage_test
 .sbss.daycnt.0
                0x0000000020000208        0x2 ./User/rtc.o
 .sbss.rtc_err  0x000000002000020a        0x1 ./User/rtc.o
                0x000000002000020a                rtc_err
 *fill*         0x000000002000020b        0x1 
 .sbss.NVIC_Priority_Group
                0x000000002000020c        0x4 ./Peripheral/src/ch32v30x_misc.o
                0x000000002000020c                NVIC_Priority_Group
 .sbss.RxCnt    0x0000000020000210        0x1 ./Debug/debug.o
                0x0000000020000210                RxCnt
 *fill*         0x0000000020000211        0x1 
 .sbss.p_ms     0x0000000020000212        0x2 ./Debug/debug.o
 .sbss.p_us     0x0000000020000214        0x1 ./Debug/debug.o
 *fill*         0x0000000020000215        0x3 
 .sbss.__malloc_sbrk_start
                0x0000000020000218        0x4 /home/alarm/Downloads/RISC-V/MRS240/MRS-linux-x64/resources/app/resources/linux/components/WCH/Toolchain/RISC-V Embedded GCC12/bin/../lib/gcc/riscv-wch-elf/12.2.0/../../../../riscv-wch-elf/lib/libg_nano.a(lib_a-nano-mallocr.o)
                0x0000000020000218                __malloc_sbrk_start
 .sbss.__malloc_free_list
                0x000000002000021c        0x4 /home/alarm/Downloads/RISC-V/MRS240/MRS-linux-x64/resources/app/resources/linux/components/WCH/Toolchain/RISC-V Embedded GCC12/bin/../lib/gcc/riscv-wch-elf/12.2.0/../../../../riscv-wch-elf/lib/libg_nano.a(lib_a-nano-mallocr.o)
                0x000000002000021c                __malloc_free_list
 .sbss.__lock___malloc_recursive_mutex
                0x0000000020000220        0x1 /home/alarm/Downloads/RISC-V/MRS240/MRS-linux-x64/resources/app/resources/linux/components/WCH/Toolchain/RISC-V Embedded GCC12/bin/../lib/gcc/riscv-wch-elf/12.2.0/../../../../riscv-wch-elf/lib/libg_nano.a(lib_a-lock.o)
                0x0000000020000220                __lock___malloc_recursive_mutex
 *fill*         0x0000000020000221        0x3 
 .sbss.__lock___sfp_recursive_mutex
                0x0000000020000224        0x1 /home/alarm/Downloads/RISC-V/MRS240/MRS-linux-x64/resources/app/resources/linux/components/WCH/Toolchain/RISC-V Embedded GCC12/bin/../lib/gcc/riscv-wch-elf/12.2.0/../../../../riscv-wch-elf/lib/libg_nano.a(lib_a-lock.o)
                0x0000000020000224                __lock___sfp_recursive_mutex
 *fill*         0x0000000020000225        0x3 
 .sbss.__lock___sinit_recursive_mutex
                0x0000000020000228        0x1 /home/alarm/Downloads/RISC-V/MRS240/MRS-linux-x64/resources/app/resources/linux/components/WCH/Toolchain/RISC-V Embedded GCC12/bin/../lib/gcc/riscv-wch-elf/12.2.0/../../../../riscv-wch-elf/lib/libg_nano.a(lib_a-lock.o)
                0x0000000020000228                __lock___sinit_recursive_mutex
 *fill*         0x0000000020000229        0x3 
 .sbss.errno    0x000000002000022c        0x4 /home/alarm/Downloads/RISC-V/MRS240/MRS-linux-x64/resources/app/resources/linux/components/WCH/Toolchain/RISC-V Embedded GCC12/bin/../lib/gcc/riscv-wch-elf/12.2.0/../../../../riscv-wch-elf/lib/libg_nano.a(lib_a-reent.o)
                0x000000002000022c                errno
 *(.gnu.linkonce.sb.*)
 *(.bss*)
 .bss.adcBuf    0x0000000020000230       0x10 ./User/func.o
                0x0000000020000230                adcBuf
 .bss.que       0x0000000020000240       0xf2 ./User/func.o
                0x0000000020000240                que
 *fill*         0x0000000020000332        0x2 
 .bss.getBuffer
                0x0000000020000334       0x40 ./User/func.o
                0x0000000020000334                getBuffer
 .bss.bmx_data  0x0000000020000374       0x18 ./User/i2c.o
                0x0000000020000374                bmx_data
 .bss.calib     0x000000002000038c       0x24 ./User/i2c.o
 .bss.sens      0x00000000200003b0        0xc ./User/i2c.o
                0x00000000200003b0                sens
 .bss.calendar  0x00000000200003bc        0xa ./User/rtc.o
                0x00000000200003bc                calendar
 *fill*         0x00000000200003c6        0x2 
 .bss.RxBuffer  0x00000000200003c8       0x40 ./Debug/debug.o
                0x00000000200003c8                RxBuffer
 *(.gnu.linkonce.b.*)
 *(COMMON*)
                0x0000000020000408                . = ALIGN (0x4)
                0x0000000020000408                PROVIDE (_ebss = .)
                0x0000000020000408                PROVIDE (_end = _ebss)
                [!provide]                        PROVIDE (end = .)

.stack          0x0000000020007800      0x800
                0x0000000020007800                PROVIDE (_heap_end = .)
                0x0000000020007800                . = ALIGN (0x4)
                [!provide]                        PROVIDE (_susrstack = .)
                0x0000000020008000                . = (. + __stack_size)
 *fill*         0x0000000020007800      0x800 
                0x0000000020008000                PROVIDE (_eusrstack = .)
OUTPUT(testCH32V305.elf elf32-littleriscv)

.debug_info     0x0000000000000000    0x11a63
 .debug_info    0x0000000000000000      0x421 ./User/ch32v30x_it.o
 .debug_info    0x0000000000000421     0x1042 ./User/fmram.o
 .debug_info    0x0000000000001463      0x1cb ./User/fonts.o
 .debug_info    0x000000000000162e     0x21f3 ./User/func.o
 .debug_info    0x0000000000003821     0x142f ./User/i2c.o
 .debug_info    0x0000000000004c50     0x1e50 ./User/lcd.o
 .debug_info    0x0000000000006aa0     0x180f ./User/main.o
 .debug_info    0x00000000000082af      0xb86 ./User/rtc.o
 .debug_info    0x0000000000008e35      0x2ef ./User/system_ch32v30x.o
 .debug_info    0x0000000000009124       0x23 ./Startup/startup_ch32v30x_D8C.o
 .debug_info    0x0000000000009147      0xd96 ./Peripheral/src/ch32v30x_adc.o
 .debug_info    0x0000000000009edd      0x79c ./Peripheral/src/ch32v30x_bkp.o
 .debug_info    0x000000000000a679      0x1d2 ./Peripheral/src/ch32v30x_dbgmcu.o
 .debug_info    0x000000000000a84b      0x965 ./Peripheral/src/ch32v30x_gpio.o
 .debug_info    0x000000000000b1b0      0xb23 ./Peripheral/src/ch32v30x_i2c.o
 .debug_info    0x000000000000bcd3      0x688 ./Peripheral/src/ch32v30x_misc.o
 .debug_info    0x000000000000c35b      0x6ec ./Peripheral/src/ch32v30x_pwr.o
 .debug_info    0x000000000000ca47      0xbef ./Peripheral/src/ch32v30x_rcc.o
 .debug_info    0x000000000000d636      0x4e1 ./Peripheral/src/ch32v30x_rtc.o
 .debug_info    0x000000000000db17      0x99b ./Peripheral/src/ch32v30x_spi.o
 .debug_info    0x000000000000e4b2     0x1f81 ./Peripheral/src/ch32v30x_tim.o
 .debug_info    0x0000000000010433      0xa8b ./Peripheral/src/ch32v30x_usart.o
 .debug_info    0x0000000000010ebe      0xba5 ./Debug/debug.o

.debug_abbrev   0x0000000000000000     0x376a
 .debug_abbrev  0x0000000000000000      0x1b0 ./User/ch32v30x_it.o
 .debug_abbrev  0x00000000000001b0      0x2e4 ./User/fmram.o
 .debug_abbrev  0x0000000000000494       0xc8 ./User/fonts.o
 .debug_abbrev  0x000000000000055c      0x520 ./User/func.o
 .debug_abbrev  0x0000000000000a7c      0x3a8 ./User/i2c.o
 .debug_abbrev  0x0000000000000e24      0x41d ./User/lcd.o
 .debug_abbrev  0x0000000000001241      0x333 ./User/main.o
 .debug_abbrev  0x0000000000001574      0x31c ./User/rtc.o
 .debug_abbrev  0x0000000000001890      0x196 ./User/system_ch32v30x.o
 .debug_abbrev  0x0000000000001a26       0x12 ./Startup/startup_ch32v30x_D8C.o
 .debug_abbrev  0x0000000000001a38      0x27b ./Peripheral/src/ch32v30x_adc.o
 .debug_abbrev  0x0000000000001cb3      0x1ca ./Peripheral/src/ch32v30x_bkp.o
 .debug_abbrev  0x0000000000001e7d      0x170 ./Peripheral/src/ch32v30x_dbgmcu.o
 .debug_abbrev  0x0000000000001fed      0x238 ./Peripheral/src/ch32v30x_gpio.o
 .debug_abbrev  0x0000000000002225      0x289 ./Peripheral/src/ch32v30x_i2c.o
 .debug_abbrev  0x00000000000024ae      0x1b9 ./Peripheral/src/ch32v30x_misc.o
 .debug_abbrev  0x0000000000002667      0x2ae ./Peripheral/src/ch32v30x_pwr.o
 .debug_abbrev  0x0000000000002915      0x250 ./Peripheral/src/ch32v30x_rcc.o
 .debug_abbrev  0x0000000000002b65      0x1c3 ./Peripheral/src/ch32v30x_rtc.o
 .debug_abbrev  0x0000000000002d28      0x219 ./Peripheral/src/ch32v30x_spi.o
 .debug_abbrev  0x0000000000002f41      0x316 ./Peripheral/src/ch32v30x_tim.o
 .debug_abbrev  0x0000000000003257      0x20a ./Peripheral/src/ch32v30x_usart.o
 .debug_abbrev  0x0000000000003461      0x309 ./Debug/debug.o

.debug_loclists
                0x0000000000000000     0x6e4b
 .debug_loclists
                0x0000000000000000       0x24 ./User/ch32v30x_it.o
 .debug_loclists
                0x0000000000000024      0x4f1 ./User/fmram.o
 .debug_loclists
                0x0000000000000515      0x5df ./User/func.o
 .debug_loclists
                0x0000000000000af4      0x6a9 ./User/i2c.o
 .debug_loclists
                0x000000000000119d      0xbb6 ./User/lcd.o
 .debug_loclists
                0x0000000000001d53      0x694 ./User/main.o
 .debug_loclists
                0x00000000000023e7      0x476 ./User/rtc.o
 .debug_loclists
                0x000000000000285d      0x198 ./User/system_ch32v30x.o
 .debug_loclists
                0x00000000000029f5      0x933 ./Peripheral/src/ch32v30x_adc.o
 .debug_loclists
                0x0000000000003328       0x95 ./Peripheral/src/ch32v30x_bkp.o
 .debug_loclists
                0x00000000000033bd       0x6c ./Peripheral/src/ch32v30x_dbgmcu.o
 .debug_loclists
                0x0000000000003429      0x90b ./Peripheral/src/ch32v30x_gpio.o
 .debug_loclists
                0x0000000000003d34      0x5ee ./Peripheral/src/ch32v30x_i2c.o
 .debug_loclists
                0x0000000000004322       0x51 ./Peripheral/src/ch32v30x_misc.o
 .debug_loclists
                0x0000000000004373      0x1e2 ./Peripheral/src/ch32v30x_pwr.o
 .debug_loclists
                0x0000000000004555      0x807 ./Peripheral/src/ch32v30x_rcc.o
 .debug_loclists
                0x0000000000004d5c      0x2f3 ./Peripheral/src/ch32v30x_rtc.o
 .debug_loclists
                0x000000000000504f      0x4e3 ./Peripheral/src/ch32v30x_spi.o
 .debug_loclists
                0x0000000000005532     0x1137 ./Peripheral/src/ch32v30x_tim.o
 .debug_loclists
                0x0000000000006669      0x662 ./Peripheral/src/ch32v30x_usart.o
 .debug_loclists
                0x0000000000006ccb      0x180 ./Debug/debug.o

.debug_aranges  0x0000000000000000      0xf68
 .debug_aranges
                0x0000000000000000       0x28 ./User/ch32v30x_it.o
 .debug_aranges
                0x0000000000000028       0x98 ./User/fmram.o
 .debug_aranges
                0x00000000000000c0       0x18 ./User/fonts.o
 .debug_aranges
                0x00000000000000d8       0xe8 ./User/func.o
 .debug_aranges
                0x00000000000001c0       0x58 ./User/i2c.o
 .debug_aranges
                0x0000000000000218       0xc8 ./User/lcd.o
 .debug_aranges
                0x00000000000002e0       0x20 ./User/main.o
 .debug_aranges
                0x0000000000000300       0x58 ./User/rtc.o
 .debug_aranges
                0x0000000000000358       0x28 ./User/system_ch32v30x.o
 .debug_aranges
                0x0000000000000380       0x30 ./Startup/startup_ch32v30x_D8C.o
 .debug_aranges
                0x00000000000003b0      0x150 ./Peripheral/src/ch32v30x_adc.o
 .debug_aranges
                0x0000000000000500       0x78 ./Peripheral/src/ch32v30x_bkp.o
 .debug_aranges
                0x0000000000000578       0x48 ./Peripheral/src/ch32v30x_dbgmcu.o
 .debug_aranges
                0x00000000000005c0       0xb0 ./Peripheral/src/ch32v30x_gpio.o
 .debug_aranges
                0x0000000000000670      0x120 ./Peripheral/src/ch32v30x_i2c.o
 .debug_aranges
                0x0000000000000790       0x28 ./Peripheral/src/ch32v30x_misc.o
 .debug_aranges
                0x00000000000007b8       0x88 ./Peripheral/src/ch32v30x_pwr.o
 .debug_aranges
                0x0000000000000840      0x1a8 ./Peripheral/src/ch32v30x_rcc.o
 .debug_aranges
                0x00000000000009e8       0x88 ./Peripheral/src/ch32v30x_rtc.o
 .debug_aranges
                0x0000000000000a70       0xd0 ./Peripheral/src/ch32v30x_spi.o
 .debug_aranges
                0x0000000000000b40      0x2e0 ./Peripheral/src/ch32v30x_tim.o
 .debug_aranges
                0x0000000000000e20       0xf0 ./Peripheral/src/ch32v30x_usart.o
 .debug_aranges
                0x0000000000000f10       0x58 ./Debug/debug.o

.debug_rnglists
                0x0000000000000000     0x1305
 .debug_rnglists
                0x0000000000000000       0x44 ./User/ch32v30x_it.o
 .debug_rnglists
                0x0000000000000044       0xfc ./User/fmram.o
 .debug_rnglists
                0x0000000000000140      0x156 ./User/func.o
 .debug_rnglists
                0x0000000000000296       0x8e ./User/i2c.o
 .debug_rnglists
                0x0000000000000324      0x20a ./User/lcd.o
 .debug_rnglists
                0x000000000000052e       0x29 ./User/main.o
 .debug_rnglists
                0x0000000000000557       0x55 ./User/rtc.o
 .debug_rnglists
                0x00000000000005ac       0x3b ./User/system_ch32v30x.o
 .debug_rnglists
                0x00000000000005e7       0x20 ./Startup/startup_ch32v30x_D8C.o
 .debug_rnglists
                0x0000000000000607      0x16c ./Peripheral/src/ch32v30x_adc.o
 .debug_rnglists
                0x0000000000000773       0x79 ./Peripheral/src/ch32v30x_bkp.o
 .debug_rnglists
                0x00000000000007ec       0x56 ./Peripheral/src/ch32v30x_dbgmcu.o
 .debug_rnglists
                0x0000000000000842       0xb8 ./Peripheral/src/ch32v30x_gpio.o
 .debug_rnglists
                0x00000000000008fa      0x136 ./Peripheral/src/ch32v30x_i2c.o
 .debug_rnglists
                0x0000000000000a30       0x45 ./Peripheral/src/ch32v30x_misc.o
 .debug_rnglists
                0x0000000000000a75       0xd7 ./Peripheral/src/ch32v30x_pwr.o
 .debug_rnglists
                0x0000000000000b4c      0x1cf ./Peripheral/src/ch32v30x_rcc.o
 .debug_rnglists
                0x0000000000000d1b       0x8b ./Peripheral/src/ch32v30x_rtc.o
 .debug_rnglists
                0x0000000000000da6       0xdc ./Peripheral/src/ch32v30x_spi.o
 .debug_rnglists
                0x0000000000000e82      0x32e ./Peripheral/src/ch32v30x_tim.o
 .debug_rnglists
                0x00000000000011b0      0x100 ./Peripheral/src/ch32v30x_usart.o
 .debug_rnglists
                0x00000000000012b0       0x55 ./Debug/debug.o

.debug_line     0x0000000000000000    0x129d3
 .debug_line    0x0000000000000000      0x181 ./User/ch32v30x_it.o
 .debug_line    0x0000000000000181      0xbde ./User/fmram.o
 .debug_line    0x0000000000000d5f       0x3f ./User/fonts.o
 .debug_line    0x0000000000000d9e     0x15e4 ./User/func.o
 .debug_line    0x0000000000002382     0x113c ./User/i2c.o
 .debug_line    0x00000000000034be     0x18aa ./User/lcd.o