Archive member included to satisfy reference by file (symbol)

/home/alarm/Downloads/RISC-V/MRS240/MRS-linux-x64/resources/app/resources/linux/components/WCH/Toolchain/RISC-V Embedded GCC12/bin/../lib/gcc/riscv-wch-elf/12.2.0/../../../../riscv-wch-elf/lib/libm_nano.a(lib_a-sf_lround.o)
                              ./User/main.o (lroundf)
/home/alarm/Downloads/RISC-V/MRS240/MRS-linux-x64/resources/app/resources/linux/components/WCH/Toolchain/RISC-V Embedded GCC12/bin/../lib/gcc/riscv-wch-elf/12.2.0/libgcc.a(_bswapsi2.o)
                              ./User/fmram.o (__bswapsi2)
/home/alarm/Downloads/RISC-V/MRS240/MRS-linux-x64/resources/app/resources/linux/components/WCH/Toolchain/RISC-V Embedded GCC12/bin/../lib/gcc/riscv-wch-elf/12.2.0/libgcc.a(adddf3.o)
                              ./User/i2c.o (__adddf3)
/home/alarm/Downloads/RISC-V/MRS240/MRS-linux-x64/resources/app/resources/linux/components/WCH/Toolchain/RISC-V Embedded GCC12/bin/../lib/gcc/riscv-wch-elf/12.2.0/libgcc.a(divdf3.o)
                              ./User/i2c.o (__divdf3)
/home/alarm/Downloads/RISC-V/MRS240/MRS-linux-x64/resources/app/resources/linux/components/WCH/Toolchain/RISC-V Embedded GCC12/bin/../lib/gcc/riscv-wch-elf/12.2.0/libgcc.a(eqdf2.o)
                              ./User/i2c.o (__eqdf2)
/home/alarm/Downloads/RISC-V/MRS240/MRS-linux-x64/resources/app/resources/linux/components/WCH/Toolchain/RISC-V Embedded GCC12/bin/../lib/gcc/riscv-wch-elf/12.2.0/libgcc.a(gedf2.o)
                              ./User/i2c.o (__gtdf2)
/home/alarm/Downloads/RISC-V/MRS240/MRS-linux-x64/resources/app/resources/linux/components/WCH/Toolchain/RISC-V Embedded GCC12/bin/../lib/gcc/riscv-wch-elf/12.2.0/libgcc.a(ledf2.o)
                              ./User/i2c.o (__ltdf2)
/home/alarm/Downloads/RISC-V/MRS240/MRS-linux-x64/resources/app/resources/linux/components/WCH/Toolchain/RISC-V Embedded GCC12/bin/../lib/gcc/riscv-wch-elf/12.2.0/libgcc.a(muldf3.o)
                              ./User/i2c.o (__muldf3)
/home/alarm/Downloads/RISC-V/MRS240/MRS-linux-x64/resources/app/resources/linux/components/WCH/Toolchain/RISC-V Embedded GCC12/bin/../lib/gcc/riscv-wch-elf/12.2.0/libgcc.a(subdf3.o)
                              ./User/i2c.o (__subdf3)
/home/alarm/Downloads/RISC-V/MRS240/MRS-linux-x64/resources/app/resources/linux/components/WCH/Toolchain/RISC-V Embedded GCC12/bin/../lib/gcc/riscv-wch-elf/12.2.0/libgcc.a(fixdfsi.o)
                              ./User/i2c.o (__fixdfsi)
/home/alarm/Downloads/RISC-V/MRS240/MRS-linux-x64/resources/app/resources/linux/components/WCH/Toolchain/RISC-V Embedded GCC12/bin/../lib/gcc/riscv-wch-elf/12.2.0/libgcc.a(floatsidf.o)
                              ./User/i2c.o (__floatsidf)
/home/alarm/Downloads/RISC-V/MRS240/MRS-linux-x64/resources/app/resources/linux/components/WCH/Toolchain/RISC-V Embedded GCC12/bin/../lib/gcc/riscv-wch-elf/12.2.0/libgcc.a(floatunsidf.o)
                              ./User/i2c.o (__floatunsidf)
/home/alarm/Downloads/RISC-V/MRS240/MRS-linux-x64/resources/app/resources/linux/components/WCH/Toolchain/RISC-V Embedded GCC12/bin/../lib/gcc/riscv-wch-elf/12.2.0/libgcc.a(fixsfsi.o)
                              /home/alarm/Downloads/RISC-V/MRS240/MRS-linux-x64/resources/app/resources/linux/components/WCH/Toolchain/RISC-V Embedded GCC12/bin/../lib/gcc/riscv-wch-elf/12.2.0/../../../../riscv-wch-elf/lib/libm_nano.a(lib_a-sf_lround.o) (__fixsfsi)
/home/alarm/Downloads/RISC-V/MRS240/MRS-linux-x64/resources/app/resources/linux/components/WCH/Toolchain/RISC-V Embedded GCC12/bin/../lib/gcc/riscv-wch-elf/12.2.0/libgcc.a(truncdfsf2.o)
                              ./User/i2c.o (__truncdfsf2)
/home/alarm/Downloads/RISC-V/MRS240/MRS-linux-x64/resources/app/resources/linux/components/WCH/Toolchain/RISC-V Embedded GCC12/bin/../lib/gcc/riscv-wch-elf/12.2.0/libgcc.a(save-restore.o)
                              ./User/i2c.o (__riscv_save_12)
/home/alarm/Downloads/RISC-V/MRS240/MRS-linux-x64/resources/app/resources/linux/components/WCH/Toolchain/RISC-V Embedded GCC12/bin/../lib/gcc/riscv-wch-elf/12.2.0/libgcc.a(_clzsi2.o)
                              /home/alarm/Downloads/RISC-V/MRS240/MRS-linux-x64/resources/app/resources/linux/components/WCH/Toolchain/RISC-V Embedded GCC12/bin/../lib/gcc/riscv-wch-elf/12.2.0/libgcc.a(adddf3.o) (__clzsi2)
/home/alarm/Downloads/RISC-V/MRS240/MRS-linux-x64/resources/app/resources/linux/components/WCH/Toolchain/RISC-V Embedded GCC12/bin/../lib/gcc/riscv-wch-elf/12.2.0/libgcc.a(_clz.o)
                              /home/alarm/Downloads/RISC-V/MRS240/MRS-linux-x64/resources/app/resources/linux/components/WCH/Toolchain/RISC-V Embedded GCC12/bin/../lib/gcc/riscv-wch-elf/12.2.0/libgcc.a(_clzsi2.o) (__clz_tab)
/home/alarm/Downloads/RISC-V/MRS240/MRS-linux-x64/resources/app/resources/linux/components/WCH/Toolchain/RISC-V Embedded GCC12/bin/../lib/gcc/riscv-wch-elf/12.2.0/../../../../riscv-wch-elf/lib/libg_nano.a(lib_a-atol.o)
                              ./User/main.o (atol)
[...]
Memory Configuration

Name             Origin             Length             Attributes
FLASH            0x0000000000000000 0x0000000000020000 xr
RAM              0x0000000020000000 0x0000000000008000 xrw
*default*        0x0000000000000000 0xffffffffffffffff

Linker script and memory map

LOAD ./User/air.o
LOAD ./User/ch32v30x_it.o
LOAD ./User/fmram.o
LOAD ./User/fonts.o
LOAD ./User/func.o
LOAD ./User/i2c.o
LOAD ./User/lcd.o
LOAD ./User/main.o
LOAD ./User/rtc.o
LOAD ./User/system_ch32v30x.o
LOAD ./Startup/startup_ch32v30x_D8C.o
LOAD ./Peripheral/src/ch32v30x_adc.o
LOAD ./Peripheral/src/ch32v30x_bkp.o
LOAD ./Peripheral/src/ch32v30x_can.o
LOAD ./Peripheral/src/ch32v30x_crc.o
LOAD ./Peripheral/src/ch32v30x_dac.o
LOAD ./Peripheral/src/ch32v30x_dbgmcu.o
LOAD ./Peripheral/src/ch32v30x_dma.o
LOAD ./Peripheral/src/ch32v30x_dvp.o
LOAD ./Peripheral/src/ch32v30x_eth.o
LOAD ./Peripheral/src/ch32v30x_exti.o
LOAD ./Peripheral/src/ch32v30x_flash.o
LOAD ./Peripheral/src/ch32v30x_fsmc.o
LOAD ./Peripheral/src/ch32v30x_gpio.o
LOAD ./Peripheral/src/ch32v30x_i2c.o
LOAD ./Peripheral/src/ch32v30x_iwdg.o
LOAD ./Peripheral/src/ch32v30x_misc.o
LOAD ./Peripheral/src/ch32v30x_opa.o
LOAD ./Peripheral/src/ch32v30x_pwr.o
LOAD ./Peripheral/src/ch32v30x_rcc.o
LOAD ./Peripheral/src/ch32v30x_rng.o
LOAD ./Peripheral/src/ch32v30x_rtc.o
LOAD ./Peripheral/src/ch32v30x_sdio.o
LOAD ./Peripheral/src/ch32v30x_spi.o
LOAD ./Peripheral/src/ch32v30x_tim.o
LOAD ./Peripheral/src/ch32v30x_usart.o
LOAD ./Peripheral/src/ch32v30x_wwdg.o
LOAD ./Debug/debug.o
LOAD ./Core/core_riscv.o
LOAD /home/alarm/Downloads/RISC-V/MRS240/MRS-linux-x64/resources/app/resources/linux/components/WCH/Toolchain/RISC-V Embedded GCC12/bin/../lib/gcc/riscv-wch-elf/12.2.0/../../../../riscv-wch-elf/lib/libm_nano.a
LOAD /home/alarm/Downloads/RISC-V/MRS240/MRS-linux-x64/resources/app/resources/linux/components/WCH/Toolchain/RISC-V Embedded GCC12/bin/../lib/gcc/riscv-wch-elf/12.2.0/libgcc.a
LOAD /home/alarm/Downloads/RISC-V/MRS240/MRS-linux-x64/resources/app/resources/linux/components/WCH/Toolchain/RISC-V Embedded GCC12/bin/../lib/gcc/riscv-wch-elf/12.2.0/../../../../riscv-wch-elf/lib/libg_nano.a
LOAD /home/alarm/Downloads/RISC-V/MRS240/MRS-linux-x64/resources/app/resources/linux/components/WCH/Toolchain/RISC-V Embedded GCC12/bin/../lib/gcc/riscv-wch-elf/12.2.0/../../../../riscv-wch-elf/lib/libc_nano.a
LOAD /home/alarm/Downloads/RISC-V/MRS240/MRS-linux-x64/resources/app/resources/linux/components/WCH/Toolchain/RISC-V Embedded GCC12/bin/../lib/gcc/riscv-wch-elf/12.2.0/libgcc.a
START GROUP
LOAD /home/alarm/Downloads/RISC-V/MRS240/MRS-linux-x64/resources/app/resources/linux/components/WCH/Toolchain/RISC-V Embedded GCC12/bin/../lib/gcc/riscv-wch-elf/12.2.0/libgcc.a
LOAD /home/alarm/Downloads/RISC-V/MRS240/MRS-linux-x64/resources/app/resources/linux/components/WCH/Toolchain/RISC-V Embedded GCC12/bin/../lib/gcc/riscv-wch-elf/12.2.0/../../../../riscv-wch-elf/lib/libc_nano.a
LOAD /home/alarm/Downloads/RISC-V/MRS240/MRS-linux-x64/resources/app/resources/linux/components/WCH/Toolchain/RISC-V Embedded GCC12/bin/../lib/gcc/riscv-wch-elf/12.2.0/../../../../riscv-wch-elf/lib/libnosys.a
END GROUP
START GROUP
LOAD /home/alarm/Downloads/RISC-V/MRS240/MRS-linux-x64/resources/app/resources/linux/components/WCH/Toolchain/RISC-V Embedded GCC12/bin/../lib/gcc/riscv-wch-elf/12.2.0/libgcc.a
LOAD /home/alarm/Downloads/RISC-V/MRS240/MRS-linux-x64/resources/app/resources/linux/components/WCH/Toolchain/RISC-V Embedded GCC12/bin/../lib/gcc/riscv-wch-elf/12.2.0/../../../../riscv-wch-elf/lib/libc_nano.a
LOAD /home/alarm/Downloads/RISC-V/MRS240/MRS-linux-x64/resources/app/resources/linux/components/WCH/Toolchain/RISC-V Embedded GCC12/bin/../lib/gcc/riscv-wch-elf/12.2.0/../../../../riscv-wch-elf/lib/libnosys.a
END GROUP
                0x0000000000000800                __stack_size = 0x800
                [!provide]                        PROVIDE (_stack_size = __stack_size)

.init           0x0000000000000000        0x4
                0x0000000000000000                _sinit = .
                0x0000000000000000                . = ALIGN (0x4)
 *(SORT_NONE(.init))
 .init          0x0000000000000000        0x4 ./Startup/startup_ch32v30x_D8C.o
                0x0000000000000000                _start
                0x0000000000000004                . = ALIGN (0x4)
                0x0000000000000004                _einit = .

.vector         0x0000000000000004      0x1bc
 *(.vector)
 .vector        0x0000000000000004      0x1a0 ./Startup/startup_ch32v30x_D8C.o
                0x00000000000001c0                . = ALIGN (0x40)
 *fill*         0x00000000000001a4       0x1c 

.text           0x00000000000001c0     0xa598
                0x00000000000001c0                . = ALIGN (0x4)
 *(.text)
 .text          0x00000000000001c0       0x60 /home/alarm/Downloads/RISC-V/MRS240/MRS-linux-x64/resources/app/resources/linux/components/WCH/Toolchain/RISC-V Embedded GCC12/bin/../lib/gcc/riscv-wch-elf/12.2.0/libgcc.a(save-restore.o)
                0x00000000000001c0                __riscv_save_12
                0x00000000000001c8                __riscv_save_8
                0x00000000000001c8                __riscv_save_11
                0x00000000000001c8                __riscv_save_9
                0x00000000000001c8                __riscv_save_10
                0x00000000000001d6                __riscv_save_7
                0x00000000000001d6                __riscv_save_4
                0x00000000000001d6                __riscv_save_6
                0x00000000000001d6                __riscv_save_5
                0x00000000000001f0                __riscv_save_1
                0x00000000000001f0                __riscv_save_3
                0x00000000000001f0                __riscv_save_2
                0x00000000000001f0                __riscv_save_0
                0x00000000000001fc                __riscv_restore_12
                0x0000000000000200                __riscv_restore_10
                0x0000000000000200                __riscv_restore_11
                0x0000000000000200                __riscv_restore_8
                0x0000000000000200                __riscv_restore_9
                0x000000000000020a                __riscv_restore_5
                0x000000000000020a                __riscv_restore_6
                0x000000000000020a                __riscv_restore_4
                0x000000000000020a                __riscv_restore_7
                0x0000000000000214                __riscv_restore_3
                0x0000000000000214                __riscv_restore_2
                0x0000000000000214                __riscv_restore_0
                0x0000000000000214                __riscv_restore_1
 .text          0x0000000000000220       0x16 /home/alarm/Downloads/RISC-V/MRS240/MRS-linux-x64/resources/app/resources/linux/components/WCH/Toolchain/RISC-V Embedded GCC12/bin/../lib/gcc/riscv-wch-elf/12.2.0/../../../../riscv-wch-elf/lib/libg_nano.a(lib_a-memcpy-asm.o)
                0x0000000000000220                memcpy
 .text          0x0000000000000236       0x26 /home/alarm/Downloads/RISC-V/MRS240/MRS-linux-x64/resources/app/resources/linux/components/WCH/Toolchain/RISC-V Embedded GCC12/bin/../lib/gcc/riscv-wch-elf/12.2.0/../../../../riscv-wch-elf/lib/libg_nano.a(lib_a-memmove.o)
                0x0000000000000236                memmove
 .text          0x000000000000025c       0x10 /home/alarm/Downloads/RISC-V/MRS240/MRS-linux-x64/resources/app/resources/linux/components/WCH/Toolchain/RISC-V Embedded GCC12/bin/../lib/gcc/riscv-wch-elf/12.2.0/../../../../riscv-wch-elf/lib/libg_nano.a(lib_a-memset.o)
                0x000000000000025c                memset
 *(.text.*)
 .text.UART4_Cfg
                0x000000000000026c       0xa4 ./User/air.o
                0x000000000000026c                UART4_Cfg
 .text.UART4_IRQHandler
                0x0000000000000310      0x100 ./User/air.o
                0x0000000000000310                UART4_IRQHandler
 .text.putAirBuf
                0x0000000000000410       0x54 ./User/air.o
                0x0000000000000410                putAirBuf
 .text.airWrite
                0x0000000000000464       0xbe ./User/air.o
                0x0000000000000464                airWrite
 .text.NMI_Handler
                0x0000000000000522        0x2 ./User/ch32v30x_it.o
                0x0000000000000522                NMI_Handler
 .text.HardFault_Handler
                0x0000000000000524       0x7a ./User/ch32v30x_it.o
                0x0000000000000524                HardFault_Handler
 .text.SPI_Flash_Init
                0x000000000000059e       0xc2 ./User/fmram.o
                0x000000000000059e                SPI_Flash_Init
 .text.SPI_WriteRead
                0x0000000000000660       0x36 ./User/fmram.o
                0x0000000000000660                SPI_WriteRead
 .text.SPI_Flash_ReadSR
                0x0000000000000696       0x30 ./User/fmram.o
                0x0000000000000696                SPI_Flash_ReadSR
 .text.SPI_Flash_Wait_Busy
                0x00000000000006c6        0xc ./User/fmram.o
                0x00000000000006c6                SPI_Flash_Wait_Busy
 .text.SPI_Flash_WriteEn
                0x00000000000006d2       0x26 ./User/fmram.o
                0x00000000000006d2                SPI_Flash_WriteEn
 .text.SPI_Flash_ReadID
                0x00000000000006f8       0x62 ./User/fmram.o
                0x00000000000006f8                SPI_Flash_ReadID
 .text.SPI_Flash_Read
                0x000000000000075a       0x64 ./User/fmram.o
                0x000000000000075a                SPI_Flash_Read
 .text.SPI_Flash_Write
                0x00000000000007be       0x66 ./User/fmram.o
                0x00000000000007be                SPI_Flash_Write
 .text.get_crcFMRAM
                0x0000000000000824       0x98 ./User/fmram.o
                0x0000000000000824                get_crcFMRAM
 .text.checkPicInFMRAM
                0x00000000000008bc       0x38 ./User/fmram.o
                0x00000000000008bc                checkPicInFMRAM
 .text.ks32     0x00000000000008f4       0x30 ./User/func.o
                0x00000000000008f4                ks32
 .text.initEvt  0x0000000000000924       0x32 ./User/func.o
                0x0000000000000924                initEvt
 .text.putEvt   0x0000000000000956       0x54 ./User/func.o
                0x0000000000000956                putEvt
 .text.getEvt   0x00000000000009aa       0x4e ./User/func.o
                0x00000000000009aa                getEvt
 .text.putPrnEvt
                0x00000000000009f8       0x58 ./User/func.o
                0x00000000000009f8                putPrnEvt
 .text.floatPart
                0x0000000000000a50       0x22 ./User/func.o
                0x0000000000000a50                floatPart
 .text.get_sec  0x0000000000000a72        0x8 ./User/func.o
                0x0000000000000a72                get_sec
 .text.calcTime
                0x0000000000000a7a       0x3a ./User/func.o
                0x0000000000000a7a                calcTime
 .text.getMS    0x0000000000000ab4        0x8 ./User/func.o
                0x0000000000000ab4                getMS
 .text.checkMS  0x0000000000000abc        0xe ./User/func.o
                0x0000000000000abc                checkMS
 .text.Delay_MS
                0x0000000000000aca       0x10 ./User/func.o
                0x0000000000000aca                Delay_MS
 .text.GPIOx_init
                0x0000000000000ada       0x36 ./User/func.o
                0x0000000000000ada                GPIOx_init
 .text.TIM1_UP_IRQHandler
                0x0000000000000b10      0x122 ./User/func.o
                0x0000000000000b10                TIM1_UP_IRQHandler
 .text.TIM1_Init
                0x0000000000000c32       0x86 ./User/func.o
                0x0000000000000c32                TIM1_Init
 .text.ChipName
                0x0000000000000cb8      0x15c ./User/func.o
                0x0000000000000cb8                ChipName
 .text.help     0x0000000000000e14        0xa ./User/func.o
                0x0000000000000e14                help
 .text.ADC_Function_Init
                0x0000000000000e1e       0xdc ./User/func.o
                0x0000000000000e1e                ADC_Function_Init
 .text.Get_ADC_Val
                0x0000000000000efa       0x3a ./User/func.o
                0x0000000000000efa                Get_ADC_Val
 .text.Get_ADC_Average
                0x0000000000000f34       0x72 ./User/func.o
                0x0000000000000f34                Get_ADC_Average
 .text.Get_ConversionVal
                0x0000000000000fa6       0x2c ./User/func.o
                0x0000000000000fa6                Get_ConversionVal
 .text.fmramName
                0x0000000000000fd2       0x52 ./User/func.o
                0x0000000000000fd2                fmramName
 .text.prn_msg  0x0000000000001024      0x1ea ./User/func.o
                0x0000000000001024                prn_msg
 .text.prnBuffer
                0x000000000000120e       0xac ./User/func.o
                0x000000000000120e                prnBuffer
 .text.IIC_Init
                0x00000000000012ba       0x9a ./User/i2c.o
                0x00000000000012ba                IIC_Init
 .text.i2c_ReadBytes
                0x0000000000001354       0xf4 ./User/i2c.o
                0x0000000000001354                i2c_ReadBytes
 .text.i2c_WriteBytes
                0x0000000000001448       0xca ./User/i2c.o
                0x0000000000001448                i2c_WriteBytes
 .text.i2c_master_reset_sensor
                0x0000000000001512       0x3a ./User/i2c.o
                0x0000000000001512                i2c_master_reset_sensor
 .text.i2c_master_read_sensor
                0x000000000000154c       0x26 ./User/i2c.o
                0x000000000000154c                i2c_master_read_sensor
 .text.i2c_master_test_sensor
                0x0000000000001572       0x52 ./User/i2c.o
                0x0000000000001572                i2c_master_test_sensor
 .text.bmx280_readCalibrationData
                0x00000000000015c4       0xa6 ./User/i2c.o
                0x00000000000015c4                bmx280_readCalibrationData
 .text.bmx280_CalcAll
                0x000000000000166a      0x4f2 ./User/i2c.o
                0x000000000000166a                bmx280_CalcAll
 .text.LCD_Write_Bus
                0x0000000000001b5c       0x42 ./User/lcd.o
                0x0000000000001b5c                LCD_Write_Bus
 .text.LCD_WR_DATAS
                0x0000000000001b9e       0x30 ./User/lcd.o
                0x0000000000001b9e                LCD_WR_DATAS
 .text.LCD_WR_DATA
                0x0000000000001bce       0x14 ./User/lcd.o
                0x0000000000001bce                LCD_WR_DATA
 .text.LCD_WR_REG
                0x0000000000001be2       0x2c ./User/lcd.o
                0x0000000000001be2                LCD_WR_REG
 .text.LCD_Address_Set
                0x0000000000001c0e       0x32 ./User/lcd.o
                0x0000000000001c0e                LCD_Address_Set
 .text.lcd_gpio_init
                0x0000000000001c40       0xb4 ./User/lcd.o
                0x0000000000001c40                lcd_gpio_init
 .text.LCD_Fill_Fast
                0x0000000000001cf4       0x88 ./User/lcd.o
                0x0000000000001cf4                LCD_Fill_Fast
 .text.mkLineCenter
                0x0000000000001d7c       0x6c ./User/lcd.o
                0x0000000000001d7c                mkLineCenter
 .text.LCD_WriteChar
                0x0000000000001de8       0xae ./User/lcd.o
                0x0000000000001de8                LCD_WriteChar
 .text.LCD_WriteString
                0x0000000000001e96       0x82 ./User/lcd.o
                0x0000000000001e96                LCD_WriteString
 .text.LCD_ShowPicture_FMRAM
                0x0000000000001f18       0xb4 ./User/lcd.o
                0x0000000000001f18                LCD_ShowPicture_FMRAM
 .text.lcd_init
                0x0000000000001fcc      0x184 ./User/lcd.o
                0x0000000000001fcc                lcd_init
 .text.LCD_OFF  0x0000000000002150        0x8 ./User/lcd.o
                0x0000000000002150                LCD_OFF
 .text.startup.main
                0x0000000000002158      0x8c2 ./User/main.o
                0x0000000000002158                main
 .text.Is_Leap_Year
                0x0000000000002a1a       0x26 ./User/rtc.o
                0x0000000000002a1a                Is_Leap_Year
 .text.RTC_Get_Week
                0x0000000000002a40       0x52 ./User/rtc.o
                0x0000000000002a40                RTC_Get_Week
 .text.RTC_Get  0x0000000000002a92       0xf8 ./User/rtc.o
                0x0000000000002a92                RTC_Get
 .text.RTC_Init
                0x0000000000002b8a       0xba ./User/rtc.o
                0x0000000000002b8a                RTC_Init
 .text.RTC_IRQHandler
                0x0000000000002c44       0x9e ./User/rtc.o
                0x0000000000002c44                RTC_IRQHandler
 .text.SystemInit
                0x0000000000002ce2       0xf8 ./User/system_ch32v30x.o
                0x0000000000002ce2                SystemInit
 .text.SystemCoreClockUpdate
                0x0000000000002dda      0x114 ./User/system_ch32v30x.o
                0x0000000000002dda                SystemCoreClockUpdate
 .text.vector_handler
                0x0000000000002eee        0x2 ./Startup/startup_ch32v30x_D8C.o
                0x0000000000002eee                EXTI2_IRQHandler
                0x0000000000002eee                TIM8_TRG_COM_IRQHandler
                0x0000000000002eee                TIM8_CC_IRQHandler
                0x0000000000002eee                UART8_IRQHandler
                0x0000000000002eee                TIM1_CC_IRQHandler
                0x0000000000002eee                TIM6_IRQHandler
                0x0000000000002eee                SysTick_Handler
                0x0000000000002eee                PVD_IRQHandler
                0x0000000000002eee                SDIO_IRQHandler
                0x0000000000002eee                TIM9_BRK_IRQHandler
                0x0000000000002eee                DMA2_Channel8_IRQHandler
                0x0000000000002eee                CAN2_RX1_IRQHandler
                0x0000000000002eee                EXTI3_IRQHandler
                0x0000000000002eee                USBHS_IRQHandler
                0x0000000000002eee                DMA2_Channel9_IRQHandler
                0x0000000000002eee                TIM10_CC_IRQHandler
                0x0000000000002eee                USBFS_IRQHandler
                0x0000000000002eee                EXTI0_IRQHandler
                0x0000000000002eee                I2C2_EV_IRQHandler
                0x0000000000002eee                TIM10_TRG_COM_IRQHandler
                0x0000000000002eee                CAN2_SCE_IRQHandler
                0x0000000000002eee                ADC1_2_IRQHandler
                0x0000000000002eee                Break_Point_Handler
                0x0000000000002eee                SPI1_IRQHandler
                0x0000000000002eee                TAMPER_IRQHandler
                0x0000000000002eee                CAN2_RX0_IRQHandler
                0x0000000000002eee                TIM8_UP_IRQHandler
                0x0000000000002eee                Ecall_M_Mode_Handler
                0x0000000000002eee                DMA2_Channel2_IRQHandler
                0x0000000000002eee                DMA1_Channel4_IRQHandler
                0x0000000000002eee                TIM9_UP_IRQHandler
                0x0000000000002eee                USART3_IRQHandler
                0x0000000000002eee                DMA1_Channel7_IRQHandler
                0x0000000000002eee                CAN1_RX1_IRQHandler
                0x0000000000002eee                DVP_IRQHandler
                0x0000000000002eee                UART5_IRQHandler
                0x0000000000002eee                TIM4_IRQHandler
                0x0000000000002eee                DMA2_Channel1_IRQHandler
                0x0000000000002eee                I2C1_EV_IRQHandler
                0x0000000000002eee                DMA1_Channel6_IRQHandler
                0x0000000000002eee                DMA2_Channel4_IRQHandler
                0x0000000000002eee                TIM3_IRQHandler
                0x0000000000002eee                RCC_IRQHandler
                0x0000000000002eee                TIM1_TRG_COM_IRQHandler
                0x0000000000002eee                DMA1_Channel1_IRQHandler
                0x0000000000002eee                DMA2_Channel7_IRQHandler
                0x0000000000002eee                EXTI15_10_IRQHandler
                0x0000000000002eee                TIM7_IRQHandler
                0x0000000000002eee                CAN2_TX_IRQHandler
                0x0000000000002eee                TIM5_IRQHandler
                0x0000000000002eee                EXTI9_5_IRQHandler
                0x0000000000002eee                ETH_WKUP_IRQHandler
                0x0000000000002eee                SPI2_IRQHandler
                0x0000000000002eee                TIM10_BRK_IRQHandler
                0x0000000000002eee                TIM9_CC_IRQHandler
                0x0000000000002eee                DMA2_Channel5_IRQHandler
                0x0000000000002eee                DMA1_Channel5_IRQHandler
                0x0000000000002eee                EXTI4_IRQHandler
                0x0000000000002eee                USB_LP_CAN1_RX0_IRQHandler
                0x0000000000002eee                RNG_IRQHandler
                0x0000000000002eee                USB_HP_CAN1_TX_IRQHandler
                0x0000000000002eee                DMA1_Channel3_IRQHandler
                0x0000000000002eee                ETH_IRQHandler
                0x0000000000002eee                WWDG_IRQHandler
                0x0000000000002eee                USBHSWakeup_IRQHandler
                0x0000000000002eee                DMA2_Channel11_IRQHandler
                0x0000000000002eee                Ecall_U_Mode_Handler
                0x0000000000002eee                DMA2_Channel6_IRQHandler
                0x0000000000002eee                TIM2_IRQHandler
                0x0000000000002eee                SW_Handler
                0x0000000000002eee                TIM1_BRK_IRQHandler
                0x0000000000002eee                DMA2_Channel10_IRQHandler
                0x0000000000002eee                EXTI1_IRQHandler
                0x0000000000002eee                RTCAlarm_IRQHandler
                0x0000000000002eee                TIM10_UP_IRQHandler
                0x0000000000002eee                TIM9_TRG_COM_IRQHandler
                0x0000000000002eee                UART7_IRQHandler
                0x0000000000002eee                USART2_IRQHandler
                0x0000000000002eee                UART6_IRQHandler
                0x0000000000002eee                I2C2_ER_IRQHandler
                0x0000000000002eee                DMA1_Channel2_IRQHandler
                0x0000000000002eee                TIM8_BRK_IRQHandler
                0x0000000000002eee                CAN1_SCE_IRQHandler
                0x0000000000002eee                FLASH_IRQHandler
                0x0000000000002eee                SPI3_IRQHandler
                0x0000000000002eee                I2C1_ER_IRQHandler
                0x0000000000002eee                USBWakeUp_IRQHandler
                0x0000000000002eee                DMA2_Channel3_IRQHandler
 .text.handle_reset
                0x0000000000002ef0       0x88 ./Startup/startup_ch32v30x_D8C.o
                0x0000000000002ef0                handle_reset
 .text.ADC_DeInit
                0x0000000000002f78       0x46 ./Peripheral/src/ch32v30x_adc.o
                0x0000000000002f78                ADC_DeInit
 .text.ADC_Init
                0x0000000000002fbe       0x56 ./Peripheral/src/ch32v30x_adc.o
                0x0000000000002fbe                ADC_Init
 .text.ADC_Cmd  0x0000000000003014       0x10 ./Peripheral/src/ch32v30x_adc.o
                0x0000000000003014                ADC_Cmd
 .text.ADC_ResetCalibration
                0x0000000000003024        0xa ./Peripheral/src/ch32v30x_adc.o
                0x0000000000003024                ADC_ResetCalibration
 .text.ADC_GetResetCalibrationStatus
                0x000000000000302e        0x8 ./Peripheral/src/ch32v30x_adc.o
                0x000000000000302e                ADC_GetResetCalibrationStatus
 .text.ADC_StartCalibration
                0x0000000000003036        0xa ./Peripheral/src/ch32v30x_adc.o
                0x0000000000003036                ADC_StartCalibration
 .text.ADC_GetCalibrationStatus
                0x0000000000003040        0x8 ./Peripheral/src/ch32v30x_adc.o
                0x0000000000003040                ADC_GetCalibrationStatus
 .text.ADC_SoftwareStartConvCmd
                0x0000000000003048       0x18 ./Peripheral/src/ch32v30x_adc.o
                0x0000000000003048                ADC_SoftwareStartConvCmd
 .text.ADC_RegularChannelConfig
                0x0000000000003060       0xb8 ./Peripheral/src/ch32v30x_adc.o
                0x0000000000003060                ADC_RegularChannelConfig
 .text.ADC_GetConversionValue
                0x0000000000003118        0x8 ./Peripheral/src/ch32v30x_adc.o
                0x0000000000003118                ADC_GetConversionValue
 .text.ADC_TempSensorVrefintCmd
                0x0000000000003120       0x20 ./Peripheral/src/ch32v30x_adc.o
                0x0000000000003120                ADC_TempSensorVrefintCmd
 .text.ADC_GetFlagStatus
                0x0000000000003140        0xc ./Peripheral/src/ch32v30x_adc.o
                0x0000000000003140                ADC_GetFlagStatus
 .text.TempSensor_Volt_To_Temper
                0x000000000000314c       0x34 ./Peripheral/src/ch32v30x_adc.o
                0x000000000000314c                TempSensor_Volt_To_Temper
 .text.ADC_BufferCmd
                0x0000000000003180       0x18 ./Peripheral/src/ch32v30x_adc.o
                0x0000000000003180                ADC_BufferCmd
 .text.Get_CalibrationValue
                0x0000000000003198      0x14a ./Peripheral/src/ch32v30x_adc.o
                0x0000000000003198                Get_CalibrationValue
 .text.BKP_DeInit
                0x00000000000032e2       0x10 ./Peripheral/src/ch32v30x_bkp.o
                0x00000000000032e2                BKP_DeInit
 .text.BKP_WriteBackupRegister
                0x00000000000032f2       0x1c ./Peripheral/src/ch32v30x_bkp.o
                0x00000000000032f2                BKP_WriteBackupRegister
 .text.DBGMCU_GetCHIPID
                0x000000000000330e        0xa ./Peripheral/src/ch32v30x_dbgmcu.o
                0x000000000000330e                DBGMCU_GetCHIPID
 .text.GPIO_Init
                0x0000000000003318       0xbc ./Peripheral/src/ch32v30x_gpio.o
                0x0000000000003318                GPIO_Init
 .text.GPIO_SetBits
                0x00000000000033d4        0x4 ./Peripheral/src/ch32v30x_gpio.o
                0x00000000000033d4                GPIO_SetBits
 .text.GPIO_ResetBits
                0x00000000000033d8        0x4 ./Peripheral/src/ch32v30x_gpio.o
                0x00000000000033d8                GPIO_ResetBits
 .text.GPIO_WriteBit
                0x00000000000033dc        0xa ./Peripheral/src/ch32v30x_gpio.o
                0x00000000000033dc                GPIO_WriteBit
 .text.GPIO_PinRemapConfig
                0x00000000000033e6       0xee ./Peripheral/src/ch32v30x_gpio.o
                0x00000000000033e6                GPIO_PinRemapConfig
 .text.I2C_Init
                0x00000000000034d4      0x100 ./Peripheral/src/ch32v30x_i2c.o
                0x00000000000034d4                I2C_Init
 .text.I2C_Cmd  0x00000000000035d4       0x18 ./Peripheral/src/ch32v30x_i2c.o
                0x00000000000035d4                I2C_Cmd
 .text.I2C_GenerateSTART
                0x00000000000035ec       0x1a ./Peripheral/src/ch32v30x_i2c.o
                0x00000000000035ec                I2C_GenerateSTART
 .text.I2C_GenerateSTOP
                0x0000000000003606       0x1a ./Peripheral/src/ch32v30x_i2c.o
                0x0000000000003606                I2C_GenerateSTOP
 .text.I2C_AcknowledgeConfig
                0x0000000000003620       0x1a ./Peripheral/src/ch32v30x_i2c.o
                0x0000000000003620                I2C_AcknowledgeConfig
 .text.I2C_SendData
                0x000000000000363a        0x4 ./Peripheral/src/ch32v30x_i2c.o
                0x000000000000363a                I2C_SendData
 .text.I2C_ReceiveData
                0x000000000000363e        0x8 ./Peripheral/src/ch32v30x_i2c.o
                0x000000000000363e                I2C_ReceiveData
 .text.I2C_Send7bitAddress
                0x0000000000003646        0xe ./Peripheral/src/ch32v30x_i2c.o
                0x0000000000003646                I2C_Send7bitAddress
 .text.I2C_CheckEvent
                0x0000000000003654       0x16 ./Peripheral/src/ch32v30x_i2c.o
                0x0000000000003654                I2C_CheckEvent
 .text.I2C_GetFlagStatus
                0x000000000000366a       0x32 ./Peripheral/src/ch32v30x_i2c.o
                0x000000000000366a                I2C_GetFlagStatus
 .text.NVIC_PriorityGroupConfig
                0x000000000000369c        0x6 ./Peripheral/src/ch32v30x_misc.o
                0x000000000000369c                NVIC_PriorityGroupConfig
 .text.NVIC_Init
                0x00000000000036a2       0x5c ./Peripheral/src/ch32v30x_misc.o
                0x00000000000036a2                NVIC_Init
 .text.PWR_BackupAccessCmd
                0x00000000000036fe       0x16 ./Peripheral/src/ch32v30x_pwr.o
                0x00000000000036fe                PWR_BackupAccessCmd
 .text.PWR_EnterSTANDBYMode
                0x0000000000003714       0x30 ./Peripheral/src/ch32v30x_pwr.o
                0x0000000000003714                PWR_EnterSTANDBYMode
 .text.RCC_ADCCLKConfig
                0x0000000000003744       0x12 ./Peripheral/src/ch32v30x_rcc.o
                0x0000000000003744                RCC_ADCCLKConfig
 .text.RCC_LSEConfig
                0x0000000000003756       0x28 ./Peripheral/src/ch32v30x_rcc.o
                0x0000000000003756                RCC_LSEConfig
 .text.RCC_RTCCLKConfig
                0x000000000000377e        0xc ./Peripheral/src/ch32v30x_rcc.o
                0x000000000000377e                RCC_RTCCLKConfig
 .text.RCC_RTCCLKCmd
                0x000000000000378a       0x20 ./Peripheral/src/ch32v30x_rcc.o
                0x000000000000378a                RCC_RTCCLKCmd
 .text.RCC_GetClocksFreq
                0x00000000000037aa      0x158 ./Peripheral/src/ch32v30x_rcc.o
                0x00000000000037aa                RCC_GetClocksFreq
 .text.RCC_APB2PeriphClockCmd
                0x0000000000003902       0x1e ./Peripheral/src/ch32v30x_rcc.o
                0x0000000000003902                RCC_APB2PeriphClockCmd
 .text.RCC_APB1PeriphClockCmd
                0x0000000000003920       0x1e ./Peripheral/src/ch32v30x_rcc.o
                0x0000000000003920                RCC_APB1PeriphClockCmd
 .text.RCC_APB2PeriphResetCmd
                0x000000000000393e       0x1e ./Peripheral/src/ch32v30x_rcc.o
                0x000000000000393e                RCC_APB2PeriphResetCmd
 .text.RCC_BackupResetCmd
                0x000000000000395c       0x20 ./Peripheral/src/ch32v30x_rcc.o
                0x000000000000395c                RCC_BackupResetCmd
 .text.RCC_GetFlagStatus
                0x000000000000397c       0x2e ./Peripheral/src/ch32v30x_rcc.o
                0x000000000000397c                RCC_GetFlagStatus
 .text.RTC_ITConfig
                0x00000000000039aa       0x1a ./Peripheral/src/ch32v30x_rtc.o
                0x00000000000039aa                RTC_ITConfig
 .text.RTC_EnterConfigMode
                0x00000000000039c4       0x12 ./Peripheral/src/ch32v30x_rtc.o
                0x00000000000039c4                RTC_EnterConfigMode
 .text.RTC_ExitConfigMode
                0x00000000000039d6       0x18 ./Peripheral/src/ch32v30x_rtc.o
                0x00000000000039d6                RTC_ExitConfigMode
 .text.RTC_GetCounter
                0x00000000000039ee       0x62 ./Peripheral/src/ch32v30x_rtc.o
                0x00000000000039ee                RTC_GetCounter
 .text.RTC_SetCounter
                0x0000000000003a50       0x26 ./Peripheral/src/ch32v30x_rtc.o
                0x0000000000003a50                RTC_SetCounter
 .text.RTC_SetPrescaler
                0x0000000000003a76       0x28 ./Peripheral/src/ch32v30x_rtc.o
                0x0000000000003a76                RTC_SetPrescaler
 .text.RTC_WaitForLastTask
                0x0000000000003a9e       0x12 ./Peripheral/src/ch32v30x_rtc.o
                0x0000000000003a9e                RTC_WaitForLastTask
 .text.RTC_WaitForSynchro
                0x0000000000003ab0       0x20 ./Peripheral/src/ch32v30x_rtc.o
                0x0000000000003ab0                RTC_WaitForSynchro
 .text.RTC_ClearFlag
                0x0000000000003ad0       0x14 ./Peripheral/src/ch32v30x_rtc.o
                0x0000000000003ad0                RTC_ClearFlag
 .text.RTC_GetITStatus
                0x0000000000003ae4       0x20 ./Peripheral/src/ch32v30x_rtc.o
                0x0000000000003ae4                RTC_GetITStatus
 .text.RTC_ClearITPendingBit
                0x0000000000003b04        0x4 ./Peripheral/src/ch32v30x_rtc.o
                0x0000000000003b04                RTC_ClearITPendingBit
 .text.SPI_Init
                0x0000000000003b08       0x3e ./Peripheral/src/ch32v30x_spi.o
                0x0000000000003b08                SPI_Init
 .text.SPI_Cmd  0x0000000000003b46       0x1a ./Peripheral/src/ch32v30x_spi.o
                0x0000000000003b46                SPI_Cmd
 .text.SPI_I2S_SendData
                0x0000000000003b60        0x4 ./Peripheral/src/ch32v30x_spi.o
                0x0000000000003b60                SPI_I2S_SendData
 .text.SPI_I2S_ReceiveData
                0x0000000000003b64        0x4 ./Peripheral/src/ch32v30x_spi.o
                0x0000000000003b64                SPI_I2S_ReceiveData
 .text.SPI_I2S_GetFlagStatus
                0x0000000000003b68        0xa ./Peripheral/src/ch32v30x_spi.o
                0x0000000000003b68                SPI_I2S_GetFlagStatus
 .text.TIM_TimeBaseInit
                0x0000000000003b72      0x104 ./Peripheral/src/ch32v30x_tim.o
                0x0000000000003b72                TIM_TimeBaseInit
 .text.TIM_GetITStatus
                0x0000000000003c76       0x18 ./Peripheral/src/ch32v30x_tim.o
                0x0000000000003c76                TIM_GetITStatus
 .text.TIM_ClearITPendingBit
                0x0000000000003c8e        0xc ./Peripheral/src/ch32v30x_tim.o
                0x0000000000003c8e                TIM_ClearITPendingBit
 .text.USART_Init
                0x0000000000003c9a       0x8e ./Peripheral/src/ch32v30x_usart.o
                0x0000000000003c9a                USART_Init
 .text.USART_Cmd
                0x0000000000003d28       0x14 ./Peripheral/src/ch32v30x_usart.o
                0x0000000000003d28                USART_Cmd
 .text.USART_ITConfig
                0x0000000000003d3c       0x38 ./Peripheral/src/ch32v30x_usart.o
                0x0000000000003d3c                USART_ITConfig
 .text.USART_SendData
                0x0000000000003d74        0x8 ./Peripheral/src/ch32v30x_usart.o
                0x0000000000003d74                USART_SendData
 .text.USART_ReceiveData
                0x0000000000003d7c        0x8 ./Peripheral/src/ch32v30x_usart.o
                0x0000000000003d7c                USART_ReceiveData
 .text.USART_GetFlagStatus
                0x0000000000003d84        0xa ./Peripheral/src/ch32v30x_usart.o
                0x0000000000003d84                USART_GetFlagStatus
 .text.USART_GetITStatus
                0x0000000000003d8e       0x3e ./Peripheral/src/ch32v30x_usart.o
                0x0000000000003d8e                USART_GetITStatus
 .text.Delay_Init
                0x0000000000003dcc       0x26 ./Debug/debug.o
                0x0000000000003dcc                Delay_Init
 .text.Delay_Us
                0x0000000000003df2       0x36 ./Debug/debug.o
                0x0000000000003df2                Delay_Us
 .text.Delay_Ms
                0x0000000000003e28       0x36 ./Debug/debug.o
                0x0000000000003e28                Delay_Ms
 .text.USART1_IRQHandler
                0x0000000000003e5e      0x112 ./Debug/debug.o
                0x0000000000003e5e                USART1_IRQHandler
 .text.USART_Printf_Init
                0x0000000000003f70       0x90 ./Debug/debug.o
                0x0000000000003f70                USART_Printf_Init
 .text._write   0x0000000000004000       0x3a ./Debug/debug.o
                0x0000000000004000                _write
 .text._sbrk    0x000000000000403a       0x26 ./Debug/debug.o
                0x000000000000403a                _sbrk
 .text.lroundf  0x0000000000004060       0x6e /home/alarm/Downloads/RISC-V/MRS240/MRS-linux-x64/resources/app/resources/linux/components/WCH/Toolchain/RISC-V Embedded GCC12/bin/../lib/gcc/riscv-wch-elf/12.2.0/../../../../riscv-wch-elf/lib/libm_nano.a(lib_a-sf_lround.o)
                0x0000000000004060                lroundf
 .text.__bswapsi2
                0x00000000000040ce       0x24 /home/alarm/Downloads/RISC-V/MRS240/MRS-linux-x64/resources/app/resources/linux/components/WCH/Toolchain/RISC-V Embedded GCC12/bin/../lib/gcc/riscv-wch-elf/12.2.0/libgcc.a(_bswapsi2.o)
                0x00000000000040ce                __bswapsi2
 .text.__adddf3
                0x00000000000040f2      0x6e8 /home/alarm/Downloads/RISC-V/MRS240/MRS-linux-x64/resources/app/resources/linux/components/WCH/Toolchain/RISC-V Embedded GCC12/bin/../lib/gcc/riscv-wch-elf/12.2.0/libgcc.a(adddf3.o)
                0x00000000000040f2                __adddf3
 .text.__divdf3
                0x00000000000047da      0x5ae /home/alarm/Downloads/RISC-V/MRS240/MRS-linux-x64/resources/app/resources/linux/components/WCH/Toolchain/RISC-V Embedded GCC12/bin/../lib/gcc/riscv-wch-elf/12.2.0/libgcc.a(divdf3.o)
                0x00000000000047da                __divdf3
 .text.__eqdf2  0x0000000000004d88       0x6c /home/alarm/Downloads/RISC-V/MRS240/MRS-linux-x64/resources/app/resources/linux/components/WCH/Toolchain/RISC-V Embedded GCC12/bin/../lib/gcc/riscv-wch-elf/12.2.0/libgcc.a(eqdf2.o)
                0x0000000000004d88                __eqdf2
                0x0000000000004d88                __nedf2
 .text.__gedf2  0x0000000000004df4       0xbe /home/alarm/Downloads/RISC-V/MRS240/MRS-linux-x64/resources/app/resources/linux/components/WCH/Toolchain/RISC-V Embedded GCC12/bin/../lib/gcc/riscv-wch-elf/12.2.0/libgcc.a(gedf2.o)
                0x0000000000004df4                __gtdf2
                0x0000000000004df4                __gedf2
 .text.__ledf2  0x0000000000004eb2       0xbc /home/alarm/Downloads/RISC-V/MRS240/MRS-linux-x64/resources/app/resources/linux/components/WCH/Toolchain/RISC-V Embedded GCC12/bin/../lib/gcc/riscv-wch-elf/12.2.0/libgcc.a(ledf2.o)
                0x0000000000004eb2                __ltdf2
                0x0000000000004eb2                __ledf2
 .text.__muldf3
                0x0000000000004f6e      0x54a /home/alarm/Downloads/RISC-V/MRS240/MRS-linux-x64/resources/app/resources/linux/components/WCH/Toolchain/RISC-V Embedded GCC12/bin/../lib/gcc/riscv-wch-elf/12.2.0/libgcc.a(muldf3.o)
                0x0000000000004f6e                __muldf3
 .text.__subdf3
                0x00000000000054b8      0x734 /home/alarm/Downloads/RISC-V/MRS240/MRS-linux-x64/resources/app/resources/linux/components/WCH/Toolchain/RISC-V Embedded GCC12/bin/../lib/gcc/riscv-wch-elf/12.2.0/libgcc.a(subdf3.o)
                0x00000000000054b8                __subdf3
 .text.__fixdfsi
                0x0000000000005bec       0x66 /home/alarm/Downloads/RISC-V/MRS240/MRS-linux-x64/resources/app/resources/linux/components/WCH/Toolchain/RISC-V Embedded GCC12/bin/../lib/gcc/riscv-wch-elf/12.2.0/libgcc.a(fixdfsi.o)
                0x0000000000005bec                __fixdfsi
 .text.__floatsidf
                0x0000000000005c52       0x6e /home/alarm/Downloads/RISC-V/MRS240/MRS-linux-x64/resources/app/resources/linux/components/WCH/Toolchain/RISC-V Embedded GCC12/bin/../lib/gcc/riscv-wch-elf/12.2.0/libgcc.a(floatsidf.o)
                0x0000000000005c52                __floatsidf
 .text.__floatunsidf
                0x0000000000005cc0       0x6e /home/alarm/Downloads/RISC-V/MRS240/MRS-linux-x64/resources/app/resources/linux/components/WCH/Toolchain/RISC-V Embedded GCC12/bin/../lib/gcc/riscv-wch-elf/12.2.0/libgcc.a(floatunsidf.o)
                0x0000000000005cc0                __floatunsidf
 .text.__fixsfsi
                0x0000000000005d2e       0x60 /home/alarm/Downloads/RISC-V/MRS240/MRS-linux-x64/resources/app/resources/linux/components/WCH/Toolchain/RISC-V Embedded GCC12/bin/../lib/gcc/riscv-wch-elf/12.2.0/libgcc.a(fixsfsi.o)
                0x0000000000005d2e                __fixsfsi
 .text.__truncdfsf2
                0x0000000000005d8e      0x16c /home/alarm/Downloads/RISC-V/MRS240/MRS-linux-x64/resources/app/resources/linux/components/WCH/Toolchain/RISC-V Embedded GCC12/bin/../lib/gcc/riscv-wch-elf/12.2.0/libgcc.a(truncdfsf2.o)
                0x0000000000005d8e                __truncdfsf2
 .text.__clzsi2
                0x0000000000005efa       0x6e /home/alarm/Downloads/RISC-V/MRS240/MRS-linux-x64/resources/app/resources/linux/components/WCH/Toolchain/RISC-V Embedded GCC12/bin/../lib/gcc/riscv-wch-elf/12.2.0/libgcc.a(_clzsi2.o)
                0x0000000000005efa                __clzsi2
 .text.atol     0x0000000000005f68        0x6 /home/alarm/Downloads/RISC-V/MRS240/MRS-linux-x64/resources/app/resources/linux/components/WCH/Toolchain/RISC-V Embedded GCC12/bin/../lib/gcc/riscv-wch-elf/12.2.0/../../../../riscv-wch-elf/lib/libg_nano.a(lib_a-atol.o)
                0x0000000000005f68                atol
 .text.calloc   0x0000000000005f6e        0xa /home/alarm/Downloads/RISC-V/MRS240/MRS-linux-x64/resources/app/resources/linux/components/WCH/Toolchain/RISC-V Embedded GCC12/bin/../lib/gcc/riscv-wch-elf/12.2.0/../../../../riscv-wch-elf/lib/libg_nano.a(lib_a-calloc.o)
                0x0000000000005f6e                calloc
 .text.free     0x0000000000005f78        0x8 /home/alarm/Downloads/RISC-V/MRS240/MRS-linux-x64/resources/app/resources/linux/components/WCH/Toolchain/RISC-V Embedded GCC12/bin/../lib/gcc/riscv-wch-elf/12.2.0/../../../../riscv-wch-elf/lib/libg_nano.a(lib_a-malloc.o)
                0x0000000000005f78                free
 .text._calloc_r
                0x0000000000005f80       0x34 /home/alarm/Downloads/RISC-V/MRS240/MRS-linux-x64/resources/app/resources/linux/components/WCH/Toolchain/RISC-V Embedded GCC12/bin/../lib/gcc/riscv-wch-elf/12.2.0/../../../../riscv-wch-elf/lib/libg_nano.a(lib_a-nano-callocr.o)
                0x0000000000005f80                _calloc_r
 .text._free_r  0x0000000000005fb4       0xa2 /home/alarm/Downloads/RISC-V/MRS240/MRS-linux-x64/resources/app/resources/linux/components/WCH/Toolchain/RISC-V Embedded GCC12/bin/../lib/gcc/riscv-wch-elf/12.2.0/../../../../riscv-wch-elf/lib/libg_nano.a(lib_a-nano-freer.o)
                0x0000000000005fb4                _free_r
 .text.sbrk_aligned
                0x0000000000006056       0x54 /home/alarm/Downloads/RISC-V/MRS240/MRS-linux-x64/resources/app/resources/linux/components/WCH/Toolchain/RISC-V Embedded GCC12/bin/../lib/gcc/riscv-wch-elf/12.2.0/../../../../riscv-wch-elf/lib/libg_nano.a(lib_a-nano-mallocr.o)
 .text._malloc_r
                0x00000000000060aa      0x112 /home/alarm/Downloads/RISC-V/MRS240/MRS-linux-x64/resources/app/resources/linux/components/WCH/Toolchain/RISC-V Embedded GCC12/bin/../lib/gcc/riscv-wch-elf/12.2.0/../../../../riscv-wch-elf/lib/libg_nano.a(lib_a-nano-mallocr.o)
                0x00000000000060aa                _malloc_r
 .text.printf   0x00000000000061bc       0x3c /home/alarm/Downloads/RISC-V/MRS240/MRS-linux-x64/resources/app/resources/linux/components/WCH/Toolchain/RISC-V Embedded GCC12/bin/../lib/gcc/riscv-wch-elf/12.2.0/../../../../riscv-wch-elf/lib/libg_nano.a(lib_a-printf.o)
                0x00000000000061bc                printf
                0x00000000000061bc                iprintf
 .text._puts_r  0x00000000000061f8      0x116 /home/alarm/Downloads/RISC-V/MRS240/MRS-linux-x64/resources/app/resources/linux/components/WCH/Toolchain/RISC-V Embedded GCC12/bin/../lib/gcc/riscv-wch-elf/12.2.0/../../../../riscv-wch-elf/lib/libg_nano.a(lib_a-puts.o)
                0x00000000000061f8                _puts_r
 .text.puts     0x000000000000630e        0xa /home/alarm/Downloads/RISC-V/MRS240/MRS-linux-x64/resources/app/resources/linux/components/WCH/Toolchain/RISC-V Embedded GCC12/bin/../lib/gcc/riscv-wch-elf/12.2.0/../../../../riscv-wch-elf/lib/libg_nano.a(lib_a-puts.o)
                0x000000000000630e                puts
 .text._sbrk_r  0x0000000000006318       0x28 /home/alarm/Downloads/RISC-V/MRS240/MRS-linux-x64/resources/app/resources/linux/components/WCH/Toolchain/RISC-V Embedded GCC12/bin/../lib/gcc/riscv-wch-elf/12.2.0/../../../../riscv-wch-elf/lib/libg_nano.a(lib_a-sbrkr.o)
                0x0000000000006318                _sbrk_r
 .text.sprintf  0x0000000000006340       0x42 /home/alarm/Downloads/RISC-V/MRS240/MRS-linux-x64/resources/app/resources/linux/components/WCH/Toolchain/RISC-V Embedded GCC12/bin/../lib/gcc/riscv-wch-elf/12.2.0/../../../../riscv-wch-elf/lib/libg_nano.a(lib_a-sprintf.o)
                0x0000000000006340                sprintf
                0x0000000000006340                siprintf
 .text.strcat   0x0000000000006382       0x1c /home/alarm/Downloads/RISC-V/MRS240/MRS-linux-x64/resources/app/resources/linux/components/WCH/Toolchain/RISC-V Embedded GCC12/bin/../lib/gcc/riscv-wch-elf/12.2.0/../../../../riscv-wch-elf/lib/libg_nano.a(lib_a-strcat.o)
                0x0000000000006382                strcat
 .text.strchr   0x000000000000639e       0x1a /home/alarm/Downloads/RISC-V/MRS240/MRS-linux-x64/resources/app/resources/linux/components/WCH/Toolchain/RISC-V Embedded GCC12/bin/../lib/gcc/riscv-wch-elf/12.2.0/../../../../riscv-wch-elf/lib/libg_nano.a(lib_a-strchr.o)
                0x000000000000639e                strchr
 .text.strcpy   0x00000000000063b8       0x12 /home/alarm/Downloads/RISC-V/MRS240/MRS-linux-x64/resources/app/resources/linux/components/WCH/Toolchain/RISC-V Embedded GCC12/bin/../lib/gcc/riscv-wch-elf/12.2.0/../../../../riscv-wch-elf/lib/libg_nano.a(lib_a-strcpy.o)
                0x00000000000063b8                strcpy
 .text.strlen   0x00000000000063ca       0x12 /home/alarm/Downloads/RISC-V/MRS240/MRS-linux-x64/resources/app/resources/linux/components/WCH/Toolchain/RISC-V Embedded GCC12/bin/../lib/gcc/riscv-wch-elf/12.2.0/../../../../riscv-wch-elf/lib/libg_nano.a(lib_a-strlen.o)
                0x00000000000063ca                strlen
 .text.strstr   0x00000000000063dc       0x36 /home/alarm/Downloads/RISC-V/MRS240/MRS-linux-x64/resources/app/resources/linux/components/WCH/Toolchain/RISC-V Embedded GCC12/bin/../lib/gcc/riscv-wch-elf/12.2.0/../../../../riscv-wch-elf/lib/libg_nano.a(lib_a-strstr.o)
                0x00000000000063dc                strstr
 .text._strtol_l.constprop.0
                0x0000000000006412      0x144 /home/alarm/Downloads/RISC-V/MRS240/MRS-linux-x64/resources/app/resources/linux/components/WCH/Toolchain/RISC-V Embedded GCC12/bin/../lib/gcc/riscv-wch-elf/12.2.0/../../../../riscv-wch-elf/lib/libg_nano.a(lib_a-strtol.o)
 .text.strtol   0x0000000000006556        0xe /home/alarm/Downloads/RISC-V/MRS240/MRS-linux-x64/resources/app/resources/linux/components/WCH/Toolchain/RISC-V Embedded GCC12/bin/../lib/gcc/riscv-wch-elf/12.2.0/../../../../riscv-wch-elf/lib/libg_nano.a(lib_a-strtol.o)
                0x0000000000006556                strtol
 .text.__swbuf_r
                0x0000000000006564       0xc0 /home/alarm/Downloads/RISC-V/MRS240/MRS-linux-x64/resources/app/resources/linux/components/WCH/Toolchain/RISC-V Embedded GCC12/bin/../lib/gcc/riscv-wch-elf/12.2.0/../../../../riscv-wch-elf/lib/libg_nano.a(lib_a-wbuf.o)
                0x0000000000006564                __swbuf_r
 .text.__swsetup_r
                0x0000000000006624       0xfc /home/alarm/Downloads/RISC-V/MRS240/MRS-linux-x64/resources/app/resources/linux/components/WCH/Toolchain/RISC-V Embedded GCC12/bin/../lib/gcc/riscv-wch-elf/12.2.0/../../../../riscv-wch-elf/lib/libg_nano.a(lib_a-wsetup.o)
                0x0000000000006624                __swsetup_r
 .text.__errno  0x0000000000006720        0x6 /home/alarm/Downloads/RISC-V/MRS240/MRS-linux-x64/resources/app/resources/linux/components/WCH/Toolchain/RISC-V Embedded GCC12/bin/../lib/gcc/riscv-wch-elf/12.2.0/../../../../riscv-wch-elf/lib/libg_nano.a(lib_a-errno.o)
                0x0000000000006720                __errno
 .text.__sflush_r
                0x0000000000006726      0x13a /home/alarm/Downloads/RISC-V/MRS240/MRS-linux-x64/resources/app/resources/linux/components/WCH/Toolchain/RISC-V Embedded GCC12/bin/../lib/gcc/riscv-wch-elf/12.2.0/../../../../riscv-wch-elf/lib/libg_nano.a(lib_a-fflush.o)
                0x0000000000006726                __sflush_r
 .text._fflush_r
                0x0000000000006860       0x8a /home/alarm/Downloads/RISC-V/MRS240/MRS-linux-x64/resources/app/resources/linux/components/WCH/Toolchain/RISC-V Embedded GCC12/bin/../lib/gcc/riscv-wch-elf/12.2.0/../../../../riscv-wch-elf/lib/libg_nano.a(lib_a-fflush.o)
                0x0000000000006860                _fflush_r
 .text.std      0x00000000000068ea       0x6a /home/alarm/Downloads/RISC-V/MRS240/MRS-linux-x64/resources/app/resources/linux/components/WCH/Toolchain/RISC-V Embedded GCC12/bin/../lib/gcc/riscv-wch-elf/12.2.0/../../../../riscv-wch-elf/lib/libg_nano.a(lib_a-findfp.o)
 .text._cleanup_r
                0x0000000000006954        0xa /home/alarm/Downloads/RISC-V/MRS240/MRS-linux-x64/resources/app/resources/linux/components/WCH/Toolchain/RISC-V Embedded GCC12/bin/../lib/gcc/riscv-wch-elf/12.2.0/../../../../riscv-wch-elf/lib/libg_nano.a(lib_a-findfp.o)
                0x0000000000006954                _cleanup_r
 .text.__sfmoreglue
                0x000000000000695e       0x48 /home/alarm/Downloads/RISC-V/MRS240/MRS-linux-x64/resources/app/resources/linux/components/WCH/Toolchain/RISC-V Embedded GCC12/bin/../lib/gcc/riscv-wch-elf/12.2.0/../../../../riscv-wch-elf/lib/libg_nano.a(lib_a-findfp.o)
                0x000000000000695e                __sfmoreglue
 .text.__sfp_lock_acquire
                0x00000000000069a6        0x6 /home/alarm/Downloads/RISC-V/MRS240/MRS-linux-x64/resources/app/resources/linux/components/WCH/Toolchain/RISC-V Embedded GCC12/bin/../lib/gcc/riscv-wch-elf/12.2.0/../../../../riscv-wch-elf/lib/libg_nano.a(lib_a-findfp.o)
                0x00000000000069a6                __sfp_lock_acquire
 .text.__sfp_lock_release
                0x00000000000069ac        0x6 /home/alarm/Downloads/RISC-V/MRS240/MRS-linux-x64/resources/app/resources/linux/components/WCH/Toolchain/RISC-V Embedded GCC12/bin/../lib/gcc/riscv-wch-elf/12.2.0/../../../../riscv-wch-elf/lib/libg_nano.a(lib_a-findfp.o)
                0x00000000000069ac                __sfp_lock_release
 .text.__sinit_lock_acquire
                0x00000000000069b2        0x6 /home/alarm/Downloads/RISC-V/MRS240/MRS-linux-x64/resources/app/resources/linux/components/WCH/Toolchain/RISC-V Embedded GCC12/bin/../lib/gcc/riscv-wch-elf/12.2.0/../../../../riscv-wch-elf/lib/libg_nano.a(lib_a-findfp.o)
                0x00000000000069b2                __sinit_lock_acquire
 .text.__sinit_lock_release
                0x00000000000069b8        0x6 /home/alarm/Downloads/RISC-V/MRS240/MRS-linux-x64/resources/app/resources/linux/components/WCH/Toolchain/RISC-V Embedded GCC12/bin/../lib/gcc/riscv-wch-elf/12.2.0/../../../../riscv-wch-elf/lib/libg_nano.a(lib_a-findfp.o)
                0x00000000000069b8                __sinit_lock_release
 .text.__sinit  0x00000000000069be       0x72 /home/alarm/Downloads/RISC-V/MRS240/MRS-linux-x64/resources/app/resources/linux/components/WCH/Toolchain/RISC-V Embedded GCC12/bin/../lib/gcc/riscv-wch-elf/12.2.0/../../../../riscv-wch-elf/lib/libg_nano.a(lib_a-findfp.o)
                0x00000000000069be                __sinit
 .text.__sfp    0x0000000000006a30       0xb0 /home/alarm/Downloads/RISC-V/MRS240/MRS-linux-x64/resources/app/resources/linux/components/WCH/Toolchain/RISC-V Embedded GCC12/bin/../lib/gcc/riscv-wch-elf/12.2.0/../../../../riscv-wch-elf/lib/libg_nano.a(lib_a-findfp.o)
                0x0000000000006a30                __sfp
 .text._fwalk_reent
                0x0000000000006ae0       0x6a /home/alarm/Downloads/RISC-V/MRS240/MRS-linux-x64/resources/app/resources/linux/components/WCH/Toolchain/RISC-V Embedded GCC12/bin/../lib/gcc/riscv-wch-elf/12.2.0/../../../../riscv-wch-elf/lib/libg_nano.a(lib_a-fwalk.o)
                0x0000000000006ae0                _fwalk_reent
 .text.__retarget_lock_init_recursive
                0x0000000000006b4a        0x2 /home/alarm/Downloads/RISC-V/MRS240/MRS-linux-x64/resources/app/resources/linux/components/WCH/Toolchain/RISC-V Embedded GCC12/bin/../lib/gcc/riscv-wch-elf/12.2.0/../../../../riscv-wch-elf/lib/libg_nano.a(lib_a-lock.o)
                0x0000000000006b4a                __retarget_lock_init_recursive
 .text.__retarget_lock_acquire_recursive
                0x0000000000006b4c        0x2 /home/alarm/Downloads/RISC-V/MRS240/MRS-linux-x64/resources/app/resources/linux/components/WCH/Toolchain/RISC-V Embedded GCC12/bin/../lib/gcc/riscv-wch-elf/12.2.0/../../../../riscv-wch-elf/lib/libg_nano.a(lib_a-lock.o)
                0x0000000000006b4c                __retarget_lock_acquire_recursive
 .text.__retarget_lock_release_recursive
                0x0000000000006b4e        0x2 /home/alarm/Downloads/RISC-V/MRS240/MRS-linux-x64/resources/app/resources/linux/components/WCH/Toolchain/RISC-V Embedded GCC12/bin/../lib/gcc/riscv-wch-elf/12.2.0/../../../../riscv-wch-elf/lib/libg_nano.a(lib_a-lock.o)
                0x0000000000006b4e                __retarget_lock_release_recursive
 .text.__swhatbuf_r
                0x0000000000006b50       0x5c /home/alarm/Downloads/RISC-V/MRS240/MRS-linux-x64/resources/app/resources/linux/components/WCH/Toolchain/RISC-V Embedded GCC12/bin/../lib/gcc/riscv-wch-elf/12.2.0/../../../../riscv-wch-elf/lib/libg_nano.a(lib_a-makebuf.o)
                0x0000000000006b50                __swhatbuf_r
 .text.__smakebuf_r
                0x0000000000006bac       0xa8 /home/alarm/Downloads/RISC-V/MRS240/MRS-linux-x64/resources/app/resources/linux/components/WCH/Toolchain/RISC-V Embedded GCC12/bin/../lib/gcc/riscv-wch-elf/12.2.0/../../../../riscv-wch-elf/lib/libg_nano.a(lib_a-makebuf.o)
                0x0000000000006bac                __smakebuf_r
 .text.__malloc_lock
                0x0000000000006c54        0x8 /home/alarm/Downloads/RISC-V/MRS240/MRS-linux-x64/resources/app/resources/linux/components/WCH/Toolchain/RISC-V Embedded GCC12/bin/../lib/gcc/riscv-wch-elf/12.2.0/../../../../riscv-wch-elf/lib/libg_nano.a(lib_a-mlock.o)
                0x0000000000006c54                __malloc_lock
 .text.__malloc_unlock
                0x0000000000006c5c        0x8 /home/alarm/Downloads/RISC-V/MRS240/MRS-linux-x64/resources/app/resources/linux/components/WCH/Toolchain/RISC-V Embedded GCC12/bin/../lib/gcc/riscv-wch-elf/12.2.0/../../../../riscv-wch-elf/lib/libg_nano.a(lib_a-mlock.o)
                0x0000000000006c5c                __malloc_unlock
 .text.__ssputs_r
                0x0000000000006c64       0xec /home/alarm/Downloads/RISC-V/MRS240/MRS-linux-x64/resources/app/resources/linux/components/WCH/Toolchain/RISC-V Embedded GCC12/bin/../lib/gcc/riscv-wch-elf/12.2.0/../../../../riscv-wch-elf/lib/libg_nano.a(lib_a-nano-svfprintf.o)
                0x0000000000006c64                __ssputs_r
 .text._svfprintf_r
                0x0000000000006d50      0x276 /home/alarm/Downloads/RISC-V/MRS240/MRS-linux-x64/resources/app/resources/linux/components/WCH/Toolchain/RISC-V Embedded GCC12/bin/../lib/gcc/riscv-wch-elf/12.2.0/../../../../riscv-wch-elf/lib/libg_nano.a(lib_a-nano-svfprintf.o)
                0x0000000000006d50                _svfprintf_r
                0x0000000000006d50                _svfiprintf_r
 .text._printf_common
                0x0000000000006fc6      0x110 /home/alarm/Downloads/RISC-V/MRS240/MRS-linux-x64/resources/app/resources/linux/components/WCH/Toolchain/RISC-V Embedded GCC12/bin/../lib/gcc/riscv-wch-elf/12.2.0/../../../../riscv-wch-elf/lib/libg_nano.a(lib_a-nano-vfprintf_i.o)
                0x0000000000006fc6                _printf_common
 .text._printf_i
                0x00000000000070d6      0x284 /home/alarm/Downloads/RISC-V/MRS240/MRS-linux-x64/resources/app/resources/linux/components/WCH/Toolchain/RISC-V Embedded GCC12/bin/../lib/gcc/riscv-wch-elf/12.2.0/../../../../riscv-wch-elf/lib/libg_nano.a(lib_a-nano-vfprintf_i.o)
                0x00000000000070d6                _printf_i
 .text.__sfputc_r
                0x000000000000735a       0x2a /home/alarm/Downloads/RISC-V/MRS240/MRS-linux-x64/resources/app/resources/linux/components/WCH/Toolchain/RISC-V Embedded GCC12/bin/../lib/gcc/riscv-wch-elf/12.2.0/../../../../riscv-wch-elf/lib/libg_nano.a(lib_a-nano-vfprintf.o)
 .text.__sfputs_r
                0x0000000000007384       0x44 /home/alarm/Downloads/RISC-V/MRS240/MRS-linux-x64/resources/app/resources/linux/components/WCH/Toolchain/RISC-V Embedded GCC12/bin/../lib/gcc/riscv-wch-elf/12.2.0/../../../../riscv-wch-elf/lib/libg_nano.a(lib_a-nano-vfprintf.o)
                0x0000000000007384                __sfputs_r
 .text._vfprintf_r
                0x00000000000073c8      0x2dc /home/alarm/Downloads/RISC-V/MRS240/MRS-linux-x64/resources/app/resources/linux/components/WCH/Toolchain/RISC-V Embedded GCC12/bin/../lib/gcc/riscv-wch-elf/12.2.0/../../../../riscv-wch-elf/lib/libg_nano.a(lib_a-nano-vfprintf.o)
                0x00000000000073c8                _vfiprintf_r
                0x00000000000073c8                _vfprintf_r
 .text.__sread  0x00000000000076a4       0x30 /home/alarm/Downloads/RISC-V/MRS240/MRS-linux-x64/resources/app/resources/linux/components/WCH/Toolchain/RISC-V Embedded GCC12/bin/../lib/gcc/riscv-wch-elf/12.2.0/../../../../riscv-wch-elf/lib/libg_nano.a(lib_a-stdio.o)
                0x00000000000076a4                __sread
 .text.__swrite
                0x00000000000076d4       0x4e /home/alarm/Downloads/RISC-V/MRS240/MRS-linux-x64/resources/app/resources/linux/components/WCH/Toolchain/RISC-V Embedded GCC12/bin/../lib/gcc/riscv-wch-elf/12.2.0/../../../../riscv-wch-elf/lib/libg_nano.a(lib_a-stdio.o)
                0x00000000000076d4                __swrite
 .text.__sseek  0x0000000000007722       0x36 /home/alarm/Downloads/RISC-V/MRS240/MRS-linux-x64/resources/app/resources/linux/components/WCH/Toolchain/RISC-V Embedded GCC12/bin/../lib/gcc/riscv-wch-elf/12.2.0/../../../../riscv-wch-elf/lib/libg_nano.a(lib_a-stdio.o)
                0x0000000000007722                __sseek
 .text.__sclose
                0x0000000000007758        0x6 /home/alarm/Downloads/RISC-V/MRS240/MRS-linux-x64/resources/app/resources/linux/components/WCH/Toolchain/RISC-V Embedded GCC12/bin/../lib/gcc/riscv-wch-elf/12.2.0/../../../../riscv-wch-elf/lib/libg_nano.a(lib_a-stdio.o)
                0x0000000000007758                __sclose
 .text._write_r
                0x000000000000775e       0x2c /home/alarm/Downloads/RISC-V/MRS240/MRS-linux-x64/resources/app/resources/linux/components/WCH/Toolchain/RISC-V Embedded GCC12/bin/../lib/gcc/riscv-wch-elf/12.2.0/../../../../riscv-wch-elf/lib/libg_nano.a(lib_a-writer.o)
                0x000000000000775e                _write_r
 .text._close_r
                0x000000000000778a       0x26 /home/alarm/Downloads/RISC-V/MRS240/MRS-linux-x64/resources/app/resources/linux/components/WCH/Toolchain/RISC-V Embedded GCC12/bin/../lib/gcc/riscv-wch-elf/12.2.0/../../../../riscv-wch-elf/lib/libg_nano.a(lib_a-closer.o)
                0x000000000000778a                _close_r
 .text._fstat_r
                0x00000000000077b0       0x28 /home/alarm/Downloads/RISC-V/MRS240/MRS-linux-x64/resources/app/resources/linux/components/WCH/Toolchain/RISC-V Embedded GCC12/bin/../lib/gcc/riscv-wch-elf/12.2.0/../../../../riscv-wch-elf/lib/libg_nano.a(lib_a-fstatr.o)
                0x00000000000077b0                _fstat_r
 .text._isatty_r
                0x00000000000077d8       0x26 /home/alarm/Downloads/RISC-V/MRS240/MRS-linux-x64/resources/app/resources/linux/components/WCH/Toolchain/RISC-V Embedded GCC12/bin/../lib/gcc/riscv-wch-elf/12.2.0/../../../../riscv-wch-elf/lib/libg_nano.a(lib_a-isattyr.o)
                0x00000000000077d8                _isatty_r
 .text._lseek_r
                0x00000000000077fe       0x2a /home/alarm/Downloads/RISC-V/MRS240/MRS-linux-x64/resources/app/resources/linux/components/WCH/Toolchain/RISC-V Embedded GCC12/bin/../lib/gcc/riscv-wch-elf/12.2.0/../../../../riscv-wch-elf/lib/libg_nano.a(lib_a-lseekr.o)
                0x00000000000077fe                _lseek_r
 .text.memchr   0x0000000000007828       0x1a /home/alarm/Downloads/RISC-V/MRS240/MRS-linux-x64/resources/app/resources/linux/components/WCH/Toolchain/RISC-V Embedded GCC12/bin/../lib/gcc/riscv-wch-elf/12.2.0/../../../../riscv-wch-elf/lib/libg_nano.a(lib_a-memchr.o)
                0x0000000000007828                memchr
 .text._realloc_r
                0x0000000000007842       0x7c /home/alarm/Downloads/RISC-V/MRS240/MRS-linux-x64/resources/app/resources/linux/components/WCH/Toolchain/RISC-V Embedded GCC12/bin/../lib/gcc/riscv-wch-elf/12.2.0/../../../../riscv-wch-elf/lib/libg_nano.a(lib_a-nano-reallocr.o)
                0x0000000000007842                _realloc_r
 .text._read_r  0x00000000000078be       0x2a /home/alarm/Downloads/RISC-V/MRS240/MRS-linux-x64/resources/app/resources/linux/components/WCH/Toolchain/RISC-V Embedded GCC12/bin/../lib/gcc/riscv-wch-elf/12.2.0/../../../../riscv-wch-elf/lib/libg_nano.a(lib_a-readr.o)
                0x00000000000078be                _read_r
 .text._malloc_usable_size_r
                0x00000000000078e8       0x14 /home/alarm/Downloads/RISC-V/MRS240/MRS-linux-x64/resources/app/resources/linux/components/WCH/Toolchain/RISC-V Embedded GCC12/bin/../lib/gcc/riscv-wch-elf/12.2.0/../../../../riscv-wch-elf/lib/libg_nano.a(lib_a-nano-msizer.o)
                0x00000000000078e8                _malloc_usable_size_r
 .text._close   0x00000000000078fc        0xc /home/alarm/Downloads/RISC-V/MRS240/MRS-linux-x64/resources/app/resources/linux/components/WCH/Toolchain/RISC-V Embedded GCC12/bin/../lib/gcc/riscv-wch-elf/12.2.0/../../../../riscv-wch-elf/lib/libnosys.a(close.o)
                0x00000000000078fc                _close
 .text._fstat   0x0000000000007908        0xc /home/alarm/Downloads/RISC-V/MRS240/MRS-linux-x64/resources/app/resources/linux/components/WCH/Toolchain/RISC-V Embedded GCC12/bin/../lib/gcc/riscv-wch-elf/12.2.0/../../../../riscv-wch-elf/lib/libnosys.a(fstat.o)
                0x0000000000007908                _fstat
 .text._isatty  0x0000000000007914        0xc /home/alarm/Downloads/RISC-V/MRS240/MRS-linux-x64/resources/app/resources/linux/components/WCH/Toolchain/RISC-V Embedded GCC12/bin/../lib/gcc/riscv-wch-elf/12.2.0/../../../../riscv-wch-elf/lib/libnosys.a(isatty.o)
                0x0000000000007914                _isatty
 .text._lseek   0x0000000000007920        0xc /home/alarm/Downloads/RISC-V/MRS240/MRS-linux-x64/resources/app/resources/linux/components/WCH/Toolchain/RISC-V Embedded GCC12/bin/../lib/gcc/riscv-wch-elf/12.2.0/../../../../riscv-wch-elf/lib/libnosys.a(lseek.o)
                0x0000000000007920                _lseek
 .text._read    0x000000000000792c        0xc /home/alarm/Downloads/RISC-V/MRS240/MRS-linux-x64/resources/app/resources/linux/components/WCH/Toolchain/RISC-V Embedded GCC12/bin/../lib/gcc/riscv-wch-elf/12.2.0/../../../../riscv-wch-elf/lib/libnosys.a(read.o)
                0x000000000000792c                _read
 *(.rodata)
 *(.rodata*)
 *fill*         0x0000000000007938        0x0 
 .rodata.UART4_IRQHandler.str1.4
                0x0000000000007938        0x3 ./User/air.o
 .rodata.putAirBuf.str1.4
                0x000000000000793b        0x3 ./User/air.o
 *fill*         0x000000000000793b        0x1 
 .rodata.str1.4
                0x000000000000793c      0x13a ./User/air.o
 *fill*         0x0000000000007a76        0x2 
 .rodata.Font16x26
                0x0000000000007a78     0x134c ./User/fonts.o
                0x0000000000007a78                Font16x26
 .rodata.Font11x18
                0x0000000000008dc4      0xd5c ./User/fonts.o
                0x0000000000008dc4                Font11x18
 .rodata.calcTime.str1.4
                0x0000000000009b20       0x19 ./User/func.o
 *fill*         0x0000000000009b39        0x3 
 .rodata.ChipName.str1.4
                0x0000000000009b3c       0xf5 ./User/func.o
 *fill*         0x0000000000009c31        0x3 
 .rodata.help.str1.4
                0x0000000000009c34      0x13e ./User/func.o
 *fill*         0x0000000000009d72        0x2 
 .rodata.fmramName.str1.4
                0x0000000000009d74       0x41 ./User/func.o
 *fill*         0x0000000000009db5        0x3 
 .rodata.prn_msg.str1.4
                0x0000000000009db8       0xd0 ./User/func.o
                                         0xd4 (size before relaxing)
 .rodata.prnBuffer.str1.4
                0x0000000000009e88        0xe ./User/func.o
                                         0x13 (size before relaxing)
 *fill*         0x0000000000009e96        0x2 
 .rodata.crc32_tab
                0x0000000000009e98      0x400 ./User/func.o
 .rodata.str1.4
                0x000000000000a298       0x11 ./User/func.o
                                         0x15 (size before relaxing)
 *fill*         0x000000000000a2a9        0x3 
 .rodata.lcd_init.str1.4
                0x000000000000a2ac       0x1f ./User/lcd.o
 *fill*         0x000000000000a2cb        0x1 
 .rodata.main.str1.4
                0x000000000000a2cc      0x102 ./User/main.o
                                        0x10a (size before relaxing)
 *fill*         0x000000000000a3ce        0x2 
 .rodata.main   0x000000000000a3d0       0x38 ./User/main.o
 .rodata.mon_table
                0x000000000000a408        0xc ./User/rtc.o
                0x000000000000a408                mon_table
 .rodata.table_week
                0x000000000000a414        0xc ./User/rtc.o
                0x000000000000a414                table_week
 .rodata.__divdf3
                0x000000000000a420       0x40 /home/alarm/Downloads/RISC-V/MRS240/MRS-linux-x64/resources/app/resources/linux/components/WCH/Toolchain/RISC-V Embedded GCC12/bin/../lib/gcc/riscv-wch-elf/12.2.0/libgcc.a(divdf3.o)
 .rodata.__clz_tab
                0x000000000000a460      0x100 /home/alarm/Downloads/RISC-V/MRS240/MRS-linux-x64/resources/app/resources/linux/components/WCH/Toolchain/RISC-V Embedded GCC12/bin/../lib/gcc/riscv-wch-elf/12.2.0/libgcc.a(_clz.o)
                0x000000000000a460                __clz_tab
 .rodata._ctype_
                0x000000000000a560      0x101 /home/alarm/Downloads/RISC-V/MRS240/MRS-linux-x64/resources/app/resources/linux/components/WCH/Toolchain/RISC-V Embedded GCC12/bin/../lib/gcc/riscv-wch-elf/12.2.0/../../../../riscv-wch-elf/lib/libg_nano.a(lib_a-ctype_.o)
                0x000000000000a560                _ctype_
 *fill*         0x000000000000a661        0x3 
 .rodata.__sf_fake_stderr
                0x000000000000a664       0x20 /home/alarm/Downloads/RISC-V/MRS240/MRS-linux-x64/resources/app/resources/linux/components/WCH/Toolchain/RISC-V Embedded GCC12/bin/../lib/gcc/riscv-wch-elf/12.2.0/../../../../riscv-wch-elf/lib/libg_nano.a(lib_a-findfp.o)
                0x000000000000a664                __sf_fake_stderr
 .rodata.__sf_fake_stdout
                0x000000000000a684       0x20 /home/alarm/Downloads/RISC-V/MRS240/MRS-linux-x64/resources/app/resources/linux/components/WCH/Toolchain/RISC-V Embedded GCC12/bin/../lib/gcc/riscv-wch-elf/12.2.0/../../../../riscv-wch-elf/lib/libg_nano.a(lib_a-findfp.o)
                0x000000000000a684                __sf_fake_stdout
 .rodata.__sf_fake_stdin
                0x000000000000a6a4       0x20 /home/alarm/Downloads/RISC-V/MRS240/MRS-linux-x64/resources/app/resources/linux/components/WCH/Toolchain/RISC-V Embedded GCC12/bin/../lib/gcc/riscv-wch-elf/12.2.0/../../../../riscv-wch-elf/lib/libg_nano.a(lib_a-findfp.o)
                0x000000000000a6a4                __sf_fake_stdin
 .rodata._svfprintf_r.str1.4
                0x000000000000a6c4       0x13 /home/alarm/Downloads/RISC-V/MRS240/MRS-linux-x64/resources/app/resources/linux/components/WCH/Toolchain/RISC-V Embedded GCC12/bin/../lib/gcc/riscv-wch-elf/12.2.0/../../../../riscv-wch-elf/lib/libg_nano.a(lib_a-nano-svfprintf.o)
 *fill*         0x000000000000a6d7        0x1 
 .rodata._printf_i.str1.4
                0x000000000000a6d8       0x25 /home/alarm/Downloads/RISC-V/MRS240/MRS-linux-x64/resources/app/resources/linux/components/WCH/Toolchain/RISC-V Embedded GCC12/bin/../lib/gcc/riscv-wch-elf/12.2.0/../../../../riscv-wch-elf/lib/libg_nano.a(lib_a-nano-vfprintf_i.o)
 *fill*         0x000000000000a6fd        0x3 
 .rodata._printf_i
                0x000000000000a700       0x58 /home/alarm/Downloads/RISC-V/MRS240/MRS-linux-x64/resources/app/resources/linux/components/WCH/Toolchain/RISC-V Embedded GCC12/bin/../lib/gcc/riscv-wch-elf/12.2.0/../../../../riscv-wch-elf/lib/libg_nano.a(lib_a-nano-vfprintf_i.o)
 .rodata._vfprintf_r.str1.4
                0x000000000000a758       0x13 /home/alarm/Downloads/RISC-V/MRS240/MRS-linux-x64/resources/app/resources/linux/components/WCH/Toolchain/RISC-V Embedded GCC12/bin/../lib/gcc/riscv-wch-elf/12.2.0/../../../../riscv-wch-elf/lib/libg_nano.a(lib_a-nano-vfprintf.o)
 *(.gnu.linkonce.t.*)
                0x000000000000a76c                . = ALIGN (0x4)

.rela.dyn       0x000000000000a758        0x0
 .rela.init     0x000000000000a758        0x0 ./User/air.o
 .rela.vector   0x000000000000a758        0x0 ./User/air.o
 .rela.text.handle_reset
                0x000000000000a758        0x0 ./User/air.o
 .rela.text._sbrk
                0x000000000000a758        0x0 ./User/air.o
 .rela.sdata.curbrk.0
                0x000000000000a758        0x0 ./User/air.o
 .rela.text._svfprintf_r
                0x000000000000a758        0x0 ./User/air.o
 .rela.text._vfprintf_r
                0x000000000000a758        0x0 ./User/air.o

.fini           0x000000000000a758        0x0
 *(SORT_NONE(.fini))
                0x000000000000a758                . = ALIGN (0x4)
                [!provide]                        PROVIDE (_etext = .)
                [!provide]                        PROVIDE (_eitcm = .)

.preinit_array  0x000000000000a758        0x0
                [!provide]                        PROVIDE (__preinit_array_start = .)
 *(.preinit_array)
                [!provide]                        PROVIDE (__preinit_array_end = .)

.init_array     0x000000000000a758        0x0
                [!provide]                        PROVIDE (__init_array_start = .)
 *(SORT_BY_INIT_PRIORITY(.init_array.*) SORT_BY_INIT_PRIORITY(.ctors.*))
 *(.init_array EXCLUDE_FILE(*crtend?.o *crtend.o *crtbegin?.o *crtbegin.o) .ctors)
                [!provide]                        PROVIDE (__init_array_end = .)

.fini_array     0x000000000000a758        0x0
                [!provide]                        PROVIDE (__fini_array_start = .)
 *(SORT_BY_INIT_PRIORITY(.fini_array.*) SORT_BY_INIT_PRIORITY(.dtors.*))
 *(.fini_array EXCLUDE_FILE(*crtend?.o *crtend.o *crtbegin?.o *crtbegin.o) .dtors)
                [!provide]                        PROVIDE (__fini_array_end = .)

.ctors
 *crtbegin.o(.ctors)
 *crtbegin?.o(.ctors)
 *(EXCLUDE_FILE(*crtend?.o *crtend.o) .ctors)
 *(SORT_BY_NAME(.ctors.*))
 *(.ctors)

.dtors
 *crtbegin.o(.dtors)
 *crtbegin?.o(.dtors)
 *(EXCLUDE_FILE(*crtend?.o *crtend.o) .dtors)
 *(SORT_BY_NAME(.dtors.*))
 *(.dtors)

.dalign         0x0000000020000000        0x0 load address 0x000000000000a758
                0x0000000020000000                . = ALIGN (0x4)
                0x0000000020000000                PROVIDE (_data_vma = .)

.dlalign        0x000000000000a758        0x0
                0x000000000000a758                . = ALIGN (0x4)
                0x000000000000a758                PROVIDE (_data_lma = .)

.data           0x0000000020000000      0x20c load address 0x000000000000a758
 *(.gnu.linkonce.r.*)
 *(.data .data.*)
 .data.at_cmd   0x0000000020000000       0x40 ./User/air.o
                0x0000000020000000                at_cmd
 .data.all_color
                0x0000000020000040       0x10 ./User/lcd.o
                0x0000000020000040                all_color
 .data.AHBPrescTable
                0x0000000020000050       0x10 ./User/system_ch32v30x.o
                0x0000000020000050                AHBPrescTable
 .data.APBAHBPrescTable
                0x0000000020000060       0x10 ./Peripheral/src/ch32v30x_rcc.o
 .data.impure_data
                0x0000000020000070       0x60 /home/alarm/Downloads/RISC-V/MRS240/MRS-linux-x64/resources/app/resources/linux/components/WCH/Toolchain/RISC-V Embedded GCC12/bin/../lib/gcc/riscv-wch-elf/12.2.0/../../../../riscv-wch-elf/lib/libg_nano.a(lib_a-impure.o)
 *(.gnu.linkonce.d.*)
                0x00000000200000d0                . = ALIGN (0x8)
                0x00000000200008d0                PROVIDE (__global_pointer$ = (. + 0x800))
 *(.sdata .sdata.*)
 .sdata.air_ack_wait
                0x00000000200000d0        0x1 ./User/air.o
                0x00000000200000d0                air_ack_wait
 *fill*         0x00000000200000d1        0x3 
 .sdata.pic_info
                0x00000000200000d4        0x8 ./User/fmram.o
                0x00000000200000d4                pic_info
 .sdata.blk_addr
                0x00000000200000dc        0x4 ./User/func.o
                0x00000000200000dc                blk_addr
 .sdata.portFMRAM
                0x00000000200000e0        0x4 ./User/func.o
                0x00000000200000e0                portFMRAM
 .sdata.adc_channel
                0x00000000200000e4        0x1 ./User/func.o
                0x00000000200000e4                adc_channel
 *fill*         0x00000000200000e5        0x3 
 .sdata.temp    0x00000000200000e8        0x4 ./User/func.o
                0x00000000200000e8                temp
 .sdata.vcc     0x00000000200000ec        0x4 ./User/func.o
                0x00000000200000ec                vcc
 .sdata.psc     0x00000000200000f0        0x2 ./User/func.o
                0x00000000200000f0                psc
 .sdata.arr     0x00000000200000f2        0x2 ./User/func.o
                0x00000000200000f2                arr
 .sdata.TZ      0x00000000200000f4        0x4 ./User/func.o
                0x00000000200000f4                TZ
 .sdata.epoch   0x00000000200000f8        0x4 ./User/func.o
                0x00000000200000f8                epoch
 .sdata.evt     0x00000000200000fc        0x4 ./User/func.o
                0x00000000200000fc                evt
 .sdata.eol     0x0000000020000100        0x4 ./User/func.o
                0x0000000020000100                eol
 .sdata.ver     0x0000000020000104        0x4 ./User/func.o
                0x0000000020000104                ver
 .sdata.i2cPort
                0x0000000020000108        0x4 ./User/i2c.o
                0x0000000020000108                i2cPort
 .sdata.midFont
                0x000000002000010c        0x4 ./User/lcd.o
                0x000000002000010c                midFont
 .sdata.bigFont
                0x0000000020000110        0x4 ./User/lcd.o
                0x0000000020000110                bigFont
 .sdata.portLCD
                0x0000000020000114        0x4 ./User/lcd.o
                0x0000000020000114                portLCD
 .sdata.SystemCoreClock
                0x0000000020000118        0x4 ./User/system_ch32v30x.o
                0x0000000020000118                SystemCoreClock
 .sdata.ADCPrescTable
                0x000000002000011c        0x4 ./Peripheral/src/ch32v30x_rcc.o
 .sdata.curbrk.0
                0x0000000020000120        0x4 ./Debug/debug.o
 .sdata.IRQ_DBG
                0x0000000020000124        0x4 ./Debug/debug.o
                0x0000000020000124                IRQ_DBG
 .sdata.portLog
                0x0000000020000128        0x4 ./Debug/debug.o
                0x0000000020000128                portLog
 .sdata._impure_ptr
                0x000000002000012c        0x4 /home/alarm/Downloads/RISC-V/MRS240/MRS-linux-x64/resources/app/resources/linux/components/WCH/Toolchain/RISC-V Embedded GCC12/bin/../lib/gcc/riscv-wch-elf/12.2.0/../../../../riscv-wch-elf/lib/libg_nano.a(lib_a-impure.o)
                0x000000002000012c                _impure_ptr
 *(.sdata2.*)
 *(.gnu.linkonce.s.*)
                0x0000000020000130                . = ALIGN (0x8)
 *(.srodata.cst16)
 *(.srodata.cst8)
 .srodata.cst8  0x0000000020000130       0xc0 ./User/i2c.o
 *(.srodata.cst4)
 .srodata.cst4  0x00000000200001f0        0x4 ./User/func.o
 .srodata.cst4  0x00000000200001f4        0x4 ./Peripheral/src/ch32v30x_adc.o
 *(.srodata.cst2)
 *(.srodata .srodata.*)
 .srodata.Font_16x26
                0x00000000200001f8        0x8 ./User/fonts.o
                0x00000000200001f8                Font_16x26
 .srodata.Font_11x18
                0x0000000020000200        0x8 ./User/fonts.o
                0x0000000020000200                Font_11x18
 .srodata._global_impure_ptr
                0x0000000020000208        0x4 /home/alarm/Downloads/RISC-V/MRS240/MRS-linux-x64/resources/app/resources/linux/components/WCH/Toolchain/RISC-V Embedded GCC12/bin/../lib/gcc/riscv-wch-elf/12.2.0/../../../../riscv-wch-elf/lib/libg_nano.a(lib_a-impure.o)
                0x0000000020000208                _global_impure_ptr
                0x000000002000020c                . = ALIGN (0x4)
                0x000000002000020c                PROVIDE (_edata = .)

.bss            0x000000002000020c      0x340 load address 0x000000000000a964
                0x000000002000020c                . = ALIGN (0x4)
                0x000000002000020c                PROVIDE (_sbss = .)
 *(.sbss*)
 .sbss.txDoneFlagAir
                0x000000002000020c        0x1 ./User/air.o
                0x000000002000020c                txDoneFlagAir
 *fill*         0x000000002000020d        0x1 
 .sbss.RxAirCnt
                0x000000002000020e        0x2 ./User/air.o
                0x000000002000020e                RxAirCnt
 .sbss.fm_adr_time
                0x0000000020000210        0x4 ./User/fmram.o
                0x0000000020000210                fm_adr_time
 .sbss.blk_mem  0x0000000020000214        0x4 ./User/func.o
                0x0000000020000214                blk_mem
 .sbss.fm_deep  0x0000000020000218        0x4 ./User/func.o
                0x0000000020000218                fm_deep
 .sbss.fm_id    0x000000002000021c        0x2 ./User/func.o
                0x000000002000021c                fm_id
 .sbss.sensReady
                0x000000002000021e        0x1 ./User/func.o
                0x000000002000021e                sensReady
 .sbss.sid      0x000000002000021f        0x1 ./User/func.o
                0x000000002000021f                sid
 .sbss.bmp280_ok
                0x0000000020000220        0x1 ./User/func.o
                0x0000000020000220                bmp280_ok
 .sbss.item_adc
                0x0000000020000221        0x1 ./User/func.o
                0x0000000020000221                item_adc
 .sbss.adc_mode
                0x0000000020000222        0x1 ./User/func.o
                0x0000000020000222                adc_mode
 *fill*         0x0000000020000223        0x1 
 .sbss.Calibrattion_Val
                0x0000000020000224        0x2 ./User/func.o
                0x0000000020000224                Calibrattion_Val
 .sbss.rf_flag  0x0000000020000226        0x1 ./User/func.o
                0x0000000020000226                rf_flag
 *fill*         0x0000000020000227        0x1 
 .sbss.crc_fm   0x0000000020000228        0x4 ./User/func.o
                0x0000000020000228                crc_fm
 .sbss.crc_pic  0x000000002000022c        0x4 ./User/func.o
                0x000000002000022c                crc_pic
 .sbss.led      0x0000000020000230        0x4 ./User/func.o
                0x0000000020000230                led
 .sbss.cid      0x0000000020000234        0x4 ./User/func.o
                0x0000000020000234                cid
 .sbss.seconda  0x0000000020000238        0x4 ./User/func.o
                0x0000000020000238                seconda
 .sbss._ms      0x000000002000023c        0x4 ./User/func.o
                0x000000002000023c                _ms
 .sbss.queFlag  0x0000000020000240        0x1 ./User/func.o
                0x0000000020000240                queFlag
 .sbss.again_flag
                0x0000000020000241        0x1 ./User/func.o
                0x0000000020000241                again_flag
 *fill*         0x0000000020000242        0x2 
 .sbss.regs     0x0000000020000244        0x4 ./User/i2c.o
                0x0000000020000244                regs
 .sbss.gImage_test
                0x0000000020000248        0x4 ./User/lcd.o
                0x0000000020000248                gImage_test
 .sbss.daycnt.0
                0x000000002000024c        0x2 ./User/rtc.o
 .sbss.rtc_err  0x000000002000024e        0x1 ./User/rtc.o
                0x000000002000024e                rtc_err
 *fill*         0x000000002000024f        0x1 
 .sbss.NVIC_Priority_Group
                0x0000000020000250        0x4 ./Peripheral/src/ch32v30x_misc.o
                0x0000000020000250                NVIC_Priority_Group
 .sbss.RxCnt    0x0000000020000254        0x1 ./Debug/debug.o
                0x0000000020000254                RxCnt
 *fill*         0x0000000020000255        0x1 
 .sbss.p_ms     0x0000000020000256        0x2 ./Debug/debug.o
 .sbss.p_us     0x0000000020000258        0x1 ./Debug/debug.o
 *fill*         0x0000000020000259        0x3 
 .sbss.__malloc_sbrk_start
                0x000000002000025c        0x4 /home/alarm/Downloads/RISC-V/MRS240/MRS-linux-x64/resources/app/resources/linux/components/WCH/Toolchain/RISC-V Embedded GCC12/bin/../lib/gcc/riscv-wch-elf/12.2.0/../../../../riscv-wch-elf/lib/libg_nano.a(lib_a-nano-mallocr.o)
                0x000000002000025c                __malloc_sbrk_start
 .sbss.__malloc_free_list
                0x0000000020000260        0x4 /home/alarm/Downloads/RISC-V/MRS240/MRS-linux-x64/resources/app/resources/linux/components/WCH/Toolchain/RISC-V Embedded GCC12/bin/../lib/gcc/riscv-wch-elf/12.2.0/../../../../riscv-wch-elf/lib/libg_nano.a(lib_a-nano-mallocr.o)
                0x0000000020000260                __malloc_free_list
 .sbss.__lock___malloc_recursive_mutex
                0x0000000020000264        0x1 /home/alarm/Downloads/RISC-V/MRS240/MRS-linux-x64/resources/app/resources/linux/components/WCH/Toolchain/RISC-V Embedded GCC12/bin/../lib/gcc/riscv-wch-elf/12.2.0/../../../../riscv-wch-elf/lib/libg_nano.a(lib_a-lock.o)
                0x0000000020000264                __lock___malloc_recursive_mutex
 *fill*         0x0000000020000265        0x3 
 .sbss.__lock___sfp_recursive_mutex
                0x0000000020000268        0x1 /home/alarm/Downloads/RISC-V/MRS240/MRS-linux-x64/resources/app/resources/linux/components/WCH/Toolchain/RISC-V Embedded GCC12/bin/../lib/gcc/riscv-wch-elf/12.2.0/../../../../riscv-wch-elf/lib/libg_nano.a(lib_a-lock.o)
                0x0000000020000268                __lock___sfp_recursive_mutex
 *fill*         0x0000000020000269        0x3 
 .sbss.__lock___sinit_recursive_mutex
                0x000000002000026c        0x1 /home/alarm/Downloads/RISC-V/MRS240/MRS-linux-x64/resources/app/resources/linux/components/WCH/Toolchain/RISC-V Embedded GCC12/bin/../lib/gcc/riscv-wch-elf/12.2.0/../../../../riscv-wch-elf/lib/libg_nano.a(lib_a-lock.o)
                0x000000002000026c                __lock___sinit_recursive_mutex
 *fill*         0x000000002000026d        0x3 
 .sbss.errno    0x0000000020000270        0x4 /home/alarm/Downloads/RISC-V/MRS240/MRS-linux-x64/resources/app/resources/linux/components/WCH/Toolchain/RISC-V Embedded GCC12/bin/../lib/gcc/riscv-wch-elf/12.2.0/../../../../riscv-wch-elf/lib/libg_nano.a(lib_a-reent.o)
                0x0000000020000270                errno
 *(.gnu.linkonce.sb.*)
 *(.bss*)
 .bss.RxAirBuf  0x0000000020000274      0x100 ./User/air.o
                0x0000000020000274                RxAirBuf
 .bss.adcBuf    0x0000000020000374       0x10 ./User/func.o
                0x0000000020000374                adcBuf
 .bss.que       0x0000000020000384       0xf2 ./User/func.o
                0x0000000020000384                que
 *fill*         0x0000000020000476        0x2 
 .bss.getBuffer
                0x0000000020000478       0x40 ./User/func.o
                0x0000000020000478                getBuffer
 .bss.bmx_data  0x00000000200004b8       0x18 ./User/i2c.o
                0x00000000200004b8                bmx_data
 .bss.calib     0x00000000200004d0       0x24 ./User/i2c.o
 .bss.sens      0x00000000200004f4        0xc ./User/i2c.o
                0x00000000200004f4                sens
 .bss.calendar  0x0000000020000500        0xa ./User/rtc.o
                0x0000000020000500                calendar
 *fill*         0x000000002000050a        0x2 
 .bss.RxBuffer  0x000000002000050c       0x40 ./Debug/debug.o
                0x000000002000050c                RxBuffer
 *(.gnu.linkonce.b.*)
 *(COMMON*)
                0x000000002000054c                . = ALIGN (0x4)
                0x000000002000054c                PROVIDE (_ebss = .)
                0x000000002000054c                PROVIDE (_end = _ebss)
                [!provide]                        PROVIDE (end = .)

.stack          0x0000000020007800      0x800
                0x0000000020007800                PROVIDE (_heap_end = .)
                0x0000000020007800                . = ALIGN (0x4)
                [!provide]                        PROVIDE (_susrstack = .)
                0x0000000020008000                . = (. + __stack_size)
 *fill*         0x0000000020007800      0x800 
                0x0000000020008000                PROVIDE (_eusrstack = .)
OUTPUT(testCH32V305.elf elf32-littleriscv)

.debug_info     0x0000000000000000    0x128d8
 .debug_info    0x0000000000000000      0xcea ./User/air.o
 .debug_info    0x0000000000000cea      0x421 ./User/ch32v30x_it.o
 .debug_info    0x000000000000110b     0x1042 ./User/fmram.o
 .debug_info    0x000000000000214d      0x1cb ./User/fonts.o
 .debug_info    0x0000000000002318     0x21f5 ./User/func.o
 .debug_info    0x000000000000450d     0x142f ./User/i2c.o
 .debug_info    0x000000000000593c     0x1e50 ./User/lcd.o
 .debug_info    0x000000000000778c     0x1998 ./User/main.o
 .debug_info    0x0000000000009124      0xb86 ./User/rtc.o
 .debug_info    0x0000000000009caa      0x2ef ./User/system_ch32v30x.o
 .debug_info    0x0000000000009f99       0x23 ./Startup/startup_ch32v30x_D8C.o
 .debug_info    0x0000000000009fbc      0xd96 ./Peripheral/src/ch32v30x_adc.o
 .debug_info    0x000000000000ad52      0x79c ./Peripheral/src/ch32v30x_bkp.o
 .debug_info    0x000000000000b4ee      0x1d2 ./Peripheral/src/ch32v30x_dbgmcu.o
 .debug_info    0x000000000000b6c0      0x965 ./Peripheral/src/ch32v30x_gpio.o
 .debug_info    0x000000000000c025      0xb23 ./Peripheral/src/ch32v30x_i2c.o
 .debug_info    0x000000000000cb48      0x688 ./Peripheral/src/ch32v30x_misc.o
 .debug_info    0x000000000000d1d0      0x6ec ./Peripheral/src/ch32v30x_pwr.o
 .debug_info    0x000000000000d8bc      0xbef ./Peripheral/src/ch32v30x_rcc.o
 .debug_info    0x000000000000e4ab      0x4e1 ./Peripheral/src/ch32v30x_rtc.o
 .debug_info    0x000000000000e98c      0x99b ./Peripheral/src/ch32v30x_spi.o
 .debug_info    0x000000000000f327     0x1f81 ./Peripheral/src/ch32v30x_tim.o
 .debug_info    0x00000000000112a8      0xa8b ./Peripheral/src/ch32v30x_usart.o
 .debug_info    0x0000000000011d33      0xba5 ./Debug/debug.o

.debug_abbrev   0x0000000000000000     0x39eb
 .debug_abbrev  0x0000000000000000      0x25e ./User/air.o
 .debug_abbrev  0x000000000000025e      0x1b0 ./User/ch32v30x_it.o
 .debug_abbrev  0x000000000000040e      0x2e4 ./User/fmram.o
 .debug_abbrev  0x00000000000006f2       0xc8 ./User/fonts.o
 .debug_abbrev  0x00000000000007ba      0x531 ./User/func.o
 .debug_abbrev  0x0000000000000ceb      0x3a8 ./User/i2c.o
 .debug_abbrev  0x0000000000001093      0x41d ./User/lcd.o
 .debug_abbrev  0x00000000000014b0      0x345 ./User/main.o
 .debug_abbrev  0x00000000000017f5      0x31c ./User/rtc.o
 .debug_abbrev  0x0000000000001b11      0x196 ./User/system_ch32v30x.o
 .debug_abbrev  0x0000000000001ca7       0x12 ./Startup/startup_ch32v30x_D8C.o
 .debug_abbrev  0x0000000000001cb9      0x27b ./Peripheral/src/ch32v30x_adc.o
 .debug_abbrev  0x0000000000001f34      0x1ca ./Peripheral/src/ch32v30x_bkp.o
 .debug_abbrev  0x00000000000020fe      0x170 ./Peripheral/src/ch32v30x_dbgmcu.o
 .debug_abbrev  0x000000000000226e      0x238 ./Peripheral/src/ch32v30x_gpio.o
 .debug_abbrev  0x00000000000024a6      0x289 ./Peripheral/src/ch32v30x_i2c.o
 .debug_abbrev  0x000000000000272f      0x1b9 ./Peripheral/src/ch32v30x_misc.o
 .debug_abbrev  0x00000000000028e8      0x2ae ./Peripheral/src/ch32v30x_pwr.o
 .debug_abbrev  0x0000000000002b96      0x250 ./Peripheral/src/ch32v30x_rcc.o
 .debug_abbrev  0x0000000000002de6      0x1c3 ./Peripheral/src/ch32v30x_rtc.o
 .debug_abbrev  0x0000000000002fa9      0x219 ./Peripheral/src/ch32v30x_spi.o
 .debug_abbrev  0x00000000000031c2      0x316 ./Peripheral/src/ch32v30x_tim.o
 .debug_abbrev  0x00000000000034d8      0x20a ./Peripheral/src/ch32v30x_usart.o
 .debug_abbrev  0x00000000000036e2      0x309 ./Debug/debug.o

.debug_loclists
                0x0000000000000000     0x70c7
 .debug_loclists
                0x0000000000000000      0x224 ./User/air.o
 .debug_loclists
                0x0000000000000224       0x24 ./User/ch32v30x_it.o
 .debug_loclists
                0x0000000000000248      0x4f1 ./User/fmram.o
 .debug_loclists
                0x0000000000000739      0x5df ./User/func.o
 .debug_loclists
                0x0000000000000d18      0x6a9 ./User/i2c.o
 .debug_loclists
                0x00000000000013c1      0xbb6 ./User/lcd.o
 .debug_loclists
                0x0000000000001f77      0x6ec ./User/main.o
 .debug_loclists
                0x0000000000002663      0x476 ./User/rtc.o
 .debug_loclists
                0x0000000000002ad9      0x198 ./User/system_ch32v30x.o
 .debug_loclists
                0x0000000000002c71      0x933 ./Peripheral/src/ch32v30x_adc.o
 .debug_loclists
                0x00000000000035a4       0x95 ./Peripheral/src/ch32v30x_bkp.o
 .debug_loclists
                0x0000000000003639       0x6c ./Peripheral/src/ch32v30x_dbgmcu.o
 .debug_loclists
                0x00000000000036a5      0x90b ./Peripheral/src/ch32v30x_gpio.o
 .debug_loclists
                0x0000000000003fb0      0x5ee ./Peripheral/src/ch32v30x_i2c.o
 .debug_loclists
                0x000000000000459e       0x51 ./Peripheral/src/ch32v30x_misc.o
 .debug_loclists
                0x00000000000045ef      0x1e2 ./Peripheral/src/ch32v30x_pwr.o
 .debug_loclists
                0x00000000000047d1      0x807 ./Peripheral/src/ch32v30x_rcc.o
 .debug_loclists
                0x0000000000004fd8      0x2f3 ./Peripheral/src/ch32v30x_rtc.o
 .debug_loclists
                0x00000000000052cb      0x4e3 ./Peripheral/src/ch32v30x_spi.o
 .debug_loclists
                0x00000000000057ae     0x1137 ./Peripheral/src/ch32v30x_tim.o
 .debug_loclists
                0x00000000000068e5      0x662 ./Peripheral/src/ch32v30x_usart.o
 .debug_loclists
                0x0000000000006f47      0x180 ./Debug/debug.o

.debug_aranges  0x0000000000000000      0xfa0
 .debug_aranges
                0x0000000000000000       0x38 ./User/air.o
 .debug_aranges
                0x0000000000000038       0x28 ./User/ch32v30x_it.o
 .debug_aranges
                0x0000000000000060       0x98 ./User/fmram.o
 .debug_aranges
                0x00000000000000f8       0x18 ./User/fonts.o
 .debug_aranges
                0x0000000000000110       0xe8 ./User/func.o
 .debug_aranges
                0x00000000000001f8       0x58 ./User/i2c.o
 .debug_aranges
                0x0000000000000250       0xc8 ./User/lcd.o
 .debug_aranges
                0x0000000000000318       0x20 ./User/main.o
 .debug_aranges
                0x0000000000000338       0x58 ./User/rtc.o
 .debug_aranges
                0x0000000000000390       0x28 ./User/system_ch32v30x.o
 .debug_aranges
                0x00000000000003b8       0x30 ./Startup/startup_ch32v30x_D8C.o
 .debug_aranges
                0x00000000000003e8      0x150 ./Peripheral/src/ch32v30x_adc.o
 .debug_aranges
                0x0000000000000538       0x78 ./Peripheral/src/ch32v30x_bkp.o
 .debug_aranges
                0x00000000000005b0       0x48 ./Peripheral/src/ch32v30x_dbgmcu.o
 .debug_aranges
                0x00000000000005f8       0xb0 ./Peripheral/src/ch32v30x_gpio.o
 .debug_aranges
                0x00000000000006a8      0x120 ./Peripheral/src/ch32v30x_i2c.o
 .debug_aranges
                0x00000000000007c8       0x28 ./Peripheral/src/ch32v30x_misc.o
 .debug_aranges
                0x00000000000007f0       0x88 ./Peripheral/src/ch32v30x_pwr.o
 .debug_aranges
                0x0000000000000878      0x1a8 ./Peripheral/src/ch32v30x_rcc.o
 .debug_aranges
                0x0000000000000a20       0x88 ./Peripheral/src/ch32v30x_rtc.o
 .debug_aranges
                0x0000000000000aa8       0xd0 ./Peripheral/src/ch32v30x_spi.o
 .debug_aranges
                0x0000000000000b78      0x2e0 ./Peripheral/src/ch32v30x_tim.o
 .debug_aranges
                0x0000000000000e58       0xf0 ./Peripheral/src/ch32v30x_usart.o
 .debug_aranges
                0x0000000000000f48       0x58 ./Debug/debug.o

.debug_rnglists
                0x0000000000000000     0x1381
 .debug_rnglists
                0x0000000000000000       0x7c ./User/air.o
 .debug_rnglists
                0x000000000000007c       0x44 ./User/ch32v30x_it.o
 .debug_rnglists
                0x00000000000000c0       0xfc ./User/fmram.o
 .debug_rnglists
                0x00000000000001bc      0x156 ./User/func.o
 .debug_rnglists
                0x0000000000000312       0x8e ./User/i2c.o
 .debug_rnglists
                0x00000000000003a0      0x20a ./User/lcd.o
 .debug_rnglists
                0x00000000000005aa       0x29 ./User/main.o
 .debug_rnglists